--------- beginning of system
11-11 15:19:03.681  1720  1803 W BroadcastQueue: Background execution not allowed: receiving Intent { act=android.intent.action.PACKAGE_REMOVED dat=package:com.example.benchmark.ui flg=0x4000010 (has extras) } to com.google.android.googlequicksearchbox/com.google.android.apps.gsa.googlequicksearchbox.GelStubAppWatcher
--------- beginning of main
11-11 15:19:03.683  1720  1720 W ResourceType: ResTable_typeSpec entry count inconsistent: given 67, previously 69
11-11 15:19:03.687  1720  2002 I InputReader: Reconfiguring input devices.  changes=0x00000010
11-11 15:19:03.693  1720  1720 W ResourceType: ResTable_typeSpec entry count inconsistent: given 12, previously 14
11-11 15:19:03.694  1720  1720 W ResourceType: ResTable_typeSpec entry count inconsistent: given 965, previously 973
11-11 15:19:03.694  1720  1720 W ResourceType: ResTable_typeSpec entry count inconsistent: given 499, previously 1726
11-11 15:19:03.694  1720  1720 W ResourceType: ResTable_typeSpec entry count inconsistent: given 314, previously 1985
11-11 15:19:03.707  1720  1720 W ResourceType: ResTable_typeSpec entry count inconsistent: given 85, previously 89
11-11 15:19:03.707  1720  1720 W ResourceType: ResTable_typeSpec entry count inconsistent: given 1645, previously 3015
11-11 15:19:03.708  1720  1720 W ResourceType: ResTable_typeSpec entry count inconsistent: given 3023, previously 3015
11-11 15:19:03.708  1720  1720 W ResourceType: ResTable_typeSpec entry count inconsistent: given 1963, previously 5553
11-11 15:19:03.708  1720  1720 W ResourceType: ResTable_typeSpec entry count inconsistent: given 465, previously 3050
11-11 15:19:03.712  1720  1720 W ResourceType: For resource 0x7f150f3d, entry index(3901) is beyond type entryCount(1963)
11-11 15:19:03.712  1720  1720 W ResourceType: For resource 0x7f08099a, entry index(2458) is beyond type entryCount(1645)
11-11 15:19:03.712  1720  1720 W ResourceType: For resource 0x7f15081d, entry index(2077) is beyond type entryCount(1963)
11-11 15:19:03.713  1720  1720 W ResourceType: For resource 0x7f08099a, entry index(2458) is beyond type entryCount(1645)
11-11 15:19:03.713  1720  1720 W ResourceType: For resource 0x7f150a78, entry index(2680) is beyond type entryCount(1963)
11-11 15:19:03.713  1720  1720 W ResourceType: For resource 0x7f08099a, entry index(2458) is beyond type entryCount(1645)
11-11 15:19:03.726  3072 10608 I BlockstoreStorage: Clearing all the Blockstore Data for package com.example.benchmark.ui [CONTEXT service_id=258 ]
11-11 15:19:03.726  3072 10608 I BlockstoreStorage: Clearing all the Blockstore Data for 1 packages [CONTEXT service_id=258 ]
11-11 15:19:03.731  1720  1720 I ConditionProviders: Disallowing condition provider com.example.benchmark.ui
11-11 15:19:03.734  2393  2393 D CarrierSvcBindHelper: No carrier app for: 0
11-11 15:19:03.736  2393  2393 D CarrierSvcBindHelper: No carrier app for: 1
11-11 15:19:03.736  3866  3866 I Finsky  : [2] srb.i(0): PackageMonitorReceiverImpl - Received: android.intent.action.PACKAGE_REMOVED, [JF20n1J35jRbh7IQmwRe7qqQrIzrjGooDojaNyCHwQ8]
11-11 15:19:03.737  3866  3866 I Finsky  : [2] srz.n(8): Invalidating cached PackageState for com.example.benchmark.ui
11-11 15:19:03.740  3866  3866 I Finsky  : [2] srz.s(3): Package no longer installed: com.example.benchmark.ui
11-11 15:19:03.743  1720  1802 W ResourceType: ResTable_typeSpec entry count inconsistent: given 67, previously 69
11-11 15:19:03.747  2393  2393 E VvmPkgInstalledRcvr: cannot create TelephonyManager from ComponentInfo{com.android.phone/com.android.services.telephony.TelephonyConnectionService}, [****], UserHandle{0}
11-11 15:19:03.748  1720  1720 W ResourceType: ResTable_typeSpec entry count inconsistent: given 15, previously 26
11-11 15:19:03.751  3866  3866 I Finsky  : [2] xin.a(8): Clearing split related stale data.
11-11 15:19:03.752  1720  1720 W ResourceType: ResTable_typeSpec entry count inconsistent: given 763, previously 1740
11-11 15:19:03.752  1720  1720 W ResourceType: ResTable_typeSpec entry count inconsistent: given 1307, previously 1306
11-11 15:19:03.752  1720  1720 W ResourceType: ResTable_typeSpec entry count inconsistent: given 348, previously 2447
11-11 15:19:03.755  1720  1802 W ResourceType: ResTable_typeSpec entry count inconsistent: given 2848, previously 2851
11-11 15:19:03.759  1720  1802 W ResourceType: ResTable_typeSpec entry count inconsistent: given 2888, previously 2891
11-11 15:19:03.759  1720  1802 W ResourceType: ResTable_typeSpec entry count inconsistent: given 338, previously 2111
11-11 15:19:03.761  3866  3866 I Finsky  : [2] afbn.c(3): Do not start WearSupportService due to Wear service optimization
11-11 15:19:03.767  1720  1720 W ResourceType: For resource 0x7f15135b, entry index(4955) is beyond type entryCount(1963)
11-11 15:19:03.769  1720  1720 W ResourceType: For resource 0x7f15135c, entry index(4956) is beyond type entryCount(1963)
11-11 15:19:03.775  2632 10615 I Fitness : FitCleanupIntentOperation received Intent android.intent.action.PACKAGE_REMOVED [CONTEXT service_id=17 ]
11-11 15:19:03.778  3866  3972 I Finsky  : [201] fws.a(5): AIM: AppInfoManager-Perf > OnDeviceAppInfo > cacheHitCount=0, cacheMissCount=1. Missed  in cache (limit 10) : [com.example.benchmark.ui]
11-11 15:19:03.781  3866  3866 I Finsky  : [2] srz.s(3): Package no longer installed: com.example.benchmark.ui
11-11 15:19:03.783  3866  3866 E Finsky  : [2] xlm.b(5): STU: Failed to get status for package 'com.example.benchmark.ui' (1601)
11-11 15:19:03.783  3866  3866 E Finsky  : android.content.pm.PackageManager$NameNotFoundException: com.example.benchmark.ui
11-11 15:19:03.783  3866  3866 E Finsky  : 	at java.lang.reflect.Constructor.newInstance0(Native Method)
11-11 15:19:03.783  3866  3866 E Finsky  : 	at java.lang.reflect.Constructor.newInstance(Constructor.java:334)
11-11 15:19:03.783  3866  3866 E Finsky  : 	at android.os.ParcelableException.readFromParcel(ParcelableException.java:56)
11-11 15:19:03.783  3866  3866 E Finsky  : 	at android.os.ParcelableException$1.createFromParcel(ParcelableException.java:82)
11-11 15:19:03.783  3866  3866 E Finsky  : 	at android.os.ParcelableException$1.createFromParcel(ParcelableException.java:80)
11-11 15:19:03.783  3866  3866 E Finsky  : 	at android.os.Parcel.readParcelable(Parcel.java:2860)
11-11 15:19:03.783  3866  3866 E Finsky  : 	at android.os.Parcel.readException(Parcel.java:2008)
11-11 15:19:03.783  3866  3866 E Finsky  : 	at android.os.Parcel.readException(Parcel.java:1959)
11-11 15:19:03.783  3866  3866 E Finsky  : 	at android.app.usage.IStorageStatsManager$Stub$Proxy.queryStatsForPackage(IStorageStatsManager.java:316)
11-11 15:19:03.783  3866  3866 E Finsky  : 	at android.app.usage.StorageStatsManager.queryStatsForPackage(StorageStatsManager.java:198)
11-11 15:19:03.783  3866  3866 E Finsky  : 	at ssj.run(PG:3)
11-11 15:19:03.783  3866  3866 E Finsky  : 	at android.os.Handler.handleCallback(Handler.java:790)
11-11 15:19:03.783  3866  3866 E Finsky  : 	at android.os.Handler.dispatchMessage(Handler.java:99)
11-11 15:19:03.783  3866  3866 E Finsky  : 	at android.os.Looper.loop(Looper.java:164)
11-11 15:19:03.783  3866  3866 E Finsky  : 	at android.os.HandlerThread.run(HandlerThread.java:65)
11-11 15:19:03.784  3866  3866 E Finsky  : [2] xlm.b(8): STU: Error getting stats
11-11 15:19:03.786  3866 10420 I Finsky  : [476] gto.b(32): [ContentSync] finished, scheduled=false
11-11 15:19:03.788  3866  3969 I Finsky  : [198] fws.a(5): AIM: AppInfoManager-Perf > OnDeviceAppInfo > cacheHitCount=1, cacheMissCount=0. Missed  in cache (limit 10) : []
11-11 15:19:03.774  3866 10412 I Finsky  : [474] gky.accept(26): Asset module storage cleared for package com.example.benchmark.ui.
11-11 15:19:03.801  3072 10407 I Icing   : doRemovePackageData com.example.benchmark.ui
11-11 15:19:03.803  3866 10395 I Finsky  : [467] ezx.run(6): Frosting DB delete succeeded: true
11-11 15:19:03.805  3866 10395 I Finsky  : [467] ezx.run(6): Frosting DB delete succeeded: false
11-11 15:19:03.807  3866  3866 I Finsky  : [2] srb.i(0): PackageMonitorReceiverImpl - Received: android.intent.action.PACKAGE_FULLY_REMOVED, [JF20n1J35jRbh7IQmwRe7qqQrIzrjGooDojaNyCHwQ8]
11-11 15:19:03.808  3866  3866 I Finsky  : [2] srz.n(8): Invalidating cached PackageState for com.example.benchmark.ui
11-11 15:19:03.809  3866  3866 I Finsky  : [2] srz.s(3): Package no longer installed: com.example.benchmark.ui
11-11 15:19:03.811  3866  3866 I Finsky  : [2] srb.i(0): PackageMonitorReceiverImpl - Deduping intent android.intent.action.PACKAGE_FULLY_REMOVED
11-11 15:19:03.814  3866 10395 I Finsky  : [467] ezx.run(6): Frosting DB delete succeeded: false
11-11 15:19:03.846  3072 10407 I Icing   : Indexing com.google.android.gms-apps from com.google.android.gms
11-11 15:19:03.848  3072  3072 D BoundBrokerSvc: onBind: Intent { act=com.google.android.gms.common.BIND_SHARED_PREFS pkg=com.google.android.gms }
11-11 15:19:03.848  3072  3072 D BoundBrokerSvc: Loading bound service for intent: Intent { act=com.google.android.gms.common.BIND_SHARED_PREFS pkg=com.google.android.gms }
11-11 15:19:03.851  3072  8268 I Icing   : Indexing done com.google.android.gms-apps
11-11 15:19:03.854  3072  3072 D BoundBrokerSvc: onUnbind: Intent { act=com.google.android.gms.common.BIND_SHARED_PREFS pkg=com.google.android.gms }
11-11 15:19:03.859  2860 10557 I A       : soft deleting data for DEVICE_INSTALLED_APPS [CONTEXT ratelimit_period="100 MILLISECONDS" ]
11-11 15:19:03.864  2860 10557 I DeviceAppInfoWork: refreshDeviceAppInfoForAccount done.
11-11 15:19:03.865  2860 10557 I A       : Performing deletion propagation for Geller data.
11-11 15:19:03.868  3866  3961 I Finsky  : [193] fwi.a(11): AIM: AppInfoManager-Perf > ItemModel > CacheSize=36, cacheHitCount=0, cacheMissCount=0, total appsWithNoServerDataCount=1. Missed  in cache (limit 10) : []
11-11 15:19:03.872  3866  3973 I Finsky  : [202] fln.accept(24): AIM: AppInfoManager-Perf > getApps > data collection finished
11-11 15:19:03.874  2860  3117 W DeviceAppInfoWork: missing version info.
11-11 15:19:03.876  3866  3973 I Finsky  : [202] fwi.a(11): AIM: AppInfoManager-Perf > ItemModel > CacheSize=36, cacheHitCount=0, cacheMissCount=0, total appsWithNoServerDataCount=1. Missed  in cache (limit 10) : []
11-11 15:19:06.441  1720  1923 D BatteryService: uevent={POWER_SUPPLY_VOLTAGE_NOW=4240850, POWER_SUPPLY_CHARGE_RATE=Normal, POWER_SUPPLY_HEALTH=Good, POWER_SUPPLY_CURRENT_NOW=203398, POWER_SUPPLY_PRESENT=1, SUBSYSTEM=power_supply, POWER_SUPPLY_TEMP=250, SEQNUM=4041, ACTION=change, POWER_SUPPLY_NAME=battery, POWER_SUPPLY_STATUS=Charging, POWER_SUPPLY_CHARGE_COUNTER=2771363, POWER_SUPPLY_CAPACITY=100, DEVPATH=/devices/soc/qpnp-smbcharger-17/power_supply/battery}
11-11 15:19:06.444  2393  2393 D QtiCarrierConfigHelper: WARNING, no carrier configs on phone Id: 0
11-11 15:19:06.681  1720  1923 D BatteryService: uevent={POWER_SUPPLY_VOLTAGE_NOW=4240850, POWER_SUPPLY_CHARGE_RATE=Normal, POWER_SUPPLY_HEALTH=Good, POWER_SUPPLY_CURRENT_NOW=203398, POWER_SUPPLY_PRESENT=1, SUBSYSTEM=power_supply, POWER_SUPPLY_TEMP=250, SEQNUM=4042, ACTION=change, POWER_SUPPLY_NAME=battery, POWER_SUPPLY_STATUS=Charging, POWER_SUPPLY_CHARGE_COUNTER=2771363, POWER_SUPPLY_CAPACITY=100, DEVPATH=/devices/soc/qpnp-smbcharger-17/power_supply/battery}
11-11 15:19:09.232  3866  3866 I Finsky  : [2] vxl.a(3): SCH: job service start with id 9988.
11-11 15:19:09.290  3866 10420 I Finsky  : [476] vwj.a(25): SCH: Satisfied jobs for 9988 are: 12-1
11-11 15:19:09.292  3866 10563 I Finsky  : [479] vvw.accept(2): SCH: Job 12-1 starting
11-11 15:19:09.294  3866  3866 I Finsky  : [2] ContentSyncJob.x(1): [ContentSync] job started
11-11 15:19:09.415  3866 10762 I Finsky  : [483] gep.a(1): Completed 0 account content syncs with 0 successful.
11-11 15:19:09.416  3866  3866 I Finsky  : [2] ContentSyncJob.a(1): [ContentSync] Installation state replication succeeded.
11-11 15:19:09.417  3866  3866 I Finsky  : [2] vto.s(4): SCH: jobFinished: 12-1. TimeElapsed: 123ms.
11-11 15:19:09.463  3866  3972 I Finsky  : [201] vjm.accept(41): SCH: Scheduling phonesky job Id: 1-1337, CT: 1636670923064, Constraints: [{ L: 14399994, D: 53309338, C: 1, I: 1, N: 1 }]
11-11 15:19:09.491  3866  3973 I Finsky  : [202] vta.apply(8): SCH: Scheduling 1 system job(s)
11-11 15:19:09.492  3866  3973 I Finsky  : [202] vta.apply(12): SCH: Scheduling system job Id: 9990, L: 12573567, D: 51482911, C: false, I: false, N: 1
11-11 15:19:09.529  3866 10563 I Finsky  : [479] vxf.a(16): SCH: job service finished with id 9988.
11-11 15:19:09.623  3072  3072 D BoundBrokerSvc: onUnbind: Intent { act=com.google.android.gms.feedback.internal.IFeedbackService cmp=com.google.android.gms/.chimera.GmsBoundBrokerService }
11-11 15:19:29.532  3866  3917 I Finsky  : [186] kup.run(3): Stats for Executor: BlockingExecutor kwb@f03155e[Running, pool size = 3, active threads = 0, queued tasks = 0, completed tasks = 546]
11-11 15:19:29.533  3866  3917 I Finsky  : [186] kup.run(3): Stats for Executor: LightweightExecutor kwb@986ed3f[Running, pool size = 4, active threads = 0, queued tasks = 0, completed tasks = 1131]
11-11 15:19:29.943  3866  3917 I Finsky  : [186] kup.run(3): Stats for Executor: bgExecutor kwb@876660c[Running, pool size = 4, active threads = 0, queued tasks = 0, completed tasks = 4211]
11-11 15:19:34.213  3072  8268 I ContentMaintenance: Internal cache bytes used: 0; limit: 100000000; download size: 0
11-11 15:19:34.228  3072  8268 I RealtimeCacheCleanup: Beginning Realtime garbage collection.
11-11 15:19:34.230  3072  8268 I RealtimeCacheCleanup: Finished Realtime garbage collection.
11-11 15:19:45.826 10771 10771 D AndroidRuntime: >>>>>> START com.android.internal.os.RuntimeInit uid 2000 <<<<<<
11-11 15:19:45.838 10771 10771 W app_process: Could not reserve sentinel fault page
11-11 15:19:46.004 10771 10771 I app_process: The ClassLoaderContext is a special shared library.
11-11 15:19:46.075 10771 10771 D AndroidRuntime: Calling main entry com.android.commands.pm.Pm
11-11 15:19:46.090 10780 10780 E asset   : setgid: Operation not permitted
11-11 15:19:46.365  3866  3866 I Finsky  : [2] adzl.c(7): Install-time verification requested for package com.example.benchmark.ui, id = 14
11-11 15:19:46.373  3866  3866 E Finsky  : [2] VerifyPerSourceInstallationConsentInstallTask.d(2): Package name null is not an installed package
11-11 15:19:46.381  3866 10426 I Finsky  : [477] aear.a(7): Single user settings service is not running, bind it now
11-11 15:19:46.387  3866  3866 I Finsky  : [2] aeaq.onServiceConnected(1): Single user settings service is connected
11-11 15:19:46.395  3866 10426 W Settings: Setting install_non_market_apps has moved from android.provider.Settings.Global to android.provider.Settings.Secure, returning read-only value.
11-11 15:19:46.653  3866 10426 I Finsky  : [477] lll.b(3): Task 7 requested foreground
11-11 15:19:46.655  3866 10426 I Finsky  : [477] lll.b(8): Not entering foreground
11-11 15:19:47.161  3866 10380 I Finsky  : [466] aeeo.c(3): Verify: Verification package=com.example.benchmark.ui, id=14 response=0
11-11 15:19:47.193  1720  1923 D BatteryService: uevent={POWER_SUPPLY_VOLTAGE_NOW=4400609, POWER_SUPPLY_CHARGE_RATE=Normal, POWER_SUPPLY_HEALTH=Good, POWER_SUPPLY_CURRENT_NOW=-148009, POWER_SUPPLY_PRESENT=1, SUBSYSTEM=power_supply, POWER_SUPPLY_TEMP=250, SEQNUM=4045, ACTION=change, POWER_SUPPLY_NAME=battery, POWER_SUPPLY_STATUS=Charging, POWER_SUPPLY_CHARGE_COUNTER=2774175, POWER_SUPPLY_CAPACITY=100, DEVPATH=/devices/soc/qpnp-smbcharger-17/power_supply/battery}
11-11 15:19:47.203  2393  2393 D QtiCarrierConfigHelper: WARNING, no carrier configs on phone Id: 0
11-11 15:19:47.206  3866 10426 I Finsky  : [477] VerifyPerSourceInstallationConsentInstallTask.my(2): PSIC verification started with installer uid: 2000 package name: null, originating uid: -1
11-11 15:19:47.211  3866  3866 I Finsky  : [2] VerifyInstallTask.j(1): Returning package verification result id=14, result=1
11-11 15:19:47.511  1720  1818 I PackageManager.DexOptimizer: Running dexopt (dexoptNeeded=1) on: /data/app/com.example.benchmark.ui-8YaxQJ-2t2nAEqqhieFk5w==/base.apk pkg=com.example.benchmark.ui isa=arm dexoptFlags=boot_complete,public target-filter=quicken oatDir=/data/app/com.example.benchmark.ui-8YaxQJ-2t2nAEqqhieFk5w==/oat sharedLibraries=PCL[]
11-11 15:19:47.576 10785 10785 I dex2oat : /system/bin/dex2oat --input-vdex-fd=-1 --output-vdex-fd=11 --compiler-filter=quicken --classpath-dir=/data/app/com.example.benchmark.ui-8YaxQJ-2t2nAEqqhieFk5w== --class-loader-context=PCL[]
11-11 15:19:47.583 10785 10785 W dex2oat : Could not reserve sentinel fault page
11-11 15:19:49.528 10785 10785 I dex2oat : dex2oat took 1.954s (7.387s cpu) (threads: 8) arena alloc=8KB (8952B) java alloc=2MB (2619472B) native alloc=4MB (4959184B) free=1813KB (1856560B)
11-11 15:19:49.547  1720  1818 V BackupManagerService: restoreAtInstall pkg=com.example.benchmark.ui token=f restoreSet=0
11-11 15:19:49.547  1720  1818 V BackupManagerService: Finishing install immediately
11-11 15:19:49.551  1025  1892 E         : Couldn't opendir /data/app/vmdl1229750185.tmp: No such file or directory
11-11 15:19:49.551  1025  1892 E installd: Failed to delete /data/app/vmdl1229750185.tmp: No such file or directory
11-11 15:19:49.555 10771 10771 I Pm      : Package com.example.benchmark.ui installed in 3471 ms
11-11 15:19:49.557  1720  4366 D PackageInstaller: Ignoring abandon after commit relinquished control
11-11 15:19:49.559 10771 10771 I app_process: System.exit called, status: 0
11-11 15:19:49.559 10771 10771 I AndroidRuntime: VM exiting with result code 0.
11-11 15:19:49.567  2393  2393 D ImsResolver: maybeAddedImsService, packageName: com.example.benchmark.ui
11-11 15:19:49.569  2652  2652 I GsaVoiceInteractionSrv: O received Intent { act=android.intent.action.PACKAGE_ADDED dat=package:com.example.benchmark.ui flg=0x4000010 (has extras) }
11-11 15:19:49.573  2384  2384 D MayaFrameworkProxyService: receive intent :Intent { act=android.intent.action.PACKAGE_ADDED dat=package:com.example.benchmark.ui flg=0x4000010 (has extras) }
11-11 15:19:49.577  1720  2002 I InputReader: Reconfiguring input devices.  changes=0x00000010
11-11 15:19:49.579  1720  1720 W ResourceType: For resource 0x7f150f3d, entry index(3901) is beyond type entryCount(1963)
11-11 15:19:49.580  1720  1720 W ResourceType: For resource 0x7f08099a, entry index(2458) is beyond type entryCount(1645)
11-11 15:19:49.581  1720  1720 W ResourceType: For resource 0x7f15081d, entry index(2077) is beyond type entryCount(1963)
11-11 15:19:49.581  1720  1720 W ResourceType: For resource 0x7f08099a, entry index(2458) is beyond type entryCount(1645)
11-11 15:19:49.582  1720  1720 W ResourceType: For resource 0x7f150a78, entry index(2680) is beyond type entryCount(1963)
11-11 15:19:49.582  1720  1720 W ResourceType: For resource 0x7f08099a, entry index(2458) is beyond type entryCount(1645)
11-11 15:19:49.598  1720  4366 W BroadcastQueue: Background execution not allowed: receiving Intent { act=android.intent.action.PACKAGE_ADDED dat=package:com.example.benchmark.ui flg=0x4000010 (has extras) } to com.android.vending/com.google.android.finsky.packagemanager.impl.PackageMonitorReceiverImpl$RegisteredReceiver
11-11 15:19:49.602  1720  1720 W ResourceType: For resource 0x7f15135b, entry index(4955) is beyond type entryCount(1963)
11-11 15:19:49.602  3866  3866 I Finsky  : [2] srb.i(0): PackageMonitorReceiverImpl - Received: android.intent.action.PACKAGE_ADDED, [JF20n1J35jRbh7IQmwRe7qqQrIzrjGooDojaNyCHwQ8]
11-11 15:19:49.603  3866  3866 I Finsky  : [2] srz.n(8): Invalidating cached PackageState for com.example.benchmark.ui
11-11 15:19:49.605  1720  1720 W ResourceType: For resource 0x7f15135c, entry index(4956) is beyond type entryCount(1963)
11-11 15:19:49.612  1720  1803 W BroadcastQueue: Background execution not allowed: receiving Intent { act=android.intent.action.PACKAGE_ADDED dat=package:com.example.benchmark.ui flg=0x4000010 (has extras) } to com.google.android.gms/.games.chimera.GamesSystemBroadcastReceiverProxy
11-11 15:19:49.612  1720  1803 W BroadcastQueue: Background execution not allowed: receiving Intent { act=android.intent.action.PACKAGE_ADDED dat=package:com.example.benchmark.ui flg=0x4000010 (has extras) } to com.google.android.gms/.gass.chimera.PackageChangeBroadcastReceiver
11-11 15:19:49.613  1720  1803 W BroadcastQueue: Background execution not allowed: receiving Intent { act=android.intent.action.PACKAGE_ADDED dat=package:com.example.benchmark.ui flg=0x4000010 (has extras) } to com.google.android.gms/.chimera.GmsIntentOperationService$PersistentTrustedReceiver
11-11 15:19:49.613  1720  1803 W BroadcastQueue: Background execution not allowed: receiving Intent { act=android.intent.action.PACKAGE_ADDED dat=package:com.example.benchmark.ui flg=0x4000010 (has extras) } to com.google.android.googlequicksearchbox/com.google.android.apps.gsa.googlequicksearchbox.GelStubAppWatcher
11-11 15:19:49.613  1720  1803 W BroadcastQueue: Background execution not allowed: receiving Intent { act=android.intent.action.PACKAGE_ADDED dat=package:com.example.benchmark.ui flg=0x4000010 (has extras) } to com.google.android.ims/.receivers.RcsAutoStartReceiver
11-11 15:19:49.637  1720  1720 I TelecomService: DefaultDialerCache: Refreshing default dialer for user 0: now com.android.dialer: DDC.oR@ANA
11-11 15:19:49.639  3866  3866 I Finsky  : [2] xin.a(8): Clearing split related stale data.
11-11 15:19:49.643  3866  3972 I Finsky  : [201] fws.a(5): AIM: AppInfoManager-Perf > OnDeviceAppInfo > cacheHitCount=0, cacheMissCount=1. Missed  in cache (limit 10) : [com.example.benchmark.ui]
11-11 15:19:49.647  3866 10804 I Finsky  : [493] gky.accept(26): Asset module storage cleared for package com.example.benchmark.ui.
11-11 15:19:49.671  3866 10796 I Finsky  : [486] ezx.run(5): Wrote row to frosting DB: 6438
11-11 15:19:49.673  3866  3866 I Finsky  : [2] afbn.c(3): Do not start WearSupportService due to Wear service optimization
11-11 15:19:49.675  3866  3961 I Finsky  : [193] fws.a(5): AIM: AppInfoManager-Perf > OnDeviceAppInfo > cacheHitCount=0, cacheMissCount=1. Missed  in cache (limit 10) : [com.example.benchmark.ui]
11-11 15:19:49.699  3866  3866 I Finsky  : [2] VerifyInstallTask.mx(6): Verification complete: id=14, package_name=com.example.benchmark.ui
11-11 15:19:49.699  2393  2393 D CarrierSvcBindHelper: No carrier app for: 0
11-11 15:19:49.700  2393  2393 D CarrierSvcBindHelper: No carrier app for: 1
11-11 15:19:49.701  3866 10796 I Finsky  : [486] ezx.run(5): Wrote row to frosting DB: 6439
11-11 15:19:49.707  2393  2393 E VvmPkgInstalledRcvr: cannot create TelephonyManager from ComponentInfo{com.android.phone/com.android.services.telephony.TelephonyConnectionService}, [****], UserHandle{0}
11-11 15:19:49.708  2393  2393 D CarrierConfigLoader: mHandler: 9 phoneId: 0
11-11 15:19:49.730  2632 10810 I FontLog : Package com.example.benchmark.ui has no metadata [CONTEXT service_id=132 ]
11-11 15:19:49.731  2632 10810 W GCM     : Unexpected forwarded intent: Intent { act=android.intent.action.PACKAGE_ADDED dat=package:com.example.benchmark.ui flg=0x4000010 pkg=com.google.android.gms cmp=com.google.android.gms/.chimera.PersistentIntentOperationService (has extras) }
11-11 15:19:49.734  2632 10814 W GCM     : Unexpected forwarded intent: Intent { act=android.intent.action.PACKAGE_ADDED dat=package:com.example.benchmark.ui flg=0x4000010 pkg=com.google.android.gms cmp=com.google.android.gms/.chimera.PersistentIntentOperationService (has extras) }
11-11 15:19:49.796  3866  3961 I Finsky  : [193] vjm.accept(41): SCH: Scheduling phonesky job Id: 12-1, CT: 1636672789676, Constraints: [{ L: 15000, D: 86400000, C: 1, I: 1, N: 1 }]
11-11 15:19:49.798  3866  3972 I Finsky  : [201] fwi.a(11): AIM: AppInfoManager-Perf > ItemModel > CacheSize=36, cacheHitCount=0, cacheMissCount=0, total appsWithNoServerDataCount=1. Missed  in cache (limit 10) : []
11-11 15:19:49.800  3866  3972 I Finsky  : [201] fln.accept(24): AIM: AppInfoManager-Perf > getApps > data collection finished
11-11 15:19:49.801  3072 10821 I Auth    : [SupervisedAccountIntentOperation] onHandleIntent(): android.intent.action.PACKAGE_ADDED
11-11 15:19:49.804  3072  3072 D BoundBrokerSvc: onBind: Intent { act=com.google.android.gms.common.BIND_SHARED_PREFS pkg=com.google.android.gms }
11-11 15:19:49.804  3072  3072 D BoundBrokerSvc: Loading bound service for intent: Intent { act=com.google.android.gms.common.BIND_SHARED_PREFS pkg=com.google.android.gms }
11-11 15:19:49.806  3072 10822 I BlockstoreStorage: Clearing Blockstore Data for package com.example.benchmark.ui [CONTEXT service_id=258 ]
11-11 15:19:49.806  3072 10822 I BlockstoreStorage: No metadata found. Skipping deletion. [CONTEXT service_id=258 ]
11-11 15:19:49.807  3072  3072 D BoundBrokerSvc: onUnbind: Intent { act=com.google.android.gms.common.BIND_SHARED_PREFS pkg=com.google.android.gms }
11-11 15:19:49.812  2860 10394 I A       : Writing data of size=345 bytes with N=1 keys to Geller corpus DEVICE_INSTALLED_APPS at ts=1636672789799000
11-11 15:19:49.818  2860  3057 I DeviceAppInfoWork: refreshDeviceAppInfoForAccount done.
11-11 15:19:49.829  2860  3066 W DeviceAppInfoWork: missing version info.
11-11 15:19:49.866  1720  1734 I zygote  : Background concurrent copying GC freed 102816(5MB) AllocSpace objects, 34(1448KB) LOS objects, 42% free, 16MB/29MB, paused 222us total 315.446ms
11-11 15:19:49.878  3866  3961 I Finsky  : [193] fwi.a(11): AIM: AppInfoManager-Perf > ItemModel > CacheSize=36, cacheHitCount=0, cacheMissCount=0, total appsWithNoServerDataCount=1. Missed  in cache (limit 10) : []
11-11 15:19:49.897  2632  5836 W ChimeraUtils: Module com.google.android.gms.nearby_en has empty metadata display_name_string_id
11-11 15:19:49.903  3866  3973 I Finsky  : [202] vta.apply(8): SCH: Scheduling 1 system job(s)
11-11 15:19:49.903  3866  3973 I Finsky  : [202] vta.apply(12): SCH: Scheduling system job Id: 9990, L: 14773, D: 51442499, C: false, I: false, N: 1
11-11 15:19:49.931  2632  5836 W ChimeraUtils: Module com.google.android.gms.nearby_en has empty metadata display_name_string_id
11-11 15:19:49.935  2632  5836 W ChimeraUtils: Module com.google.android.gms.nearby_en has empty metadata display_name_string_id
11-11 15:19:49.949  3072  3708 I Icing   : IndexChimeraService.getServiceInterface callingPackage=com.google.android.gms componentName=AppsCorpus serviceId=36
11-11 15:19:49.984  3866  3969 I Finsky  : [198] gto.b(32): [ContentSync] finished, scheduled=true
11-11 15:19:50.039  3072  8268 I GmsCoreXrpcWrapper: Returning a channel provider with trafficStatsTag=12803 trafficStatsUid=-1
11-11 15:19:50.043  3072  3072 D BoundBrokerSvc: onBind: Intent { act=com.google.android.gms.feedback.internal.IFeedbackService cmp=com.google.android.gms/.chimera.GmsBoundBrokerService }
11-11 15:19:50.043  3072  3072 D BoundBrokerSvc: Loading bound service for intent: Intent { act=com.google.android.gms.feedback.internal.IFeedbackService cmp=com.google.android.gms/.chimera.GmsBoundBrokerService }
11-11 15:19:50.064  3072  8268 I Icing   : Usage reports ok 0, Failed Usage reports 0, indexed 0, rejected 0
11-11 15:19:50.074  2632  2643 I zygote  : Background concurrent copying GC freed 85096(4MB) AllocSpace objects, 22(928KB) LOS objects, 49% free, 9MB/19MB, paused 722us total 163.991ms
11-11 15:19:50.085  3072  8268 I Icing   : Indexing com.google.android.gms-apps from com.google.android.gms
11-11 15:19:50.098  3072  3725 I Icing   : IndexChimeraService.getServiceInterface callingPackage=com.google.android.gms componentName=null serviceId=30
11-11 15:19:50.103  3072  8268 I Icing   : Indexing done com.google.android.gms-apps
11-11 15:19:50.108  3072  8268 I GmsCoreXrpcWrapper: Returning a channel provider with trafficStatsTag=12803 trafficStatsUid=-1
11-11 15:19:50.124  3072  8268 I Icing   : Usage reports ok 0, Failed Usage reports 0, indexed 0, rejected 0
11-11 15:19:50.551 10830 10830 D AndroidRuntime: >>>>>> START com.android.internal.os.RuntimeInit uid 2000 <<<<<<
11-11 15:19:50.564 10830 10830 W app_process: Could not reserve sentinel fault page
11-11 15:19:50.736 10830 10830 I app_process: The ClassLoaderContext is a special shared library.
11-11 15:19:50.799 10830 10830 D AndroidRuntime: Calling main entry com.android.commands.pm.Pm
11-11 15:19:50.808 10839 10839 E asset   : setgid: Operation not permitted
11-11 15:19:50.982  1720  1923 D BatteryService: uevent={POWER_SUPPLY_VOLTAGE_NOW=4215368, POWER_SUPPLY_CHARGE_RATE=Normal, POWER_SUPPLY_HEALTH=Good, POWER_SUPPLY_CURRENT_NOW=190886, POWER_SUPPLY_PRESENT=1, SUBSYSTEM=power_supply, POWER_SUPPLY_TEMP=250, SEQNUM=4046, ACTION=change, POWER_SUPPLY_NAME=battery, POWER_SUPPLY_STATUS=Charging, POWER_SUPPLY_CHARGE_COUNTER=2774710, POWER_SUPPLY_CAPACITY=100, DEVPATH=/devices/soc/qpnp-smbcharger-17/power_supply/battery}
11-11 15:19:50.988  2393  2393 D QtiCarrierConfigHelper: WARNING, no carrier configs on phone Id: 0
11-11 15:19:51.026   816   903 I SFPerfTracer:      triggers: (rate: 0:0) (0 sw vsyncs) (0 skipped) (0:1841 vsyncs) (1:2525)
11-11 15:19:51.053  3866  3866 I Finsky  : [2] adzl.c(7): Install-time verification requested for package com.example.benchmark.ui.test, id = 15
11-11 15:19:51.058  3866  3866 E Finsky  : [2] VerifyPerSourceInstallationConsentInstallTask.d(2): Package name null is not an installed package
11-11 15:19:51.064  3866 10377 I Finsky  : [463] aear.a(7): Single user settings service is not running, bind it now
11-11 15:19:51.070  3866  3866 I Finsky  : [2] aeaq.onServiceConnected(1): Single user settings service is connected
11-11 15:19:51.077  3866 10377 W Settings: Setting install_non_market_apps has moved from android.provider.Settings.Global to android.provider.Settings.Secure, returning read-only value.
11-11 15:19:51.084  3866 10377 W PackageParser: Unknown element under <manifest>: queries at /data/app/vmdl2137891718.tmp/base.apk Binary XML file line #16
11-11 15:19:51.199  3866 10377 I Finsky  : [463] lll.b(3): Task 7 requested foreground
11-11 15:19:51.200  3866 10377 I Finsky  : [463] lll.b(8): Not entering foreground
11-11 15:19:52.026  3866 10380 I Finsky  : [466] aeeo.c(3): Verify: Verification package=com.example.benchmark.ui.test, id=15 response=0
11-11 15:19:52.066  3866 10377 I Finsky  : [463] VerifyPerSourceInstallationConsentInstallTask.my(2): PSIC verification started with installer uid: 2000 package name: null, originating uid: -1
11-11 15:19:52.070  3866  3866 I Finsky  : [2] VerifyInstallTask.j(1): Returning package verification result id=15, result=1
11-11 15:19:52.039  3866 10377 W PackageParser: Unknown element under <manifest>: queries at /data/app/vmdl2137891718.tmp/base.apk Binary XML file line #16
11-11 15:19:52.081  1720  1818 W PackageParser: Unknown element under <manifest>: queries at /data/app/vmdl2137891718.tmp/base.apk Binary XML file line #16
11-11 15:19:52.361  1720  1818 I PackageManager.DexOptimizer: Running dexopt (dexoptNeeded=1) on: /data/app/com.example.benchmark.ui.test-6WkHm8xFsN6aj-bPKWtd0A==/base.apk pkg=com.example.benchmark.ui.test isa=arm dexoptFlags=boot_complete,public target-filter=quicken oatDir=/data/app/com.example.benchmark.ui.test-6WkHm8xFsN6aj-bPKWtd0A==/oat sharedLibraries=PCL[/system/framework/android.test.mock.jar:/system/framework/android.test.runner.jar]
11-11 15:19:52.417 10842 10842 I dex2oat : /system/bin/dex2oat --input-vdex-fd=-1 --output-vdex-fd=11 --compiler-filter=quicken --classpath-dir=/data/app/com.example.benchmark.ui.test-6WkHm8xFsN6aj-bPKWtd0A== --class-loader-context=PCL[/system/framework/android.test.mock.jar:/system/framework/android.test.runner.jar]
11-11 15:19:52.424 10842 10842 W dex2oat : Could not reserve sentinel fault page
11-11 15:19:53.247 10842 10842 I dex2oat : dex2oat took 831.412ms (2.857s cpu) (threads: 8) arena alloc=7KB (7168B) java alloc=1044KB (1069904B) native alloc=2MB (2494816B) free=1659KB (1699488B)
11-11 15:19:53.258  1720  1818 V BackupManagerService: restoreAtInstall pkg=com.example.benchmark.ui.test token=10 restoreSet=0
11-11 15:19:53.259  1720  1818 V BackupManagerService: Finishing install immediately
11-11 15:19:53.262  1025  1892 E         : Couldn't opendir /data/app/vmdl2137891718.tmp: No such file or directory
11-11 15:19:53.263  1025  1892 E installd: Failed to delete /data/app/vmdl2137891718.tmp: No such file or directory
11-11 15:19:53.267 10830 10830 I Pm      : Package com.example.benchmark.ui.test installed in 2464 ms
11-11 15:19:53.268  1720  8278 D PackageInstaller: Ignoring abandon after commit relinquished control
11-11 15:19:53.270 10830 10830 I app_process: System.exit called, status: 0
11-11 15:19:53.270 10830 10830 I AndroidRuntime: VM exiting with result code 0.
11-11 15:19:53.278  2384  2384 D MayaFrameworkProxyService: receive intent :Intent { act=android.intent.action.PACKAGE_ADDED dat=package:com.example.benchmark.ui.test flg=0x4000010 (has extras) }
11-11 15:19:53.280  1720  8278 W BroadcastQueue: Background execution not allowed: receiving Intent { act=android.intent.action.PACKAGE_ADDED dat=package:com.example.benchmark.ui.test flg=0x4000010 (has extras) } to com.android.vending/com.google.android.finsky.packagemanager.impl.PackageMonitorReceiverImpl$RegisteredReceiver
11-11 15:19:53.280  1720  2002 I InputReader: Reconfiguring input devices.  changes=0x00000010
11-11 15:19:53.281  2652  2652 I GsaVoiceInteractionSrv: O received Intent { act=android.intent.action.PACKAGE_ADDED dat=package:com.example.benchmark.ui.test flg=0x4000010 (has extras) }
11-11 15:19:53.284  1720  1720 W ResourceType: For resource 0x7f150f3d, entry index(3901) is beyond type entryCount(1963)
11-11 15:19:53.285  1720  1720 W ResourceType: For resource 0x7f08099a, entry index(2458) is beyond type entryCount(1645)
11-11 15:19:53.286  3866  3866 I Finsky  : [2] srb.i(0): PackageMonitorReceiverImpl - Received: android.intent.action.PACKAGE_ADDED, [W9DLLGjsI04vVDFUL0wxF9vnskpOVN-UuuS4kexohBk]
11-11 15:19:53.286  1720  1803 W BroadcastQueue: Background execution not allowed: receiving Intent { act=android.intent.action.PACKAGE_ADDED dat=package:com.example.benchmark.ui.test flg=0x4000010 (has extras) } to com.google.android.gms/.games.chimera.GamesSystemBroadcastReceiverProxy
11-11 15:19:53.287  1720  1720 W ResourceType: For resource 0x7f15081d, entry index(2077) is beyond type entryCount(1963)
11-11 15:19:53.287  1720  1720 W ResourceType: For resource 0x7f08099a, entry index(2458) is beyond type entryCount(1645)
11-11 15:19:53.287  3866  3866 I Finsky  : [2] srz.n(8): Invalidating cached PackageState for com.example.benchmark.ui.test
11-11 15:19:53.289  1720  1720 W ResourceType: For resource 0x7f150a78, entry index(2680) is beyond type entryCount(1963)
11-11 15:19:53.289  1720  1720 W ResourceType: For resource 0x7f08099a, entry index(2458) is beyond type entryCount(1645)
11-11 15:19:53.291  1720  1803 W BroadcastQueue: Background execution not allowed: receiving Intent { act=android.intent.action.PACKAGE_ADDED dat=package:com.example.benchmark.ui.test flg=0x4000010 (has extras) } to com.google.android.gms/.gass.chimera.PackageChangeBroadcastReceiver
11-11 15:19:53.300  1720  1803 W BroadcastQueue: Background execution not allowed: receiving Intent { act=android.intent.action.PACKAGE_ADDED dat=package:com.example.benchmark.ui.test flg=0x4000010 (has extras) } to com.google.android.gms/.chimera.GmsIntentOperationService$PersistentTrustedReceiver
11-11 15:19:53.315  1720  1803 W BroadcastQueue: Background execution not allowed: receiving Intent { act=android.intent.action.PACKAGE_ADDED dat=package:com.example.benchmark.ui.test flg=0x4000010 (has extras) } to com.google.android.googlequicksearchbox/com.google.android.apps.gsa.googlequicksearchbox.GelStubAppWatcher
11-11 15:19:53.318  1720  1720 W ResourceType: For resource 0x7f15135b, entry index(4955) is beyond type entryCount(1963)
11-11 15:19:53.318  1720  1803 W BroadcastQueue: Background execution not allowed: receiving Intent { act=android.intent.action.PACKAGE_ADDED dat=package:com.example.benchmark.ui.test flg=0x4000010 (has extras) } to com.google.android.ims/.receivers.RcsAutoStartReceiver
11-11 15:19:53.320  1720  1720 W ResourceType: For resource 0x7f15135c, entry index(4956) is beyond type entryCount(1963)
11-11 15:19:53.351  1720  1720 I TelecomService: DefaultDialerCache: Refreshing default dialer for user 0: now com.android.dialer: DDC.oR@ANQ
11-11 15:19:53.364  3866 10796 I Finsky  : [486] ezx.run(5): Wrote row to frosting DB: 6440
11-11 15:19:53.380  3866  3866 I Finsky  : [2] xin.a(8): Clearing split related stale data.
11-11 15:19:53.385  3866  3972 I Finsky  : [201] fws.a(5): AIM: AppInfoManager-Perf > OnDeviceAppInfo > cacheHitCount=0, cacheMissCount=1. Missed  in cache (limit 10) : [com.example.benchmark.ui.test]
11-11 15:19:53.388  3072 10821 I Auth    : [SupervisedAccountIntentOperation] onHandleIntent(): android.intent.action.PACKAGE_ADDED
11-11 15:19:53.390  3072 10822 I BlockstoreStorage: Clearing Blockstore Data for package com.example.benchmark.ui.test [CONTEXT service_id=258 ]
11-11 15:19:53.391  3072 10822 I BlockstoreStorage: No metadata found. Skipping deletion. [CONTEXT service_id=258 ]
11-11 15:19:53.391  2393  2393 D CarrierSvcBindHelper: No carrier app for: 0
11-11 15:19:53.393  2632 10818 W GCM     : Unexpected forwarded intent: Intent { act=android.intent.action.PACKAGE_ADDED dat=package:com.example.benchmark.ui.test flg=0x4000010 pkg=com.google.android.gms cmp=com.google.android.gms/.chimera.PersistentIntentOperationService (has extras) }
11-11 15:19:53.395  2632 10815 I FontLog : Package com.example.benchmark.ui.test has no metadata [CONTEXT service_id=132 ]
11-11 15:19:53.396  2393  2393 D CarrierSvcBindHelper: No carrier app for: 1
11-11 15:19:53.396  3072  3072 D BoundBrokerSvc: onBind: Intent { act=com.google.android.gms.common.BIND_SHARED_PREFS pkg=com.google.android.gms }
11-11 15:19:53.396  3072  3072 D BoundBrokerSvc: Loading bound service for intent: Intent { act=com.google.android.gms.common.BIND_SHARED_PREFS pkg=com.google.android.gms }
11-11 15:19:53.400  2632 10815 W GCM     : Unexpected forwarded intent: Intent { act=android.intent.action.PACKAGE_ADDED dat=package:com.example.benchmark.ui.test flg=0x4000010 pkg=com.google.android.gms cmp=com.google.android.gms/.chimera.PersistentIntentOperationService (has extras) }
11-11 15:19:53.413  2393  2393 E VvmPkgInstalledRcvr: cannot create TelephonyManager from ComponentInfo{com.android.phone/com.android.services.telephony.TelephonyConnectionService}, [****], UserHandle{0}
11-11 15:19:53.413  2393  2393 D ImsResolver: maybeAddedImsService, packageName: com.example.benchmark.ui.test
11-11 15:19:53.416  3072  3072 D BoundBrokerSvc: onUnbind: Intent { act=com.google.android.gms.common.BIND_SHARED_PREFS pkg=com.google.android.gms }
11-11 15:19:53.429  3866 10804 I Finsky  : [493] gky.accept(26): Asset module storage cleared for package com.example.benchmark.ui.test.
11-11 15:19:53.438  2393  2393 D CarrierConfigLoader: mHandler: 9 phoneId: 0
11-11 15:19:53.446  3866  3866 I Finsky  : [2] afbn.c(3): Do not start WearSupportService due to Wear service optimization
11-11 15:19:53.464  2632  3110 W ChimeraUtils: Module com.google.android.gms.nearby_en has empty metadata display_name_string_id
11-11 15:19:53.471  3866  3961 I Finsky  : [193] fws.a(5): AIM: AppInfoManager-Perf > OnDeviceAppInfo > cacheHitCount=0, cacheMissCount=1. Missed  in cache (limit 10) : [com.example.benchmark.ui.test]
11-11 15:19:53.473  3866 10807 I Finsky  : [495] gto.b(32): [ContentSync] finished, scheduled=false
11-11 15:19:53.476  3072 10808 I Icing   : Indexing com.google.android.gms-apps from com.google.android.gms
11-11 15:19:53.483  3072 10808 I Icing   : Indexing done com.google.android.gms-apps
11-11 15:19:53.488  2632  3110 W ChimeraUtils: Module com.google.android.gms.nearby_en has empty metadata display_name_string_id
11-11 15:19:53.490  2632  3110 W ChimeraUtils: Module com.google.android.gms.nearby_en has empty metadata display_name_string_id
11-11 15:19:53.504  3866  3866 I Finsky  : [2] VerifyInstallTask.mx(6): Verification complete: id=15, package_name=com.example.benchmark.ui.test
11-11 15:19:53.518  3866 10796 I Finsky  : [486] ezx.run(5): Wrote row to frosting DB: 6441
11-11 15:19:53.520  1720  1734 I zygote  : Background concurrent copying GC freed 81948(3MB) AllocSpace objects, 25(1140KB) LOS objects, 42% free, 16MB/29MB, paused 208us total 257.671ms
11-11 15:19:53.536  3866  3969 I Finsky  : [198] fwi.a(11): AIM: AppInfoManager-Perf > ItemModel > CacheSize=36, cacheHitCount=0, cacheMissCount=0, total appsWithNoServerDataCount=1. Missed  in cache (limit 10) : []
11-11 15:19:53.538  3866  3969 I Finsky  : [198] fln.accept(24): AIM: AppInfoManager-Perf > getApps > data collection finished
11-11 15:19:53.559  2860  3069 I DeviceAppInfoWork: refreshDeviceAppInfoForAccount done.
11-11 15:19:53.570  3866  3973 I Finsky  : [202] fwi.a(11): AIM: AppInfoManager-Perf > ItemModel > CacheSize=36, cacheHitCount=0, cacheMissCount=0, total appsWithNoServerDataCount=1. Missed  in cache (limit 10) : []
11-11 15:19:53.571  2860  3103 W DeviceAppInfoWork: missing version info.
11-11 15:19:54.064 10861 10861 D AndroidRuntime: >>>>>> START com.android.internal.os.RuntimeInit uid 2000 <<<<<<
11-11 15:19:54.076 10861 10861 W app_process: Could not reserve sentinel fault page
11-11 15:19:54.241 10861 10861 I app_process: The ClassLoaderContext is a special shared library.
11-11 15:19:54.304 10861 10861 D AndroidRuntime: Calling main entry com.android.commands.content.Content
11-11 15:19:54.340 10861 10861 D AndroidRuntime: Shutting down VM
11-11 15:19:55.334  1720  2105 D WifiNative-wlan0: Scan issued for specific freq..
11-11 15:19:55.382 10880 10880 D AndroidRuntime: >>>>>> START com.android.internal.os.RuntimeInit uid 2000 <<<<<<
11-11 15:19:55.395 10880 10880 W app_process: Could not reserve sentinel fault page
11-11 15:19:55.409  1720  2891 D WificondControl: Scan result ready event
11-11 15:19:55.560 10880 10880 I app_process: The ClassLoaderContext is a special shared library.
11-11 15:19:55.586  2632  3740 W Conscrypt: Could not set socket write timeout: java.net.SocketException: Socket closed
11-11 15:19:55.587  2632  3740 W Conscrypt: 	at com.google.android.gms.org.conscrypt.Platform.setSocketWriteTimeout(:com.google.android.gms@213918018@21.39.18 (040308-407637301):2)
11-11 15:19:55.587  2632  3740 W Conscrypt: 	at com.google.android.gms.org.conscrypt.ConscryptFileDescriptorSocket.setSoWriteTimeout(:com.google.android.gms@213918018@21.39.18 (040308-407637301):0)
11-11 15:19:55.614  2632  3740 W Conscrypt: Could not set socket write timeout: java.net.SocketException: Socket closed
11-11 15:19:55.615  2632  3740 W Conscrypt: 	at com.google.android.gms.org.conscrypt.Platform.setSocketWriteTimeout(:com.google.android.gms@213918018@21.39.18 (040308-407637301):2)
11-11 15:19:55.615  2632  3740 W Conscrypt: 	at com.google.android.gms.org.conscrypt.ConscryptFileDescriptorSocket.setSoWriteTimeout(:com.google.android.gms@213918018@21.39.18 (040308-407637301):0)
11-11 15:19:55.626 10880 10880 D AndroidRuntime: Calling main entry com.android.commands.am.Am
11-11 15:19:55.638  1720  2891 I ActivityManager: Force stopping com.example.benchmark.ui appid=10643 user=0: start instr
11-11 15:19:55.657  1720  2891 I ActivityManager: Start proc 10892:com.example.benchmark.ui/u0a643 for added application com.example.benchmark.ui
11-11 15:19:55.730 10892 10892 I zygote  : The ClassLoaderContext is a special shared library.
11-11 15:19:55.733 10892 10892 I zygote  : The ClassLoaderContext is a special shared library.
11-11 15:19:55.738 10892 10892 W zygote  : ClassLoaderContext classpath element mismatch for position 0. expected=/system/framework/android.test.mock.jar, found=/system/framework/android.test.runner.jar (PCL[/system/framework/android.test.mock.jar*1065265343:/system/framework/android.test.runner.jar*1742119008] | PCL[/system/framework/android.test.runner.jar*1742119008:/system/framework/android.test.mock.jar*1065265343])
11-11 15:19:55.740 10892 10892 W zygote  : Found duplicate classes, falling back to extracting from APK : /data/app/com.example.benchmark.ui.test-6WkHm8xFsN6aj-bPKWtd0A==/base.apk
11-11 15:19:55.740 10892 10892 W zygote  : NOTE: This wastes RAM and hurts startup performance.
11-11 15:19:55.740 10892 10892 W zygote  : Found duplicated class when checking oat files: 'Ljunit/runner/BaseTestRunner;' in /data/app/com.example.benchmark.ui.test-6WkHm8xFsN6aj-bPKWtd0A==/base.apk and /system/framework/android.test.runner.jar
11-11 15:19:55.740 10892 10892 W zygote  : 
11-11 15:19:55.921 10892 10892 W zygote  : ClassLoaderContext classpath size mismatch for position 0. expected=0, found=3 (PCL[] | PCL[/system/framework/android.test.runner.jar*1742119008:/system/framework/android.test.mock.jar*1065265343:/data/app/com.example.benchmark.ui.test-6WkHm8xFsN6aj-bPKWtd0A==/base.apk*903727746])
11-11 15:19:55.936 10892 10892 W System  : ClassLoader referenced unknown path: 
11-11 15:19:55.961 10892 10892 I MonitoringInstr: Instrumentation started!
11-11 15:19:55.978 10892 10892 V TestEventClient: No service name argument was given (testDiscoveryService, testRunEventService or orchestratorService)
11-11 15:19:55.993 10892 10892 I MonitoringInstr: No JSBridge.
11-11 15:19:56.025 10892 10907 D InfraTrack: Tracking disabled due to lack of internet permissions
11-11 15:19:56.025 10892 10907 I UsageTrackerFacilitator: Usage tracking disabled
11-11 15:19:56.036 10892 10907 E TestLoader: Could not find class: com.example.benchmark.RecyclerViewBenchmark
11-11 15:19:56.065 10892 10907 D TestExecutor: Adding listener androidx.test.internal.runner.listener.LogRunListener
11-11 15:19:56.066 10892 10907 D TestExecutor: Adding listener androidx.test.internal.runner.listener.InstrumentationResultPrinter
11-11 15:19:56.066 10892 10907 D TestExecutor: Adding listener androidx.test.internal.runner.listener.ActivityFinisherRunListener
11-11 15:19:56.070 10892 10907 I TestRunner: run started: 1 tests
11-11 15:19:56.071 10892 10907 I TestRunner: started: com.example.benchmark.RecyclerViewBenchmark
11-11 15:19:56.077 10892 10907 E TestRunner: failed: com.example.benchmark.RecyclerViewBenchmark
11-11 15:19:56.077 10892 10907 E TestRunner: ----- begin exception -----
11-11 15:19:56.078 10892 10907 E TestRunner: java.lang.ClassNotFoundException: com.example.benchmark.RecyclerViewBenchmark
11-11 15:19:56.078 10892 10907 E TestRunner: 	at java.lang.Class.classForName(Native Method)
11-11 15:19:56.078 10892 10907 E TestRunner: 	at java.lang.Class.forName(Class.java:453)
11-11 15:19:56.078 10892 10907 E TestRunner: 	at androidx.test.internal.runner.TestLoader.doCreateRunner(TestLoader.java:72)
11-11 15:19:56.078 10892 10907 E TestRunner: 	at androidx.test.internal.runner.TestLoader.getRunnersFor(TestLoader.java:105)
11-11 15:19:56.078 10892 10907 E TestRunner: 	at androidx.test.internal.runner.TestRequestBuilder.build(TestRequestBuilder.java:804)
11-11 15:19:56.078 10892 10907 E TestRunner: 	at androidx.test.runner.AndroidJUnitRunner.buildRequest(AndroidJUnitRunner.java:613)
11-11 15:19:56.078 10892 10907 E TestRunner: 	at androidx.test.runner.AndroidJUnitRunner.onStart(AndroidJUnitRunner.java:411)
11-11 15:19:56.078 10892 10907 E TestRunner: 	at android.app.Instrumentation$InstrumentationThread.run(Instrumentation.java:2169)
11-11 15:19:56.078 10892 10907 E TestRunner: Caused by: java.lang.ClassNotFoundException: Didn't find class "com.example.benchmark.RecyclerViewBenchmark" on path: DexPathList[[zip file "/system/framework/android.test.runner.jar", zip file "/system/framework/android.test.mock.jar", zip file "/data/app/com.example.benchmark.ui.test-6WkHm8xFsN6aj-bPKWtd0A==/base.apk", zip file "/data/app/com.example.benchmark.ui-8YaxQJ-2t2nAEqqhieFk5w==/base.apk"],nativeLibraryDirectories=[/data/app/com.example.benchmark.ui.test-6WkHm8xFsN6aj-bPKWtd0A==/lib/arm, /data/app/com.example.benchmark.ui-8YaxQJ-2t2nAEqqhieFk5w==/lib/arm, /system/lib, /system/vendor/lib]]
11-11 15:19:56.078 10892 10907 E TestRunner: 	at dalvik.system.BaseDexClassLoader.findClass(BaseDexClassLoader.java:125)
11-11 15:19:56.078 10892 10907 E TestRunner: 	at java.lang.ClassLoader.loadClass(ClassLoader.java:379)
11-11 15:19:56.078 10892 10907 E TestRunner: 	at java.lang.ClassLoader.loadClass(ClassLoader.java:312)
11-11 15:19:56.078 10892 10907 E TestRunner: 	... 8 more
11-11 15:19:56.078 10892 10907 E TestRunner: ----- end exception -----
11-11 15:19:56.085 10892 10907 I TestRunner: finished: com.example.benchmark.RecyclerViewBenchmark
11-11 15:19:56.091 10892 10907 I TestRunner: run finished: 1 tests, 1 failed, 0 ignored
11-11 15:19:56.096 10892 10907 I MonitoringInstr: waitForActivitiesToComplete() took: 0ms
11-11 15:19:56.098  1720  2891 I ActivityManager: Force stopping com.example.benchmark.ui appid=10643 user=0: finished inst
11-11 15:19:56.098  1720  2891 I ActivityManager: Killing 10892:com.example.benchmark.ui/u0a643 (adj 0): stop com.example.benchmark.ui
11-11 15:19:56.099  1720  1805 W zygote  : kill(-10892, 9) failed: No such process
11-11 15:19:56.100  1720 10909 W Binder  : Outgoing transactions from this process must be FLAG_ONEWAY
11-11 15:19:56.100  1720 10909 W Binder  : java.lang.Throwable
11-11 15:19:56.100  1720 10909 W Binder  : 	at android.os.BinderProxy.transact(Binder.java:752)
11-11 15:19:56.100  1720 10909 W Binder  : 	at android.app.IInstrumentationWatcher$Stub$Proxy.instrumentationFinished(IInstrumentationWatcher.java:160)
11-11 15:19:56.100  1720 10909 W Binder  : 	at com.android.server.am.InstrumentationReporter$MyThread.run(InstrumentationReporter.java:86)
11-11 15:19:56.102 10880 10880 D AndroidRuntime: Shutting down VM
11-11 15:19:56.115  1720  1805 W zygote  : kill(-10892, 9) failed: No such process
