11-11 15:37:04.569  1720  1802 W ResourceType: ResTable_typeSpec entry count inconsistent: given 2888, previously 2891
11-11 15:37:04.569  1720  1802 W ResourceType: ResTable_typeSpec entry count inconsistent: given 338, previously 2111
11-11 15:37:04.580  1720  1720 I TelecomService: DefaultDialerCache: Refreshing default dialer for user 0: now com.android.dialer: DDC.oR@AOc
11-11 15:37:04.595  3072 11108 I Auth    : [SupervisedAccountIntentOperation] onHandleIntent(): android.intent.action.PACKAGE_ADDED
11-11 15:37:04.612  3072 11111 I BlockstoreStorage: Clearing Blockstore Data for package com.example.benchmark.ui [CONTEXT service_id=258 ]
11-11 15:37:04.613  3072 11111 I BlockstoreStorage: No metadata found. Skipping deletion. [CONTEXT service_id=258 ]
11-11 15:37:04.618  3072  3072 D BoundBrokerSvc: onBind: Intent { act=com.google.android.gms.common.BIND_SHARED_PREFS pkg=com.google.android.gms }
11-11 15:37:04.618  3072  3072 D BoundBrokerSvc: Loading bound service for intent: Intent { act=com.google.android.gms.common.BIND_SHARED_PREFS pkg=com.google.android.gms }
11-11 15:37:04.624  3866  3866 I Finsky  : [2] VerifyInstallTask.mx(6): Verification complete: id=16, package_name=com.example.benchmark.ui
11-11 15:37:04.626  3072  3072 D BoundBrokerSvc: onUnbind: Intent { act=com.google.android.gms.common.BIND_SHARED_PREFS pkg=com.google.android.gms }
11-11 15:37:04.674  3866  3973 I Finsky  : [202] fwi.a(11): AIM: AppInfoManager-Perf > ItemModel > CacheSize=36, cacheHitCount=0, cacheMissCount=0, total appsWithNoServerDataCount=1. Missed  in cache (limit 10) : []
11-11 15:37:04.701  1720  1734 I zygote  : Background concurrent copying GC freed 36093(1599KB) AllocSpace objects, 6(248KB) LOS objects, 42% free, 16MB/29MB, paused 191us total 266.031ms
11-11 15:37:04.702  3866  3969 I Finsky  : [198] fwi.a(11): AIM: AppInfoManager-Perf > ItemModel > CacheSize=36, cacheHitCount=0, cacheMissCount=0, total appsWithNoServerDataCount=1. Missed  in cache (limit 10) : []
11-11 15:37:04.703  2632  5836 W ChimeraUtils: Module com.google.android.gms.nearby_en has empty metadata display_name_string_id
11-11 15:37:04.726  2632  5836 I chatty  : uid=10036(com.google.android.gms) highpool[6] identical 1 line
11-11 15:37:04.729  2632  5836 W ChimeraUtils: Module com.google.android.gms.nearby_en has empty metadata display_name_string_id
11-11 15:37:04.734  3866  3973 I Finsky  : [202] fln.accept(24): AIM: AppInfoManager-Perf > getApps > data collection finished
11-11 15:37:04.763  2860 11087 I A       : Writing data of size=345 bytes with N=1 keys to Geller corpus DEVICE_INSTALLED_APPS at ts=1636673824759000
11-11 15:37:04.767  2860  3057 I DeviceAppInfoWork: refreshDeviceAppInfoForAccount done.
11-11 15:37:04.768  3072  3708 I Icing   : IndexChimeraService.getServiceInterface callingPackage=com.google.android.gms componentName=AppsCorpus serviceId=36
11-11 15:37:04.774  3072  3072 D BoundBrokerSvc: onBind: Intent { act=com.google.android.gms.feedback.internal.IFeedbackService cmp=com.google.android.gms/.chimera.GmsBoundBrokerService }
11-11 15:37:04.774  3072  3072 D BoundBrokerSvc: Loading bound service for intent: Intent { act=com.google.android.gms.feedback.internal.IFeedbackService cmp=com.google.android.gms/.chimera.GmsBoundBrokerService }
11-11 15:37:04.777  2860  3115 W DeviceAppInfoWork: missing version info.
11-11 15:37:04.810  3072 11017 I GmsCoreXrpcWrapper: Returning a channel provider with trafficStatsTag=12803 trafficStatsUid=-1
11-11 15:37:04.823  3866  3961 I Finsky  : [193] vjm.accept(41): SCH: Scheduling phonesky job Id: 12-1, CT: 1636673824522, Constraints: [{ L: 15000, D: 86400000, C: 1, I: 1, N: 1 }]
11-11 15:37:04.840  3072 11017 I Icing   : Usage reports ok 0, Failed Usage reports 0, indexed 0, rejected 0
11-11 15:37:04.851  3072  3708 I Icing   : IndexChimeraService.getServiceInterface callingPackage=com.google.android.gms componentName=null serviceId=30
11-11 15:37:04.867  3072 11017 I GmsCoreXrpcWrapper: Returning a channel provider with trafficStatsTag=12803 trafficStatsUid=-1
11-11 15:37:04.868  3866  3961 I Finsky  : [193] vta.apply(8): SCH: Scheduling 1 system job(s)
11-11 15:37:04.868  3866  3961 I Finsky  : [193] vta.apply(12): SCH: Scheduling system job Id: 9992, L: 14654, D: 50407534, C: false, I: false, N: 1
11-11 15:37:04.883  3072 11017 I Icing   : Usage reports ok 0, Failed Usage reports 0, indexed 0, rejected 0
11-11 15:37:04.884  3072 11017 I Icing   : Indexing com.google.android.gms-apps from com.google.android.gms
11-11 15:37:04.904  3866  3973 I Finsky  : [202] gto.b(32): [ContentSync] finished, scheduled=true
11-11 15:37:04.908  3072 11021 I Icing   : Indexing done com.google.android.gms-apps
11-11 15:37:05.045  3072  3083 I zygote  : Background concurrent copying GC freed 53895(2MB) AllocSpace objects, 9(372KB) LOS objects, 50% free, 11MB/22MB, paused 179us total 155.501ms
11-11 15:37:05.401 11123 11123 D AndroidRuntime: >>>>>> START com.android.internal.os.RuntimeInit uid 2000 <<<<<<
11-11 15:37:05.414 11123 11123 W app_process: Could not reserve sentinel fault page
11-11 15:37:05.588 11123 11123 I app_process: The ClassLoaderContext is a special shared library.
11-11 15:37:05.650 11123 11123 D AndroidRuntime: Calling main entry com.android.commands.pm.Pm
11-11 15:37:05.660 11132 11132 E asset   : setgid: Operation not permitted
11-11 15:37:05.919  3866  3866 I Finsky  : [2] adzl.c(7): Install-time verification requested for package com.example.benchmark.ui.test, id = 17
11-11 15:37:05.924  3866  3866 E Finsky  : [2] VerifyPerSourceInstallationConsentInstallTask.d(2): Package name null is not an installed package
11-11 15:37:05.931  3866 11115 I Finsky  : [514] aear.a(7): Single user settings service is not running, bind it now
11-11 15:37:05.938  3866  3866 I Finsky  : [2] aeaq.onServiceConnected(1): Single user settings service is connected
11-11 15:37:05.945  3866 11115 W Settings: Setting install_non_market_apps has moved from android.provider.Settings.Global to android.provider.Settings.Secure, returning read-only value.
11-11 15:37:05.953  3866 11115 W PackageParser: Unknown element under <manifest>: queries at /data/app/vmdl605844230.tmp/base.apk Binary XML file line #16
11-11 15:37:06.150  3866 11115 I Finsky  : [514] lll.b(3): Task 7 requested foreground
11-11 15:37:06.151  3866 11115 I Finsky  : [514] lll.b(8): Not entering foreground
11-11 15:37:06.335  3866 11068 I Finsky  : [500] aeeo.c(3): Verify: Verification package=com.example.benchmark.ui.test, id=17 response=0
11-11 15:37:06.363  3866 11115 I Finsky  : [514] VerifyPerSourceInstallationConsentInstallTask.my(2): PSIC verification started with installer uid: 2000 package name: null, originating uid: -1
11-11 15:37:06.366  3866  3866 I Finsky  : [2] VerifyInstallTask.j(1): Returning package verification result id=17, result=1
11-11 15:37:06.345  3866 11115 W PackageParser: Unknown element under <manifest>: queries at /data/app/vmdl605844230.tmp/base.apk Binary XML file line #16
11-11 15:37:06.376  1720  1818 W PackageParser: Unknown element under <manifest>: queries at /data/app/vmdl605844230.tmp/base.apk Binary XML file line #16
11-11 15:37:06.673  1720  1818 I PackageManager.DexOptimizer: Running dexopt (dexoptNeeded=1) on: /data/app/com.example.benchmark.ui.test-gXOzBLPko7s77o9wE-q3Gw==/base.apk pkg=com.example.benchmark.ui.test isa=arm dexoptFlags=boot_complete,public target-filter=quicken oatDir=/data/app/com.example.benchmark.ui.test-gXOzBLPko7s77o9wE-q3Gw==/oat sharedLibraries=PCL[/system/framework/android.test.mock.jar:/system/framework/android.test.runner.jar]
11-11 15:37:06.731 11135 11135 I dex2oat : /system/bin/dex2oat --input-vdex-fd=-1 --output-vdex-fd=11 --compiler-filter=quicken --classpath-dir=/data/app/com.example.benchmark.ui.test-gXOzBLPko7s77o9wE-q3Gw== --class-loader-context=PCL[/system/framework/android.test.mock.jar:/system/framework/android.test.runner.jar]
11-11 15:37:06.738 11135 11135 W dex2oat : Could not reserve sentinel fault page
11-11 15:37:07.538 11135 11135 I dex2oat : dex2oat took 809.022ms (2.739s cpu) (threads: 8) arena alloc=14KB (15056B) java alloc=1076KB (1102672B) native alloc=2MB (2496800B) free=1657KB (1697504B)
11-11 15:37:07.549  1720  1818 V BackupManagerService: restoreAtInstall pkg=com.example.benchmark.ui.test token=12 restoreSet=0
11-11 15:37:07.549  1720  1818 V BackupManagerService: Finishing install immediately
11-11 15:37:07.555  1025  1892 E         : Couldn't opendir /data/app/vmdl605844230.tmp: No such file or directory
11-11 15:37:07.555  1025  1892 E installd: Failed to delete /data/app/vmdl605844230.tmp: No such file or directory
11-11 15:37:07.561 11123 11123 I Pm      : Package com.example.benchmark.ui.test installed in 1906 ms
11-11 15:37:07.563  1720  5942 D PackageInstaller: Ignoring abandon after commit relinquished control
11-11 15:37:07.564 11123 11123 I app_process: System.exit called, status: 0
11-11 15:37:07.565 11123 11123 I AndroidRuntime: VM exiting with result code 0.
11-11 15:37:07.580  2652  2652 I GsaVoiceInteractionSrv: O received Intent { act=android.intent.action.PACKAGE_ADDED dat=package:com.example.benchmark.ui.test flg=0x4000010 (has extras) }
11-11 15:37:07.581  1720  1803 W BroadcastQueue: Background execution not allowed: receiving Intent { act=android.intent.action.PACKAGE_ADDED dat=package:com.example.benchmark.ui.test flg=0x4000010 (has extras) } to com.android.vending/com.google.android.finsky.packagemanager.impl.PackageMonitorReceiverImpl$RegisteredReceiver
11-11 15:37:07.583  2384  2384 D MayaFrameworkProxyService: receive intent :Intent { act=android.intent.action.PACKAGE_ADDED dat=package:com.example.benchmark.ui.test flg=0x4000010 (has extras) }
11-11 15:37:07.589  1720  5942 W BroadcastQueue: Background execution not allowed: receiving Intent { act=android.intent.action.PACKAGE_ADDED dat=package:com.example.benchmark.ui.test flg=0x4000010 (has extras) } to com.google.android.gms/.games.chimera.GamesSystemBroadcastReceiverProxy
11-11 15:37:07.591  1720  1803 W BroadcastQueue: Background execution not allowed: receiving Intent { act=android.intent.action.PACKAGE_ADDED dat=package:com.example.benchmark.ui.test flg=0x4000010 (has extras) } to com.google.android.gms/.gass.chimera.PackageChangeBroadcastReceiver
11-11 15:37:07.591  1720  1803 W BroadcastQueue: Background execution not allowed: receiving Intent { act=android.intent.action.PACKAGE_ADDED dat=package:com.example.benchmark.ui.test flg=0x4000010 (has extras) } to com.google.android.gms/.chimera.GmsIntentOperationService$PersistentTrustedReceiver
11-11 15:37:07.589  3866  3866 I Finsky  : [2] srb.i(0): PackageMonitorReceiverImpl - Received: android.intent.action.PACKAGE_ADDED, [W9DLLGjsI04vVDFUL0wxF9vnskpOVN-UuuS4kexohBk]
11-11 15:37:07.592  1720  2002 I InputReader: Reconfiguring input devices.  changes=0x00000010
11-11 15:37:07.592  3866  3866 I Finsky  : [2] srz.n(8): Invalidating cached PackageState for com.example.benchmark.ui.test
11-11 15:37:07.593  1720  1720 W ResourceType: For resource 0x7f150f3d, entry index(3901) is beyond type entryCount(1963)
11-11 15:37:07.593  1720  1720 W ResourceType: For resource 0x7f08099a, entry index(2458) is beyond type entryCount(1645)
11-11 15:37:07.596  1720  1720 W ResourceType: For resource 0x7f15081d, entry index(2077) is beyond type entryCount(1963)
11-11 15:37:07.596  1720  1720 W ResourceType: For resource 0x7f08099a, entry index(2458) is beyond type entryCount(1645)
11-11 15:37:07.597  1720  1803 W BroadcastQueue: Background execution not allowed: receiving Intent { act=android.intent.action.PACKAGE_ADDED dat=package:com.example.benchmark.ui.test flg=0x4000010 (has extras) } to com.google.android.googlequicksearchbox/com.google.android.apps.gsa.googlequicksearchbox.GelStubAppWatcher
11-11 15:37:07.597  1720  1720 W ResourceType: For resource 0x7f150a78, entry index(2680) is beyond type entryCount(1963)
11-11 15:37:07.598  1720  1720 W ResourceType: For resource 0x7f08099a, entry index(2458) is beyond type entryCount(1645)
11-11 15:37:07.598  1720  1803 W BroadcastQueue: Background execution not allowed: receiving Intent { act=android.intent.action.PACKAGE_ADDED dat=package:com.example.benchmark.ui.test flg=0x4000010 (has extras) } to com.google.android.ims/.receivers.RcsAutoStartReceiver
11-11 15:37:07.637  1720  1720 W ResourceType: For resource 0x7f15135b, entry index(4955) is beyond type entryCount(1963)
11-11 15:37:07.638  3866  3866 I Finsky  : [2] xin.a(8): Clearing split related stale data.
11-11 15:37:07.640  1720  1720 W ResourceType: For resource 0x7f15135c, entry index(4956) is beyond type entryCount(1963)
11-11 15:37:07.653  3866  3973 I Finsky  : [202] fws.a(5): AIM: AppInfoManager-Perf > OnDeviceAppInfo > cacheHitCount=0, cacheMissCount=1. Missed  in cache (limit 10) : [com.example.benchmark.ui.test]
11-11 15:37:07.655  3866  3866 I Finsky  : [2] afbn.c(3): Do not start WearSupportService due to Wear service optimization
11-11 15:37:07.671  3072 11113 I Auth    : [SupervisedAccountIntentOperation] onHandleIntent(): android.intent.action.PACKAGE_ADDED
11-11 15:37:07.673  3072 11113 I BlockstoreStorage: Clearing Blockstore Data for package com.example.benchmark.ui.test [CONTEXT service_id=258 ]
11-11 15:37:07.677  3072 11113 I BlockstoreStorage: No metadata found. Skipping deletion. [CONTEXT service_id=258 ]
11-11 15:37:07.678  1720  1720 I TelecomService: DefaultDialerCache: Refreshing default dialer for user 0: now com.android.dialer: DDC.oR@AOg
11-11 15:37:07.678  2632 11098 I FontLog : Package com.example.benchmark.ui.test has no metadata [CONTEXT service_id=132 ]
11-11 15:37:07.679  2632 11104 W GCM     : Unexpected forwarded intent: Intent { act=android.intent.action.PACKAGE_ADDED dat=package:com.example.benchmark.ui.test flg=0x4000010 pkg=com.google.android.gms cmp=com.google.android.gms/.chimera.PersistentIntentOperationService (has extras) }
11-11 15:37:07.681  2632 11094 W GCM     : Unexpected forwarded intent: Intent { act=android.intent.action.PACKAGE_ADDED dat=package:com.example.benchmark.ui.test flg=0x4000010 pkg=com.google.android.gms cmp=com.google.android.gms/.chimera.PersistentIntentOperationService (has extras) }
11-11 15:37:07.689  3866 11092 I Finsky  : [509] gky.accept(26): Asset module storage cleared for package com.example.benchmark.ui.test.
11-11 15:37:07.691  3866 11086 I Finsky  : [504] ezx.run(5): Wrote row to frosting DB: 6440
11-11 15:37:07.693  3866  3973 I Finsky  : [202] fws.a(5): AIM: AppInfoManager-Perf > OnDeviceAppInfo > cacheHitCount=0, cacheMissCount=1. Missed  in cache (limit 10) : [com.example.benchmark.ui.test]
11-11 15:37:07.711  3866 11093 I Finsky  : [510] gto.b(32): [ContentSync] finished, scheduled=false
11-11 15:37:07.718  3072  3072 D BoundBrokerSvc: onBind: Intent { act=com.google.android.gms.common.BIND_SHARED_PREFS pkg=com.google.android.gms }
11-11 15:37:07.718  3072  3072 D BoundBrokerSvc: Loading bound service for intent: Intent { act=com.google.android.gms.common.BIND_SHARED_PREFS pkg=com.google.android.gms }
11-11 15:37:07.727  2393  2393 D CarrierSvcBindHelper: No carrier app for: 0
11-11 15:37:07.727  3072  3072 D BoundBrokerSvc: onUnbind: Intent { act=com.google.android.gms.common.BIND_SHARED_PREFS pkg=com.google.android.gms }
11-11 15:37:07.729  2393  2393 D CarrierSvcBindHelper: No carrier app for: 1
11-11 15:37:07.748  3866 11086 I Finsky  : [504] ezx.run(5): Wrote row to frosting DB: 6441
11-11 15:37:07.772  2393  2393 E VvmPkgInstalledRcvr: cannot create TelephonyManager from ComponentInfo{com.android.phone/com.android.services.telephony.TelephonyConnectionService}, [****], UserHandle{0}
11-11 15:37:07.772  2393  2393 D ImsResolver: maybeAddedImsService, packageName: com.example.benchmark.ui.test
11-11 15:37:07.773  2393  2393 D CarrierConfigLoader: mHandler: 9 phoneId: 0
11-11 15:37:07.785  2632  3110 W ChimeraUtils: Module com.google.android.gms.nearby_en has empty metadata display_name_string_id
11-11 15:37:07.793  3866  3866 I Finsky  : [2] VerifyInstallTask.mx(6): Verification complete: id=17, package_name=com.example.benchmark.ui.test
11-11 15:37:07.795  3866  3972 I Finsky  : [201] fwi.a(11): AIM: AppInfoManager-Perf > ItemModel > CacheSize=36, cacheHitCount=0, cacheMissCount=0, total appsWithNoServerDataCount=1. Missed  in cache (limit 10) : []
11-11 15:37:07.795  3866  3969 I Finsky  : [198] fwi.a(11): AIM: AppInfoManager-Perf > ItemModel > CacheSize=36, cacheHitCount=0, cacheMissCount=0, total appsWithNoServerDataCount=1. Missed  in cache (limit 10) : []
11-11 15:37:07.798  3866  3972 I Finsky  : [201] fln.accept(24): AIM: AppInfoManager-Perf > getApps > data collection finished
11-11 15:37:07.814  3072 11021 I Icing   : Indexing com.google.android.gms-apps from com.google.android.gms
11-11 15:37:07.816  3072 11021 I Icing   : Indexing done com.google.android.gms-apps
11-11 15:37:07.818  2632  3110 W ChimeraUtils: Module com.google.android.gms.nearby_en has empty metadata display_name_string_id
11-11 15:37:07.823  2632  3110 W ChimeraUtils: Module com.google.android.gms.nearby_en has empty metadata display_name_string_id
11-11 15:37:07.836  1720  1734 I zygote  : Background concurrent copying GC freed 85037(3MB) AllocSpace objects, 25(1140KB) LOS objects, 42% free, 16MB/29MB, paused 427us total 282.047ms
11-11 15:37:07.872  2860  3066 I DeviceAppInfoWork: refreshDeviceAppInfoForAccount done.
11-11 15:37:07.883  2860  3103 W DeviceAppInfoWork: missing version info.
11-11 15:37:08.340 11155 11155 D AndroidRuntime: >>>>>> START com.android.internal.os.RuntimeInit uid 2000 <<<<<<
11-11 15:37:08.352 11155 11155 W app_process: Could not reserve sentinel fault page
11-11 15:37:08.516 11155 11155 I app_process: The ClassLoaderContext is a special shared library.
11-11 15:37:08.591 11155 11155 D AndroidRuntime: Calling main entry com.android.commands.content.Content
11-11 15:37:08.630 11155 11155 D AndroidRuntime: Shutting down VM
11-11 15:37:09.713 11175 11175 D AndroidRuntime: >>>>>> START com.android.internal.os.RuntimeInit uid 2000 <<<<<<
11-11 15:37:09.726 11175 11175 W app_process: Could not reserve sentinel fault page
11-11 15:37:09.890 11175 11175 I app_process: The ClassLoaderContext is a special shared library.
11-11 15:37:09.953 11175 11175 D AndroidRuntime: Calling main entry com.android.commands.am.Am
11-11 15:37:09.962  1720  3749 I ActivityManager: Force stopping com.example.benchmark.ui appid=10645 user=0: start instr
11-11 15:37:09.982  1720  3749 I ActivityManager: Start proc 11185:com.example.benchmark.ui/u0a645 for added application com.example.benchmark.ui
11-11 15:37:10.043 11185 11185 I zygote  : The ClassLoaderContext is a special shared library.
11-11 15:37:10.045 11185 11185 I zygote  : The ClassLoaderContext is a special shared library.
11-11 15:37:10.049 11185 11185 W zygote  : ClassLoaderContext classpath element mismatch for position 0. expected=/system/framework/android.test.mock.jar, found=/system/framework/android.test.runner.jar (PCL[/system/framework/android.test.mock.jar*1065265343:/system/framework/android.test.runner.jar*1742119008] | PCL[/system/framework/android.test.runner.jar*1742119008:/system/framework/android.test.mock.jar*1065265343])
11-11 15:37:10.050 11185 11185 W zygote  : Found duplicate classes, falling back to extracting from APK : /data/app/com.example.benchmark.ui.test-gXOzBLPko7s77o9wE-q3Gw==/base.apk
11-11 15:37:10.050 11185 11185 W zygote  : NOTE: This wastes RAM and hurts startup performance.
11-11 15:37:10.050 11185 11185 W zygote  : Found duplicated class when checking oat files: 'Ljunit/runner/BaseTestRunner;' in /data/app/com.example.benchmark.ui.test-gXOzBLPko7s77o9wE-q3Gw==/base.apk and /system/framework/android.test.runner.jar
11-11 15:37:10.050 11185 11185 W zygote  : 
11-11 15:37:10.207 11185 11185 W zygote  : ClassLoaderContext classpath size mismatch for position 0. expected=0, found=3 (PCL[] | PCL[/system/framework/android.test.runner.jar*1742119008:/system/framework/android.test.mock.jar*1065265343:/data/app/com.example.benchmark.ui.test-gXOzBLPko7s77o9wE-q3Gw==/base.apk*1554824411])
11-11 15:37:10.222 11185 11185 W System  : ClassLoader referenced unknown path: 
11-11 15:37:10.258 11185 11185 I MonitoringInstr: Instrumentation started!
11-11 15:37:10.276 11185 11185 V TestEventClient: No service name argument was given (testDiscoveryService, testRunEventService or orchestratorService)
11-11 15:37:10.279 11185 11185 I MonitoringInstr: No JSBridge.
11-11 15:37:10.311 11185 11200 D InfraTrack: Tracking disabled due to lack of internet permissions
11-11 15:37:10.311 11185 11200 I UsageTrackerFacilitator: Usage tracking disabled
11-11 15:37:10.371 11185 11200 D TestExecutor: Adding listener androidx.test.internal.runner.listener.LogRunListener
11-11 15:37:10.372 11185 11200 D TestExecutor: Adding listener androidx.test.internal.runner.listener.InstrumentationResultPrinter
11-11 15:37:10.372 11185 11200 D TestExecutor: Adding listener androidx.test.internal.runner.listener.ActivityFinisherRunListener
11-11 15:37:10.376 11185 11200 I TestRunner: run started: 2 tests
11-11 15:37:10.437  2860  3032 I A       : NGA disabled due to not being eligible.
11-11 15:37:10.442 11185 11200 I TestRunner: started: buildParagraph(com.example.benchmark.RecyclerViewBenchmark)
11-11 15:37:10.450 11185 11200 I UiAutomationShellCmd: Requesting permission: pm grant com.example.benchmark.ui android.permission.READ_EXTERNAL_STORAGE
11-11 15:37:10.701  5949  5990 D Checkin : publish the event [tag = MOT_DEVICE_STATS_L1 event name = SettingLogs]
11-11 15:37:11.084 11202 11202 D AndroidRuntime: >>>>>> START com.android.internal.os.RuntimeInit uid 2000 <<<<<<
11-11 15:37:11.097 11202 11202 W app_process: Could not reserve sentinel fault page
11-11 15:37:11.263 11202 11202 I app_process: The ClassLoaderContext is a special shared library.
11-11 15:37:11.329 11202 11202 D AndroidRuntime: Calling main entry com.android.commands.pm.Pm
11-11 15:37:11.337 11202 11202 I app_process: System.exit called, status: 1
11-11 15:37:11.338 11202 11202 I AndroidRuntime: VM exiting with result code 1.
11-11 15:37:12.257 11223 11223 D AndroidRuntime: >>>>>> START com.android.internal.os.RuntimeInit uid 2000 <<<<<<
11-11 15:37:12.270 11223 11223 W app_process: Could not reserve sentinel fault page
11-11 15:37:12.361 11185 11200 E GrantPermissionCallable: Permission: android.permission.READ_EXTERNAL_STORAGE cannot be granted!
11-11 15:37:12.363 11185 11200 E TestRunner: failed: buildParagraph(com.example.benchmark.RecyclerViewBenchmark)
11-11 15:37:12.363 11185 11200 E TestRunner: ----- begin exception -----
11-11 15:37:12.364 11185 11200 E TestRunner: junit.framework.AssertionFailedError: Failed to grant permissions, see logcat for details
11-11 15:37:12.364 11185 11200 E TestRunner: 	at junit.framework.Assert.fail(Assert.java:50)
11-11 15:37:12.364 11185 11200 E TestRunner: 	at androidx.test.runner.permission.PermissionRequester.requestPermissions(PermissionRequester.java:111)
11-11 15:37:12.364 11185 11200 E TestRunner: 	at androidx.test.rule.GrantPermissionRule$RequestPermissionStatement.evaluate(GrantPermissionRule.java:133)
11-11 15:37:12.364 11185 11200 E TestRunner: 	at org.junit.rules.RunRules.evaluate(RunRules.java:20)
11-11 15:37:12.364 11185 11200 E TestRunner: 	at org.junit.runners.ParentRunner.runLeaf(ParentRunner.java:325)
11-11 15:37:12.364 11185 11200 E TestRunner: 	at org.junit.runners.BlockJUnit4ClassRunner.runChild(BlockJUnit4ClassRunner.java:78)
11-11 15:37:12.364 11185 11200 E TestRunner: 	at org.junit.runners.BlockJUnit4ClassRunner.runChild(BlockJUnit4ClassRunner.java:57)
11-11 15:37:12.364 11185 11200 E TestRunner: 	at org.junit.runners.ParentRunner$3.run(ParentRunner.java:290)
11-11 15:37:12.364 11185 11200 E TestRunner: 	at org.junit.runners.ParentRunner$1.schedule(ParentRunner.java:71)
11-11 15:37:12.364 11185 11200 E TestRunner: 	at org.junit.runners.ParentRunner.runChildren(ParentRunner.java:288)
11-11 15:37:12.364 11185 11200 E TestRunner: 	at org.junit.runners.ParentRunner.access$000(ParentRunner.java:58)
11-11 15:37:12.364 11185 11200 E TestRunner: 	at org.junit.runners.ParentRunner$2.evaluate(ParentRunner.java:268)
11-11 15:37:12.364 11185 11200 E TestRunner: 	at org.junit.runners.ParentRunner.run(ParentRunner.java:363)
11-11 15:37:12.364 11185 11200 E TestRunner: 	at androidx.test.ext.junit.runners.AndroidJUnit4.run(AndroidJUnit4.java:162)
11-11 15:37:12.364 11185 11200 E TestRunner: 	at org.junit.runners.Suite.runChild(Suite.java:128)
11-11 15:37:12.364 11185 11200 E TestRunner: 	at org.junit.runners.Suite.runChild(Suite.java:27)
11-11 15:37:12.364 11185 11200 E TestRunner: 	at org.junit.runners.ParentRunner$3.run(ParentRunner.java:290)
11-11 15:37:12.364 11185 11200 E TestRunner: 	at org.junit.runners.ParentRunner$1.schedule(ParentRunner.java:71)
11-11 15:37:12.364 11185 11200 E TestRunner: 	at org.junit.runners.ParentRunner.runChildren(ParentRunner.java:288)
11-11 15:37:12.364 11185 11200 E TestRunner: 	at org.junit.runners.ParentRunner.access$000(ParentRunner.java:58)
11-11 15:37:12.364 11185 11200 E TestRunner: 	at org.junit.runners.ParentRunner$2.evaluate(ParentRunner.java:268)
11-11 15:37:12.364 11185 11200 E TestRunner: 	at org.junit.runners.ParentRunner.run(ParentRunner.java:363)
11-11 15:37:12.364 11185 11200 E TestRunner: 	at org.junit.runner.JUnitCore.run(JUnitCore.java:137)
11-11 15:37:12.364 11185 11200 E TestRunner: 	at org.junit.runner.JUnitCore.run(JUnitCore.java:115)
11-11 15:37:12.364 11185 11200 E TestRunner: 	at androidx.test.internal.runner.TestExecutor.execute(TestExecutor.java:56)
11-11 15:37:12.364 11185 11200 E TestRunner: 	at androidx.test.runner.AndroidJUnitRunner.onStart(AndroidJUnitRunner.java:444)
11-11 15:37:12.364 11185 11200 E TestRunner: 	at android.app.Instrumentation$InstrumentationThread.run(Instrumentation.java:2169)
11-11 15:37:12.364 11185 11200 E TestRunner: ----- end exception -----
11-11 15:37:12.375 11185 11200 I TestRunner: finished: buildParagraph(com.example.benchmark.RecyclerViewBenchmark)
11-11 15:37:12.387 11185 11200 I TestRunner: started: scroll(com.example.benchmark.RecyclerViewBenchmark)
11-11 15:37:12.392 11185 11200 I UiAutomationShellCmd: Requesting permission: pm grant com.example.benchmark.ui android.permission.READ_EXTERNAL_STORAGE
11-11 15:37:12.435 11223 11223 I app_process: The ClassLoaderContext is a special shared library.
11-11 15:37:12.498 11223 11223 D AndroidRuntime: Calling main entry com.android.commands.pm.Pm
11-11 15:37:12.511 11235 11235 E asset   : setgid: Operation not permitted
11-11 15:37:12.696  3866  3866 I Finsky  : [2] adzl.c(7): Install-time verification requested for package com.example.benchmark.ui, id = 18
11-11 15:37:12.705  3866  3866 E Finsky  : [2] VerifyPerSourceInstallationConsentInstallTask.d(2): Package name null is not an installed package
11-11 15:37:12.712  3866 11115 I Finsky  : [514] aear.a(7): Single user settings service is not running, bind it now
11-11 15:37:12.717  3866  3866 I Finsky  : [2] aeaq.onServiceConnected(1): Single user settings service is connected
11-11 15:37:12.725  3866 11115 W Settings: Setting install_non_market_apps has moved from android.provider.Settings.Global to android.provider.Settings.Secure, returning read-only value.
11-11 15:37:12.933  3866 11115 I Finsky  : [514] lll.b(3): Task 7 requested foreground
11-11 15:37:12.935  3866 11115 I Finsky  : [514] lll.b(8): Not entering foreground
11-11 15:37:12.990  1720  1923 D BatteryService: uevent={POWER_SUPPLY_VOLTAGE_NOW=4327977, POWER_SUPPLY_CHARGE_RATE=Normal, POWER_SUPPLY_HEALTH=Good, POWER_SUPPLY_CURRENT_NOW=152, POWER_SUPPLY_PRESENT=1, SUBSYSTEM=power_supply, POWER_SUPPLY_TEMP=250, SEQNUM=4133, ACTION=change, POWER_SUPPLY_NAME=battery, POWER_SUPPLY_STATUS=Full, POWER_SUPPLY_CHARGE_COUNTER=2775269, POWER_SUPPLY_CAPACITY=100, DEVPATH=/devices/soc/qpnp-smbcharger-17/power_supply/battery}
11-11 15:37:12.995 11224 11224 D AndroidRuntime: >>>>>> START com.android.internal.os.RuntimeInit uid 2000 <<<<<<
11-11 15:37:12.998  2393  2393 D QtiCarrierConfigHelper: WARNING, no carrier configs on phone Id: 0
11-11 15:37:13.008 11224 11224 W app_process: Could not reserve sentinel fault page
11-11 15:37:13.102  3866 11068 I Finsky  : [500] aeeo.c(3): Verify: Verification package=com.example.benchmark.ui, id=18 response=0
11-11 15:37:13.135  3866 11115 I Finsky  : [514] VerifyPerSourceInstallationConsentInstallTask.my(2): PSIC verification started with installer uid: 2000 package name: null, originating uid: -1
11-11 15:37:13.140  3866  3866 I Finsky  : [2] VerifyInstallTask.j(1): Returning package verification result id=18, result=1
11-11 15:37:13.159  1720  1803 I ActivityManager: Force stopping com.example.benchmark.ui appid=10645 user=-1: installPackageLI
11-11 15:37:13.159  1720  1803 I ActivityManager: Killing 11185:com.example.benchmark.ui/u0a645 (adj 0): stop com.example.benchmark.ui
11-11 15:37:13.160  1720  1805 W zygote  : kill(-11185, 9) failed: No such process
11-11 15:37:13.160  1720  1803 W ActivityManager: Crash of app com.example.benchmark.ui running instrumentation ComponentInfo{com.example.benchmark.ui.test/androidx.test.runner.AndroidJUnitRunner}
11-11 15:37:13.162  1720 11238 W Binder  : Outgoing transactions from this process must be FLAG_ONEWAY
11-11 15:37:13.162  1720 11238 W Binder  : java.lang.Throwable
11-11 15:37:13.162  1720 11238 W Binder  : 	at android.os.BinderProxy.transact(Binder.java:752)
11-11 15:37:13.162  1720 11238 W Binder  : 	at android.app.IInstrumentationWatcher$Stub$Proxy.instrumentationFinished(IInstrumentationWatcher.java:160)
11-11 15:37:13.162  1720 11238 W Binder  : 	at com.android.server.am.InstrumentationReporter$MyThread.run(InstrumentationReporter.java:86)
11-11 15:37:13.164 11175 11175 D AndroidRuntime: Shutting down VM
11-11 15:37:13.175  1720  1805 W zygote  : kill(-11185, 9) failed: No such process
11-11 15:37:13.176 11224 11224 I app_process: The ClassLoaderContext is a special shared library.
11-11 15:37:13.178  1720  8591 W WindowManager: removeWindowToken: Attempted to remove non-existing token: android.os.Binder@b35519b
11-11 15:37:13.191  1720  1805 W zygote  : kill(-11185, 9) failed: No such process
11-11 15:37:13.191  1720  1805 I zygote  : Successfully killed process cgroup uid 10645 pid 11185 in 30ms
11-11 15:37:13.243 11224 11224 D AndroidRuntime: Calling main entry com.android.commands.pm.Pm
11-11 15:37:13.274  1720  1803 I ActivityManager: Force stopping com.example.benchmark.ui appid=-1 user=0: finished inst
11-11 15:37:13.278  1720  1818 I PackageManager: Package com.example.benchmark.ui codePath changed from /data/app/com.example.benchmark.ui-DRrRyynxP-6x5Higm0D18Q== to /data/app/com.example.benchmark.ui-Y8fUAD3Q8qE-879vsf45RQ==; Retaining data and using new
11-11 15:37:13.280  1720  1818 W PackageManager: Code path for com.example.benchmark.ui changing from /data/app/com.example.benchmark.ui-DRrRyynxP-6x5Higm0D18Q== to /data/app/com.example.benchmark.ui-Y8fUAD3Q8qE-879vsf45RQ==
11-11 15:37:13.280  1720  1818 W PackageManager: Resource path for com.example.benchmark.ui changing from /data/app/com.example.benchmark.ui-DRrRyynxP-6x5Higm0D18Q== to /data/app/com.example.benchmark.ui-Y8fUAD3Q8qE-879vsf45RQ==
11-11 15:37:13.280  1720  1804 W Looper  : Dispatch took 121ms on android.ui, h=Handler (com.android.server.am.ActivityManagerService$UiHandler) {945da8f} cb=null msg=53
11-11 15:37:13.291 11224 11224 I app_process: System.exit called, status: 1
11-11 15:37:13.292 11224 11224 I AndroidRuntime: VM exiting with result code 1.
11-11 15:37:13.477  2860  3057 I A       : NGA disabled due to not being eligible.
11-11 15:37:13.490  1720  1818 I PackageManager.DexOptimizer: Running dexopt (dexoptNeeded=1) on: /data/app/com.example.benchmark.ui-Y8fUAD3Q8qE-879vsf45RQ==/base.apk pkg=com.example.benchmark.ui isa=arm dexoptFlags=boot_complete,public target-filter=quicken oatDir=/data/app/com.example.benchmark.ui-Y8fUAD3Q8qE-879vsf45RQ==/oat sharedLibraries=PCL[]
11-11 15:37:13.544 11175 11175 W app_process: ConditionVariable::~ConditionVariable for Thread resumption condition variable called with 1 waiters.
11-11 15:37:13.575 11250 11250 I dex2oat : /system/bin/dex2oat --input-vdex-fd=-1 --output-vdex-fd=11 --compiler-filter=quicken --classpath-dir=/data/app/com.example.benchmark.ui-Y8fUAD3Q8qE-879vsf45RQ== --class-loader-context=PCL[]
11-11 15:37:13.582 11250 11250 W dex2oat : Could not reserve sentinel fault page
11-11 15:37:13.729  5949  5990 D Checkin : publish the event [tag = MOT_DEVICE_STATS_L1 event name = SettingLogs]
11-11 15:37:14.251 11254 11254 D AndroidRuntime: >>>>>> START com.android.internal.os.RuntimeInit uid 2000 <<<<<<
11-11 15:37:14.265 11254 11254 W app_process: Could not reserve sentinel fault page
11-11 15:37:14.456 11254 11254 I app_process: The ClassLoaderContext is a special shared library.
11-11 15:37:14.534 11254 11254 D AndroidRuntime: Calling main entry com.android.commands.pm.Pm
11-11 15:37:15.589 11250 11250 I dex2oat : dex2oat took 2.016s (7.840s cpu) (threads: 8) arena alloc=9KB (10160B) java alloc=2MB (2603088B) native alloc=4MB (4959312B) free=2MB (2380720B)
11-11 15:37:15.610  1720  1803 I ActivityManager: Force stopping com.example.benchmark.ui.test appid=10646 user=-1: deletePackageX
11-11 15:37:15.769  1026  1026 I keystore: clear_uid 10646
11-11 15:37:16.104  1720  1818 I zygote  : Explicit concurrent copying GC freed 145436(5MB) AllocSpace objects, 40(1696KB) LOS objects, 42% free, 15MB/26MB, paused 266us total 333.657ms
11-11 15:37:16.119 11254 11270 W MessageQueue: Handler (android.os.Handler) {1832751} sending message to a Handler on a dead thread
11-11 15:37:16.119 11254 11270 W MessageQueue: java.lang.IllegalStateException: Handler (android.os.Handler) {1832751} sending message to a Handler on a dead thread
11-11 15:37:16.119 11254 11270 W MessageQueue: 	at android.os.MessageQueue.enqueueMessage(MessageQueue.java:547)
11-11 15:37:16.119 11254 11270 W MessageQueue: 	at android.os.Handler.enqueueMessage(Handler.java:662)
11-11 15:37:16.119 11254 11270 W MessageQueue: 	at android.os.Handler.sendMessageAtTime(Handler.java:631)
11-11 15:37:16.119 11254 11270 W MessageQueue: 	at android.os.Handler.sendMessageDelayed(Handler.java:601)
11-11 15:37:16.119 11254 11270 W MessageQueue: 	at android.os.Handler.post(Handler.java:357)
11-11 15:37:16.119 11254 11270 W MessageQueue: 	at android.os.ResultReceiver$MyResultReceiver.send(ResultReceiver.java:57)
11-11 15:37:16.119 11254 11270 W MessageQueue: 	at com.android.internal.os.IResultReceiver$Stub.onTransact(IResultReceiver.java:58)
11-11 15:37:16.119 11254 11270 W MessageQueue: 	at android.os.Binder.execTransact(Binder.java:697)
11-11 15:37:16.120 11254 11254 I app_process: System.exit called, status: 0
11-11 15:37:16.120 11254 11254 I AndroidRuntime: VM exiting with result code 0.
11-11 15:37:16.405  1720  1818 I zygote  : Explicit concurrent copying GC freed 1313(104KB) AllocSpace objects, 2(40KB) LOS objects, 42% free, 15MB/26MB, paused 136us total 288.948ms
11-11 15:37:16.414  1025  1892 E         : Couldn't opendir /data/app/vmdl1282398042.tmp: No such file or directory
11-11 15:37:16.415  1025  1892 E installd: Failed to delete /data/app/vmdl1282398042.tmp: No such file or directory
11-11 15:37:16.418 11223 11223 I Pm      : Package com.example.benchmark.ui installed in 3913 ms
11-11 15:37:16.420  1720  1818 I ActivityManager: Force stopping com.example.benchmark.ui.test appid=10646 user=0: pkg removed
11-11 15:37:16.425  1720  1818 D KernelUidCpuTimeReader: Removing uids 10646-10646
11-11 15:37:16.426  1720  1818 I ActivityManager: Force stopping com.example.benchmark.ui appid=10645 user=0: pkg removed
11-11 15:37:16.434 11223 11223 I app_process: System.exit called, status: 0
11-11 15:37:16.434 11223 11223 I AndroidRuntime: VM exiting with result code 0.
11-11 15:37:16.453  2652  2652 I GsaVoiceInteractionSrv: O received Intent { act=android.intent.action.PACKAGE_REMOVED dat=package:com.example.benchmark.ui.test flg=0x4000010 (has extras) }
11-11 15:37:16.453  2652  2652 I GsaVoiceInteractionSrv: O received Intent { act=android.intent.action.PACKAGE_REMOVED dat=package:com.example.benchmark.ui flg=0x4000010 (has extras) }
11-11 15:37:16.471  1720  2002 I InputReader: Reconfiguring input devices.  changes=0x00000010
11-11 15:37:16.474  1720  2002 I chatty  : uid=1000(system) InputReader identical 1 line
11-11 15:37:16.485  1720  2002 I InputReader: Reconfiguring input devices.  changes=0x00000010
11-11 15:37:16.488  2384  2384 D MayaFrameworkProxyService: receive intent :Intent { act=android.intent.action.PACKAGE_ADDED dat=package:com.example.benchmark.ui flg=0x4000010 (has extras) }
11-11 15:37:16.489  1720  1803 W BroadcastQueue: Background execution not allowed: receiving Intent { act=android.intent.action.PACKAGE_REMOVED dat=package:com.example.benchmark.ui.test flg=0x4000010 (has extras) } to com.android.vending/com.google.android.finsky.packagemanager.impl.PackageMonitorReceiverImpl$RegisteredReceiver
11-11 15:37:16.490  1720  1803 W BroadcastQueue: Background execution not allowed: receiving Intent { act=android.intent.action.PACKAGE_REMOVED dat=package:com.example.benchmark.ui.test flg=0x4000010 (has extras) } to com.android.vending/com.google.android.finsky.instantapps.appmanagement.InstantAppRemoveMonitor
11-11 15:37:16.491  1720  1803 W BroadcastQueue: Background execution not allowed: receiving Intent { act=android.intent.action.PACKAGE_REMOVED dat=package:com.example.benchmark.ui.test flg=0x4000010 (has extras) } to com.google.android.apps.maps/com.google.android.libraries.social.peoplekit.thirdparty.viewcontrollers.ThirdPartyReceiver
11-11 15:37:16.494  3866  3866 I Finsky  : [2] srb.i(0): PackageMonitorReceiverImpl - Received: android.intent.action.PACKAGE_REMOVED, [W9DLLGjsI04vVDFUL0wxF9vnskpOVN-UuuS4kexohBk]
11-11 15:37:16.494  3866  3866 I Finsky  : [2] srz.n(8): Invalidating cached PackageState for com.example.benchmark.ui.test
11-11 15:37:16.496  3866  3866 I Finsky  : [2] srz.s(3): Package no longer installed: com.example.benchmark.ui.test
11-11 15:37:16.506  1720  1803 W BroadcastQueue: Background execution not allowed: receiving Intent { act=android.intent.action.PACKAGE_REMOVED dat=package:com.example.benchmark.ui.test flg=0x4000010 (has extras) } to com.google.android.apps.photos/com.google.android.libraries.social.peoplekit.thirdparty.viewcontrollers.ThirdPartyReceiver
11-11 15:37:16.507  1720  1803 W BroadcastQueue: Background execution not allowed: receiving Intent { act=android.intent.action.PACKAGE_REMOVED dat=package:com.example.benchmark.ui.test flg=0x4000010 (has extras) } to com.google.android.gms/.games.chimera.GamesSystemBroadcastReceiverProxy
11-11 15:37:16.507  2384  2384 D MayaFrameworkProxyService: receive intent :Intent { act=android.intent.action.PACKAGE_REPLACED dat=package:com.example.benchmark.ui flg=0x4000010 (has extras) }
11-11 15:37:16.507  1720  1803 W BroadcastQueue: Background execution not allowed: receiving Intent { act=android.intent.action.PACKAGE_REMOVED dat=package:com.example.benchmark.ui.test flg=0x4000010 (has extras) } to com.google.android.gms/.chimera.GmsIntentOperationService$PersistentTrustedReceiver
11-11 15:37:16.507  1720  1803 W BroadcastQueue: Background execution not allowed: receiving Intent { act=android.intent.action.PACKAGE_REMOVED dat=package:com.example.benchmark.ui.test flg=0x4000010 (has extras) } to com.google.android.googlequicksearchbox/com.google.android.apps.gsa.googlequicksearchbox.GelStubAppWatcher
11-11 15:37:16.508  1720  2002 I InputReader: Reconfiguring input devices.  changes=0x00000010
11-11 15:37:16.511  2652  2652 I GsaVoiceInteractionSrv: O received Intent { act=android.intent.action.PACKAGE_ADDED dat=package:com.example.benchmark.ui flg=0x4000010 (has extras) }
11-11 15:37:16.512  2652  2652 I GsaVoiceInteractionSrv: O received Intent { act=android.intent.action.PACKAGE_REPLACED dat=package:com.example.benchmark.ui flg=0x4000010 (has extras) }
11-11 15:37:16.529  1720  1802 W ResourceType: ResTable_typeSpec entry count inconsistent: given 67, previously 69
11-11 15:37:16.529  1720  1720 W ResourceType: ResTable_typeSpec entry count inconsistent: given 67, previously 69
11-11 15:37:16.532  2393  2393 D CarrierSvcBindHelper: No carrier app for: 0
11-11 15:37:16.533  2393  2393 D CarrierSvcBindHelper: No carrier app for: 1
11-11 15:37:16.533  1720  1802 W ResourceType: ResTable_typeSpec entry count inconsistent: given 67, previously 69
11-11 15:37:16.556  2393  2393 E VvmPkgInstalledRcvr: cannot create TelephonyManager from ComponentInfo{com.android.phone/com.android.services.telephony.TelephonyConnectionService}, [****], UserHandle{0}
11-11 15:37:16.556  1720  1720 W ResourceType: ResTable_typeSpec entry count inconsistent: given 12, previously 14
11-11 15:37:16.558  1720  1720 W ResourceType: ResTable_typeSpec entry count inconsistent: given 965, previously 973
11-11 15:37:16.559  1720  1720 W ResourceType: ResTable_typeSpec entry count inconsistent: given 499, previously 1726
11-11 15:37:16.559  1720  1720 W ResourceType: ResTable_typeSpec entry count inconsistent: given 314, previously 1985
11-11 15:37:16.559  3866  3866 I Finsky  : [2] xin.a(8): Clearing split related stale data.
11-11 15:37:16.567  3072  3083 I zygote  : Background concurrent copying GC freed 19831(1248KB) AllocSpace objects, 4(144KB) LOS objects, 49% free, 11MB/22MB, paused 125us total 138.593ms
11-11 15:37:16.571  3866 11092 I Finsky  : [509] gky.accept(26): Asset module storage cleared for package com.example.benchmark.ui.test.
11-11 15:37:16.577  1720  1720 W ResourceType: ResTable_typeSpec entry count inconsistent: given 85, previously 89
11-11 15:37:16.577  1720  1720 W ResourceType: ResTable_typeSpec entry count inconsistent: given 1645, previously 3015
11-11 15:37:16.579  1720  1720 W ResourceType: ResTable_typeSpec entry count inconsistent: given 3023, previously 3015
11-11 15:37:16.580  1720  1720 W ResourceType: ResTable_typeSpec entry count inconsistent: given 1963, previously 5553
11-11 15:37:16.580  1720  1720 W ResourceType: ResTable_typeSpec entry count inconsistent: given 465, previously 3050
11-11 15:37:16.583  1720  1802 W ResourceType: ResTable_typeSpec entry count inconsistent: given 2848, previously 2851
11-11 15:37:16.583  1720  1720 W ResourceType: For resource 0x7f150f3d, entry index(3901) is beyond type entryCount(1963)
11-11 15:37:16.583  1720  1720 W ResourceType: For resource 0x7f08099a, entry index(2458) is beyond type entryCount(1645)
11-11 15:37:16.583  1720  1720 W ResourceType: For resource 0x7f15081d, entry index(2077) is beyond type entryCount(1963)
11-11 15:37:16.583  1720  1720 W ResourceType: For resource 0x7f08099a, entry index(2458) is beyond type entryCount(1645)
11-11 15:37:16.584  1720  1720 W ResourceType: For resource 0x7f150a78, entry index(2680) is beyond type entryCount(1963)
11-11 15:37:16.584  1720  1720 W ResourceType: For resource 0x7f08099a, entry index(2458) is beyond type entryCount(1645)
11-11 15:37:16.585  1720  1802 W ResourceType: ResTable_typeSpec entry count inconsistent: given 2888, previously 2891
11-11 15:37:16.585  1720  1802 W ResourceType: ResTable_typeSpec entry count inconsistent: given 338, previously 2111
11-11 15:37:16.604  3866  3972 I Finsky  : [201] fws.a(5): AIM: AppInfoManager-Perf > OnDeviceAppInfo > cacheHitCount=0, cacheMissCount=1. Missed  in cache (limit 10) : [com.example.benchmark.ui.test]
11-11 15:37:16.605  3866  3866 I Finsky  : [2] afbn.c(3): Do not start WearSupportService due to Wear service optimization
11-11 15:37:16.608  1720  1720 I ConditionProviders: Disallowing condition provider com.example.benchmark.ui.test
11-11 15:37:16.629  1720  1720 W ResourceType: ResTable_typeSpec entry count inconsistent: given 15, previously 26
11-11 15:37:16.632  1720  1720 W ResourceType: ResTable_typeSpec entry count inconsistent: given 763, previously 1740
11-11 15:37:16.632  1720  1720 W ResourceType: ResTable_typeSpec entry count inconsistent: given 1307, previously 1306
11-11 15:37:16.632  1720  1720 W ResourceType: ResTable_typeSpec entry count inconsistent: given 348, previously 2447
11-11 15:37:16.634  1720  1802 W ResourceType: ResTable_typeSpec entry count inconsistent: given 15, previously 26
11-11 15:37:16.634  1720  1802 W ResourceType: ResTable_typeSpec entry count inconsistent: given 763, previously 1740
11-11 15:37:16.634  1720  1802 W ResourceType: ResTable_typeSpec entry count inconsistent: given 1307, previously 1306
11-11 15:37:16.634  1720  1802 W ResourceType: ResTable_typeSpec entry count inconsistent: given 348, previously 2447
11-11 15:37:16.643  1720  1720 W ResourceType: For resource 0x7f15135b, entry index(4955) is beyond type entryCount(1963)
11-11 15:37:16.644  1720  1720 W ResourceType: For resource 0x7f15135c, entry index(4956) is beyond type entryCount(1963)
11-11 15:37:16.665  3072 11293 I BlockstoreStorage: Clearing all the Blockstore Data for package com.example.benchmark.ui.test [CONTEXT service_id=258 ]
11-11 15:37:16.665  3072 11293 I BlockstoreStorage: Clearing all the Blockstore Data for 1 packages [CONTEXT service_id=258 ]
11-11 15:37:16.669  2393  2393 E VvmPkgInstalledRcvr: cannot create TelephonyManager from ComponentInfo{com.android.phone/com.android.services.telephony.TelephonyConnectionService}, [****], UserHandle{0}
11-11 15:37:16.677  1720  1720 W ResourceType: For resource 0x7f150f3d, entry index(3901) is beyond type entryCount(1963)
11-11 15:37:16.677  1720  1720 W ResourceType: For resource 0x7f08099a, entry index(2458) is beyond type entryCount(1645)
11-11 15:37:16.677  1720  1720 W ResourceType: For resource 0x7f15081d, entry index(2077) is beyond type entryCount(1963)
11-11 15:37:16.677  1720  1720 W ResourceType: For resource 0x7f08099a, entry index(2458) is beyond type entryCount(1645)
11-11 15:37:16.678  1720  1720 W ResourceType: For resource 0x7f150a78, entry index(2680) is beyond type entryCount(1963)
11-11 15:37:16.678  1720  1720 W ResourceType: For resource 0x7f08099a, entry index(2458) is beyond type entryCount(1645)
11-11 15:37:16.688  3866 11086 I Finsky  : [504] ezx.run(6): Frosting DB delete succeeded: true
11-11 15:37:16.689  3866  3961 I Finsky  : [193] fws.a(5): AIM: AppInfoManager-Perf > OnDeviceAppInfo > cacheHitCount=1, cacheMissCount=0. Missed  in cache (limit 10) : []
11-11 15:37:16.703  1720  1720 W ResourceType: For resource 0x7f15135b, entry index(4955) is beyond type entryCount(1963)
11-11 15:37:16.705  1720  1720 W ResourceType: For resource 0x7f15135c, entry index(4956) is beyond type entryCount(1963)
11-11 15:37:16.705  2632 11290 I Fitness : FitCleanupIntentOperation received Intent android.intent.action.PACKAGE_REMOVED [CONTEXT service_id=17 ]
11-11 15:37:16.712  3866  3866 I Finsky  : [2] srz.s(3): Package no longer installed: com.example.benchmark.ui.test
11-11 15:37:16.715  3866  3866 I Finsky  : [2] srb.i(0): PackageMonitorReceiverImpl - Received: android.intent.action.PACKAGE_REMOVED, [JF20n1J35jRbh7IQmwRe7qqQrIzrjGooDojaNyCHwQ8]
11-11 15:37:16.715  3866  3866 I Finsky  : [2] srz.n(8): Invalidating cached PackageState for com.example.benchmark.ui
11-11 15:37:16.718  3866  3973 I Finsky  : [202] fwi.a(11): AIM: AppInfoManager-Perf > ItemModel > CacheSize=36, cacheHitCount=0, cacheMissCount=0, total appsWithNoServerDataCount=1. Missed  in cache (limit 10) : []
11-11 15:37:16.727  1720  1720 I TelecomService: DefaultDialerCache: Refreshing default dialer for user 0: now com.android.dialer: DDC.oR@APQ
11-11 15:37:16.732  3866 11086 I Finsky  : [504] ezx.run(6): Frosting DB delete succeeded: false
11-11 15:37:16.733  3866 11093 I Finsky  : [510] gto.b(32): [ContentSync] finished, scheduled=false
11-11 15:37:16.737  3072 10626 I ContentMaintenance: Internal cache bytes used: 0; limit: 100000000; download size: 0
11-11 15:37:16.743  3866 11086 I Finsky  : [504] ezx.run(5): Wrote row to frosting DB: 6440
11-11 15:37:16.763  3866  3969 I Finsky  : [198] fws.a(5): AIM: AppInfoManager-Perf > OnDeviceAppInfo > cacheHitCount=0, cacheMissCount=1. Missed  in cache (limit 10) : [com.example.benchmark.ui]
11-11 15:37:16.773  3866 11092 I Finsky  : [509] gky.accept(16): Cancelled 0 ongoing asset module downloads for package com.example.benchmark.ui due to a concurrent app update.
11-11 15:37:16.806  3072 10626 I RealtimeCacheCleanup: Beginning Realtime garbage collection.
11-11 15:37:16.817  3072 10626 I RealtimeCacheCleanup: Finished Realtime garbage collection.
11-11 15:37:16.823  2393  2393 D CarrierSvcBindHelper: No carrier app for: 0
11-11 15:37:16.824  2393  2393 D CarrierSvcBindHelper: No carrier app for: 1
11-11 15:37:16.825  2393  2393 D CarrierSvcBindHelper: No carrier app for: 0
11-11 15:37:16.826  2393  2393 D CarrierSvcBindHelper: No carrier app for: 1
11-11 15:37:16.829  3866  3972 I Finsky  : [201] fwi.a(11): AIM: AppInfoManager-Perf > ItemModel > CacheSize=36, cacheHitCount=0, cacheMissCount=0, total appsWithNoServerDataCount=1. Missed  in cache (limit 10) : []
11-11 15:37:16.833  2393  2393 E VvmPkgInstalledRcvr: cannot create TelephonyManager from ComponentInfo{com.android.phone/com.android.services.telephony.TelephonyConnectionService}, [****], UserHandle{0}
11-11 15:37:16.833  3866 11093 I Finsky  : [510] gto.b(32): [ContentSync] finished, scheduled=false
11-11 15:37:16.834  2393  2393 D ImsResolver: maybeAddedImsService, packageName: com.example.benchmark.ui
11-11 15:37:16.835  2393  2393 D CarrierConfigLoader: mHandler: 9 phoneId: 0
11-11 15:37:16.839 11273 11273 D AndroidRuntime: >>>>>> START com.android.internal.os.RuntimeInit uid 2000 <<<<<<
11-11 15:37:16.839  3866  3866 I Finsky  : [2] srb.i(0): PackageMonitorReceiverImpl - Received: android.intent.action.PACKAGE_ADDED, [JF20n1J35jRbh7IQmwRe7qqQrIzrjGooDojaNyCHwQ8]
11-11 15:37:16.840  3866  3866 I Finsky  : [2] srz.n(8): Invalidating cached PackageState for com.example.benchmark.ui
