11-11 15:37:23.598  3866  3973 I Finsky  : [202] fws.a(5): AIM: AppInfoManager-Perf > OnDeviceAppInfo > cacheHitCount=0, cacheMissCount=1. Missed  in cache (limit 10) : [com.example.benchmark.ui.test]
11-11 15:37:23.612  1720  1803 W BroadcastQueue: Background execution not allowed: receiving Intent { act=android.intent.action.PACKAGE_REMOVED dat=package:com.example.benchmark.ui.test flg=0x4000010 (has extras) } to com.android.vending/com.google.android.finsky.instantapps.appmanagement.InstantAppRemoveMonitor
11-11 15:37:23.618  1720  1803 W BroadcastQueue: Background execution not allowed: receiving Intent { act=android.intent.action.PACKAGE_REMOVED dat=package:com.example.benchmark.ui.test flg=0x4000010 (has extras) } to com.google.android.apps.maps/com.google.android.libraries.social.peoplekit.thirdparty.viewcontrollers.ThirdPartyReceiver
11-11 15:37:23.618  1720  1803 W BroadcastQueue: Background execution not allowed: receiving Intent { act=android.intent.action.PACKAGE_REMOVED dat=package:com.example.benchmark.ui.test flg=0x4000010 (has extras) } to com.google.android.apps.photos/com.google.android.libraries.social.peoplekit.thirdparty.viewcontrollers.ThirdPartyReceiver
11-11 15:37:23.621  3866 11092 I Finsky  : [509] gky.accept(26): Asset module storage cleared for package com.example.benchmark.ui.test.
11-11 15:37:23.626  1720  1818 D KernelUidCpuTimeReader: Removing uids 10647-10647
11-11 15:37:23.635  1720  1803 W BroadcastQueue: Background execution not allowed: receiving Intent { act=android.intent.action.PACKAGE_REMOVED dat=package:com.example.benchmark.ui.test flg=0x4000010 (has extras) } to com.google.android.gms/.games.chimera.GamesSystemBroadcastReceiverProxy
11-11 15:37:23.637  1720  1803 W BroadcastQueue: Background execution not allowed: receiving Intent { act=android.intent.action.PACKAGE_REMOVED dat=package:com.example.benchmark.ui.test flg=0x4000010 (has extras) } to com.google.android.gms/.chimera.GmsIntentOperationService$PersistentTrustedReceiver
11-11 15:37:23.638  1720  1803 W BroadcastQueue: Background execution not allowed: receiving Intent { act=android.intent.action.PACKAGE_REMOVED dat=package:com.example.benchmark.ui.test flg=0x4000010 (has extras) } to com.google.android.googlequicksearchbox/com.google.android.apps.gsa.googlequicksearchbox.GelStubAppWatcher
11-11 15:37:23.650  2393  2393 D CarrierSvcBindHelper: No carrier app for: 0
11-11 15:37:23.651  2393  2393 D CarrierSvcBindHelper: No carrier app for: 1
11-11 15:37:23.654  1720  1720 W ResourceType: ResTable_typeSpec entry count inconsistent: given 67, previously 69
11-11 15:37:23.659  1720  2002 I InputReader: Reconfiguring input devices.  changes=0x00000010
11-11 15:37:23.663  2393  2393 E VvmPkgInstalledRcvr: cannot create TelephonyManager from ComponentInfo{com.android.phone/com.android.services.telephony.TelephonyConnectionService}, [****], UserHandle{0}
11-11 15:37:23.664  1720  1720 W ResourceType: ResTable_typeSpec entry count inconsistent: given 12, previously 14
11-11 15:37:23.666  1720  1720 W ResourceType: ResTable_typeSpec entry count inconsistent: given 965, previously 973
11-11 15:37:23.666  1720  1720 W ResourceType: ResTable_typeSpec entry count inconsistent: given 499, previously 1726
11-11 15:37:23.666  1720  1720 W ResourceType: ResTable_typeSpec entry count inconsistent: given 314, previously 1985
11-11 15:37:23.675  1720  1720 W ResourceType: ResTable_typeSpec entry count inconsistent: given 85, previously 89
11-11 15:37:23.675  1720  1720 W ResourceType: ResTable_typeSpec entry count inconsistent: given 1645, previously 3015
11-11 15:37:23.683  1720  1720 W ResourceType: ResTable_typeSpec entry count inconsistent: given 3023, previously 3015
11-11 15:37:23.683  1720  1720 W ResourceType: ResTable_typeSpec entry count inconsistent: given 1963, previously 5553
11-11 15:37:23.683  1720  1720 W ResourceType: ResTable_typeSpec entry count inconsistent: given 465, previously 3050
11-11 15:37:23.685  1720  1720 W ResourceType: For resource 0x7f150f3d, entry index(3901) is beyond type entryCount(1963)
11-11 15:37:23.686  1720  1720 W ResourceType: For resource 0x7f08099a, entry index(2458) is beyond type entryCount(1645)
11-11 15:37:23.687  1720  1720 W ResourceType: For resource 0x7f15081d, entry index(2077) is beyond type entryCount(1963)
11-11 15:37:23.687  1720  1720 W ResourceType: For resource 0x7f08099a, entry index(2458) is beyond type entryCount(1645)
11-11 15:37:23.688  1720  1720 W ResourceType: For resource 0x7f150a78, entry index(2680) is beyond type entryCount(1963)
11-11 15:37:23.688  1720  1720 W ResourceType: For resource 0x7f08099a, entry index(2458) is beyond type entryCount(1645)
11-11 15:37:23.696  2632 11300 I Fitness : FitCleanupIntentOperation received Intent android.intent.action.PACKAGE_REMOVED [CONTEXT service_id=17 ]
11-11 15:37:23.699  3072 11311 I BlockstoreStorage: Clearing all the Blockstore Data for package com.example.benchmark.ui.test [CONTEXT service_id=258 ]
11-11 15:37:23.700  3072 11311 I BlockstoreStorage: Clearing all the Blockstore Data for 1 packages [CONTEXT service_id=258 ]
11-11 15:37:23.709  1720  1720 I ConditionProviders: Disallowing condition provider com.example.benchmark.ui.test
11-11 15:37:23.716  1720  1720 W ResourceType: ResTable_typeSpec entry count inconsistent: given 15, previously 26
11-11 15:37:23.717  1720  1720 W ResourceType: ResTable_typeSpec entry count inconsistent: given 763, previously 1740
11-11 15:37:23.717  1720  1720 W ResourceType: ResTable_typeSpec entry count inconsistent: given 1307, previously 1306
11-11 15:37:23.717  1720  1720 W ResourceType: ResTable_typeSpec entry count inconsistent: given 348, previously 2447
11-11 15:37:23.728  1720  1720 W ResourceType: For resource 0x7f15135b, entry index(4955) is beyond type entryCount(1963)
11-11 15:37:23.729  1720  1802 W ResourceType: ResTable_typeSpec entry count inconsistent: given 67, previously 69
11-11 15:37:23.730  1720  1720 W ResourceType: For resource 0x7f15135c, entry index(4956) is beyond type entryCount(1963)
11-11 15:37:23.740  3866  3866 I Finsky  : [2] afbn.c(3): Do not start WearSupportService due to Wear service optimization
11-11 15:37:23.742  1720  1802 W ResourceType: ResTable_typeSpec entry count inconsistent: given 2848, previously 2851
11-11 15:37:23.744  1720  1802 W ResourceType: ResTable_typeSpec entry count inconsistent: given 2888, previously 2891
11-11 15:37:23.744  1720  1802 W ResourceType: ResTable_typeSpec entry count inconsistent: given 338, previously 2111
11-11 15:37:23.769  3866  3866 I Finsky  : [2] srz.s(3): Package no longer installed: com.example.benchmark.ui.test
11-11 15:37:23.773  3866 11093 I Finsky  : [510] gto.b(32): [ContentSync] finished, scheduled=false
11-11 15:37:23.773  3866  3866 E Finsky  : [2] xlm.b(5): STU: Failed to get status for package 'com.example.benchmark.ui.test' (1601)
11-11 15:37:23.773  3866  3866 E Finsky  : android.content.pm.PackageManager$NameNotFoundException: com.example.benchmark.ui.test
11-11 15:37:23.773  3866  3866 E Finsky  : 	at java.lang.reflect.Constructor.newInstance0(Native Method)
11-11 15:37:23.773  3866  3866 E Finsky  : 	at java.lang.reflect.Constructor.newInstance(Constructor.java:334)
11-11 15:37:23.773  3866  3866 E Finsky  : 	at android.os.ParcelableException.readFromParcel(ParcelableException.java:56)
11-11 15:37:23.773  3866  3866 E Finsky  : 	at android.os.ParcelableException$1.createFromParcel(ParcelableException.java:82)
11-11 15:37:23.773  3866  3866 E Finsky  : 	at android.os.ParcelableException$1.createFromParcel(ParcelableException.java:80)
11-11 15:37:23.773  3866  3866 E Finsky  : 	at android.os.Parcel.readParcelable(Parcel.java:2860)
11-11 15:37:23.773  3866  3866 E Finsky  : 	at android.os.Parcel.readException(Parcel.java:2008)
11-11 15:37:23.773  3866  3866 E Finsky  : 	at android.os.Parcel.readException(Parcel.java:1959)
11-11 15:37:23.773  3866  3866 E Finsky  : 	at android.app.usage.IStorageStatsManager$Stub$Proxy.queryStatsForPackage(IStorageStatsManager.java:316)
11-11 15:37:23.773  3866  3866 E Finsky  : 	at android.app.usage.StorageStatsManager.queryStatsForPackage(StorageStatsManager.java:198)
11-11 15:37:23.773  3866  3866 E Finsky  : 	at ssj.run(PG:3)
11-11 15:37:23.773  3866  3866 E Finsky  : 	at android.os.Handler.handleCallback(Handler.java:790)
11-11 15:37:23.773  3866  3866 E Finsky  : 	at android.os.Handler.dispatchMessage(Handler.java:99)
11-11 15:37:23.773  3866  3866 E Finsky  : 	at android.os.Looper.loop(Looper.java:164)
11-11 15:37:23.773  3866  3866 E Finsky  : 	at android.os.HandlerThread.run(HandlerThread.java:65)
11-11 15:37:23.774  3866  3866 E Finsky  : [2] xlm.b(8): STU: Error getting stats
11-11 15:37:23.775  3072 11017 I Icing   : doRemovePackageData com.example.benchmark.ui.test
11-11 15:37:23.776  3866  3961 I Finsky  : [193] fws.a(5): AIM: AppInfoManager-Perf > OnDeviceAppInfo > cacheHitCount=1, cacheMissCount=0. Missed  in cache (limit 10) : []
11-11 15:37:23.776  3866  3866 I Finsky  : [2] srb.i(0): PackageMonitorReceiverImpl - Received: android.intent.action.PACKAGE_FULLY_REMOVED, [W9DLLGjsI04vVDFUL0wxF9vnskpOVN-UuuS4kexohBk]
11-11 15:37:23.776  3866  3866 I Finsky  : [2] srz.n(8): Invalidating cached PackageState for com.example.benchmark.ui.test
11-11 15:37:23.780  3866 11086 I Finsky  : [504] ezx.run(6): Frosting DB delete succeeded: false
11-11 15:37:23.782  3866  3866 I Finsky  : [2] srz.s(3): Package no longer installed: com.example.benchmark.ui.test
11-11 15:37:23.784  3866  3866 I Finsky  : [2] srb.i(0): PackageMonitorReceiverImpl - Deduping intent android.intent.action.PACKAGE_FULLY_REMOVED
11-11 15:37:23.788  3866 11086 I Finsky  : [504] ezx.run(6): Frosting DB delete succeeded: false
11-11 15:37:23.812  2860  3062 I DeviceAppInfoWork: refreshDeviceAppInfoForAccount done.
11-11 15:37:23.828  3072  3072 D BoundBrokerSvc: onBind: Intent { act=com.google.android.gms.common.BIND_SHARED_PREFS pkg=com.google.android.gms }
11-11 15:37:23.828  3072  3072 D BoundBrokerSvc: Loading bound service for intent: Intent { act=com.google.android.gms.common.BIND_SHARED_PREFS pkg=com.google.android.gms }
11-11 15:37:23.830  3072 11017 I Icing   : Indexing com.google.android.gms-apps from com.google.android.gms
11-11 15:37:23.832  3072  3072 D BoundBrokerSvc: onUnbind: Intent { act=com.google.android.gms.common.BIND_SHARED_PREFS pkg=com.google.android.gms }
11-11 15:37:23.832  3072 11017 I Icing   : Indexing done com.google.android.gms-apps
11-11 15:37:23.834  2860  3115 W DeviceAppInfoWork: missing version info.
11-11 15:37:23.839  3866  3973 I Finsky  : [202] fwi.a(11): AIM: AppInfoManager-Perf > ItemModel > CacheSize=36, cacheHitCount=0, cacheMissCount=0, total appsWithNoServerDataCount=1. Missed  in cache (limit 10) : []
11-11 15:37:23.840  3866  3969 I Finsky  : [198] fln.accept(24): AIM: AppInfoManager-Perf > getApps > data collection finished
11-11 15:37:23.843  3866  3969 I Finsky  : [198] fwi.a(11): AIM: AppInfoManager-Perf > ItemModel > CacheSize=36, cacheHitCount=0, cacheMissCount=0, total appsWithNoServerDataCount=1. Missed  in cache (limit 10) : []
11-11 15:37:24.236 11430 11430 D AndroidRuntime: >>>>>> START com.android.internal.os.RuntimeInit uid 2000 <<<<<<
11-11 15:37:24.249 11430 11430 W app_process: Could not reserve sentinel fault page
11-11 15:37:24.413 11430 11430 I app_process: The ClassLoaderContext is a special shared library.
11-11 15:37:24.476 11430 11430 D AndroidRuntime: Calling main entry com.android.commands.pm.Pm
11-11 15:37:24.492 11430 11449 W MessageQueue: Handler (android.os.Handler) {bdd2f6b} sending message to a Handler on a dead thread
11-11 15:37:24.492 11430 11449 W MessageQueue: java.lang.IllegalStateException: Handler (android.os.Handler) {bdd2f6b} sending message to a Handler on a dead thread
11-11 15:37:24.492 11430 11449 W MessageQueue: 	at android.os.MessageQueue.enqueueMessage(MessageQueue.java:547)
11-11 15:37:24.492 11430 11449 W MessageQueue: 	at android.os.Handler.enqueueMessage(Handler.java:662)
11-11 15:37:24.492 11430 11449 W MessageQueue: 	at android.os.Handler.sendMessageAtTime(Handler.java:631)
11-11 15:37:24.492 11430 11449 W MessageQueue: 	at android.os.Handler.sendMessageDelayed(Handler.java:601)
11-11 15:37:24.492 11430 11449 W MessageQueue: 	at android.os.Handler.post(Handler.java:357)
11-11 15:37:24.492 11430 11449 W MessageQueue: 	at android.os.ResultReceiver$MyResultReceiver.send(ResultReceiver.java:57)
11-11 15:37:24.492 11430 11449 W MessageQueue: 	at com.android.internal.os.IResultReceiver$Stub.onTransact(IResultReceiver.java:58)
11-11 15:37:24.492 11430 11449 W MessageQueue: 	at android.os.Binder.execTransact(Binder.java:697)
11-11 15:37:24.493 11430 11430 I app_process: System.exit called, status: 0
11-11 15:37:24.493 11430 11430 I AndroidRuntime: VM exiting with result code 0.
11-11 15:37:31.821  3072  3072 D BoundBrokerSvc: onUnbind: Intent { act=com.google.android.gms.feedback.internal.IFeedbackService cmp=com.google.android.gms/.chimera.GmsBoundBrokerService }
11-11 15:37:33.813  1720  1923 D BatteryService: uevent={POWER_SUPPLY_VOLTAGE_NOW=4326451, POWER_SUPPLY_CHARGE_RATE=Normal, POWER_SUPPLY_HEALTH=Good, POWER_SUPPLY_CURRENT_NOW=152, POWER_SUPPLY_PRESENT=1, SUBSYSTEM=power_supply, POWER_SUPPLY_TEMP=255, SEQNUM=4134, ACTION=change, POWER_SUPPLY_NAME=battery, POWER_SUPPLY_STATUS=Full, POWER_SUPPLY_CHARGE_COUNTER=2775066, POWER_SUPPLY_CAPACITY=100, DEVPATH=/devices/soc/qpnp-smbcharger-17/power_supply/battery}
11-11 15:37:33.816  2393  2393 D QtiCarrierConfigHelper: WARNING, no carrier configs on phone Id: 0
11-11 15:37:34.827  3866  3866 I Finsky  : [2] vxl.a(3): SCH: job service start with id 9994.
11-11 15:37:34.867  3866 11093 I Finsky  : [510] vwj.a(25): SCH: Satisfied jobs for 9994 are: 12-1
11-11 15:37:34.870  3866 11372 I Finsky  : [517] vvw.accept(2): SCH: Job 12-1 starting
11-11 15:37:34.872  3866  3866 I Finsky  : [2] ContentSyncJob.x(1): [ContentSync] job started
11-11 15:37:34.978  3866 11374 I Finsky  : [519] gep.a(1): Completed 0 account content syncs with 0 successful.
11-11 15:37:34.979  3866  3866 I Finsky  : [2] ContentSyncJob.a(1): [ContentSync] Installation state replication succeeded.
11-11 15:37:34.980  3866  3866 I Finsky  : [2] vto.s(4): SCH: jobFinished: 12-1. TimeElapsed: 108ms.
11-11 15:37:35.013  3866  3969 I Finsky  : [198] vjm.accept(41): SCH: Scheduling phonesky job Id: 1-1337, CT: 1636670923064, Constraints: [{ L: 14399994, D: 53309338, C: 1, I: 1, N: 1 }]
11-11 15:37:35.037  3866  3969 I Finsky  : [198] vta.apply(8): SCH: Scheduling 1 system job(s)
11-11 15:37:35.038  3866  3969 I Finsky  : [198] vta.apply(12): SCH: Scheduling system job Id: 9996, L: 11468020, D: 50377364, C: false, I: false, N: 1
11-11 15:37:35.064  3866 11372 I Finsky  : [517] vxf.a(16): SCH: job service finished with id 9994.
11-11 15:37:39.082 11460 11460 D AndroidRuntime: >>>>>> START com.android.internal.os.RuntimeInit uid 2000 <<<<<<
11-11 15:37:39.095 11460 11460 W app_process: Could not reserve sentinel fault page
11-11 15:37:39.260 11460 11460 I app_process: The ClassLoaderContext is a special shared library.
11-11 15:37:39.329 11460 11460 D AndroidRuntime: Calling main entry com.android.commands.pm.Pm
11-11 15:37:39.342 11469 11469 E asset   : setgid: Operation not permitted
11-11 15:37:39.548  3866  3866 I Finsky  : [2] adzl.c(7): Install-time verification requested for package com.example.benchmark.ui, id = 20
11-11 15:37:39.557  3866  3866 E Finsky  : [2] VerifyPerSourceInstallationConsentInstallTask.d(2): Package name null is not an installed package
11-11 15:37:39.566  3866 11115 I Finsky  : [514] aear.a(7): Single user settings service is not running, bind it now
11-11 15:37:39.573  3866  3866 I Finsky  : [2] aeaq.onServiceConnected(1): Single user settings service is connected
11-11 15:37:39.579  3866 11115 W Settings: Setting install_non_market_apps has moved from android.provider.Settings.Global to android.provider.Settings.Secure, returning read-only value.
11-11 15:37:39.829  3866 11115 I Finsky  : [514] lll.b(3): Task 7 requested foreground
11-11 15:37:39.831  3866 11115 I Finsky  : [514] lll.b(8): Not entering foreground
11-11 15:37:39.936  3866 11073 I Finsky  : [503] aeeo.c(3): Verify: Verification package=com.example.benchmark.ui, id=20 response=0
11-11 15:37:39.963  3866 11115 I Finsky  : [514] VerifyPerSourceInstallationConsentInstallTask.my(2): PSIC verification started with installer uid: 2000 package name: null, originating uid: -1
11-11 15:37:39.966  3866  3866 I Finsky  : [2] VerifyInstallTask.j(1): Returning package verification result id=20, result=1
11-11 15:37:40.265  1720  1818 I PackageManager.DexOptimizer: Running dexopt (dexoptNeeded=1) on: /data/app/com.example.benchmark.ui-SQTzlEfJVYD_JR_pqpRaFg==/base.apk pkg=com.example.benchmark.ui isa=arm dexoptFlags=boot_complete,public target-filter=quicken oatDir=/data/app/com.example.benchmark.ui-SQTzlEfJVYD_JR_pqpRaFg==/oat sharedLibraries=PCL[]
11-11 15:37:40.332 11472 11472 I dex2oat : /system/bin/dex2oat --input-vdex-fd=-1 --output-vdex-fd=11 --compiler-filter=quicken --classpath-dir=/data/app/com.example.benchmark.ui-SQTzlEfJVYD_JR_pqpRaFg== --class-loader-context=PCL[]
11-11 15:37:40.341 11472 11472 W dex2oat : Could not reserve sentinel fault page
11-11 15:37:42.355 11472 11472 I dex2oat : dex2oat took 2.025s (7.566s cpu) (threads: 8) arena alloc=9KB (9976B) java alloc=2MB (2635856B) native alloc=4MB (4959312B) free=1300KB (1332144B)
11-11 15:37:42.374  1720  1818 V BackupManagerService: restoreAtInstall pkg=com.example.benchmark.ui token=15 restoreSet=0
11-11 15:37:42.374  1720  1818 V BackupManagerService: Finishing install immediately
11-11 15:37:42.379  1025  1892 E         : Couldn't opendir /data/app/vmdl458707598.tmp: No such file or directory
11-11 15:37:42.379  1025  1892 E installd: Failed to delete /data/app/vmdl458707598.tmp: No such file or directory
11-11 15:37:42.385 11460 11460 I Pm      : Package com.example.benchmark.ui installed in 3049 ms
11-11 15:37:42.387  1720  7710 D PackageInstaller: Ignoring abandon after commit relinquished control
11-11 15:37:42.388 11460 11460 I app_process: System.exit called, status: 0
11-11 15:37:42.388 11460 11460 I AndroidRuntime: VM exiting with result code 0.
11-11 15:37:42.400  2393  2393 D ImsResolver: maybeAddedImsService, packageName: com.example.benchmark.ui
11-11 15:37:42.403  2652  2652 I GsaVoiceInteractionSrv: O received Intent { act=android.intent.action.PACKAGE_ADDED dat=package:com.example.benchmark.ui flg=0x4000010 (has extras) }
11-11 15:37:42.405  2384  2384 D MayaFrameworkProxyService: receive intent :Intent { act=android.intent.action.PACKAGE_ADDED dat=package:com.example.benchmark.ui flg=0x4000010 (has extras) }
11-11 15:37:42.413  3866  3866 I Finsky  : [2] srb.i(0): PackageMonitorReceiverImpl - Received: android.intent.action.PACKAGE_ADDED, [JF20n1J35jRbh7IQmwRe7qqQrIzrjGooDojaNyCHwQ8]
11-11 15:37:42.415  1720  1720 W ResourceType: For resource 0x7f150f3d, entry index(3901) is beyond type entryCount(1963)
11-11 15:37:42.415  1720  1720 W ResourceType: For resource 0x7f08099a, entry index(2458) is beyond type entryCount(1645)
11-11 15:37:42.418  3866  3866 I Finsky  : [2] srz.n(8): Invalidating cached PackageState for com.example.benchmark.ui
11-11 15:37:42.422  1720  1720 W ResourceType: For resource 0x7f15081d, entry index(2077) is beyond type entryCount(1963)
11-11 15:37:42.422  1720  1720 W ResourceType: For resource 0x7f08099a, entry index(2458) is beyond type entryCount(1645)
11-11 15:37:42.424  1720  1720 W ResourceType: For resource 0x7f150a78, entry index(2680) is beyond type entryCount(1963)
11-11 15:37:42.424  1720  1720 W ResourceType: For resource 0x7f08099a, entry index(2458) is beyond type entryCount(1645)
11-11 15:37:42.425  1720  7710 W BroadcastQueue: Background execution not allowed: receiving Intent { act=android.intent.action.PACKAGE_ADDED dat=package:com.example.benchmark.ui flg=0x4000010 (has extras) } to com.android.vending/com.google.android.finsky.packagemanager.impl.PackageMonitorReceiverImpl$RegisteredReceiver
11-11 15:37:42.426  1720  1803 W BroadcastQueue: Background execution not allowed: receiving Intent { act=android.intent.action.PACKAGE_ADDED dat=package:com.example.benchmark.ui flg=0x4000010 (has extras) } to com.google.android.gms/.games.chimera.GamesSystemBroadcastReceiverProxy
11-11 15:37:42.426  1720  1803 W BroadcastQueue: Background execution not allowed: receiving Intent { act=android.intent.action.PACKAGE_ADDED dat=package:com.example.benchmark.ui flg=0x4000010 (has extras) } to com.google.android.gms/.gass.chimera.PackageChangeBroadcastReceiver
11-11 15:37:42.427  1720  2002 I InputReader: Reconfiguring input devices.  changes=0x00000010
11-11 15:37:42.436  1720  1803 W BroadcastQueue: Background execution not allowed: receiving Intent { act=android.intent.action.PACKAGE_ADDED dat=package:com.example.benchmark.ui flg=0x4000010 (has extras) } to com.google.android.gms/.chimera.GmsIntentOperationService$PersistentTrustedReceiver
11-11 15:37:42.451  1720  1803 W BroadcastQueue: Background execution not allowed: receiving Intent { act=android.intent.action.PACKAGE_ADDED dat=package:com.example.benchmark.ui flg=0x4000010 (has extras) } to com.google.android.googlequicksearchbox/com.google.android.apps.gsa.googlequicksearchbox.GelStubAppWatcher
11-11 15:37:42.451  1720  1803 W BroadcastQueue: Background execution not allowed: receiving Intent { act=android.intent.action.PACKAGE_ADDED dat=package:com.example.benchmark.ui flg=0x4000010 (has extras) } to com.google.android.ims/.receivers.RcsAutoStartReceiver
11-11 15:37:42.455  3866  3866 I Finsky  : [2] xin.a(8): Clearing split related stale data.
11-11 15:37:42.460  1720  1720 W ResourceType: For resource 0x7f15135b, entry index(4955) is beyond type entryCount(1963)
11-11 15:37:42.466  1720  1720 W ResourceType: For resource 0x7f15135c, entry index(4956) is beyond type entryCount(1963)
11-11 15:37:42.474  3866 11086 I Finsky  : [504] ezx.run(5): Wrote row to frosting DB: 6438
11-11 15:37:42.485  1720  1720 I TelecomService: DefaultDialerCache: Refreshing default dialer for user 0: now com.android.dialer: DDC.oR@AQc
11-11 15:37:42.530  2393  2393 D CarrierSvcBindHelper: No carrier app for: 0
11-11 15:37:42.532  2393  2393 D CarrierSvcBindHelper: No carrier app for: 1
11-11 15:37:42.547  2393  2393 E VvmPkgInstalledRcvr: cannot create TelephonyManager from ComponentInfo{com.android.phone/com.android.services.telephony.TelephonyConnectionService}, [****], UserHandle{0}
11-11 15:37:42.547  2393  2393 D CarrierConfigLoader: mHandler: 9 phoneId: 0
11-11 15:37:42.547  2632 11495 W GCM     : Unexpected forwarded intent: Intent { act=android.intent.action.PACKAGE_ADDED dat=package:com.example.benchmark.ui flg=0x4000010 pkg=com.google.android.gms cmp=com.google.android.gms/.chimera.PersistentIntentOperationService (has extras) }
11-11 15:37:42.549  2632 11489 I FontLog : Package com.example.benchmark.ui has no metadata [CONTEXT service_id=132 ]
11-11 15:37:42.563  2632 11486 W GCM     : Unexpected forwarded intent: Intent { act=android.intent.action.PACKAGE_ADDED dat=package:com.example.benchmark.ui flg=0x4000010 pkg=com.google.android.gms cmp=com.google.android.gms/.chimera.PersistentIntentOperationService (has extras) }
11-11 15:37:42.571  3866  3969 I Finsky  : [198] fws.a(5): AIM: AppInfoManager-Perf > OnDeviceAppInfo > cacheHitCount=0, cacheMissCount=1. Missed  in cache (limit 10) : [com.example.benchmark.ui]
11-11 15:37:42.592  3866 11092 I Finsky  : [509] gky.accept(26): Asset module storage cleared for package com.example.benchmark.ui.
11-11 15:37:42.593  3866  3866 I Finsky  : [2] afbn.c(3): Do not start WearSupportService due to Wear service optimization
11-11 15:37:42.607  3072  3072 D BoundBrokerSvc: onBind: Intent { act=com.google.android.gms.common.BIND_SHARED_PREFS pkg=com.google.android.gms }
11-11 15:37:42.608  3072  3072 D BoundBrokerSvc: Loading bound service for intent: Intent { act=com.google.android.gms.common.BIND_SHARED_PREFS pkg=com.google.android.gms }
11-11 15:37:42.609  3072 11498 I Auth    : [SupervisedAccountIntentOperation] onHandleIntent(): android.intent.action.PACKAGE_ADDED
11-11 15:37:42.621  3072 11497 I BlockstoreStorage: Clearing Blockstore Data for package com.example.benchmark.ui [CONTEXT service_id=258 ]
11-11 15:37:42.622  3072 11497 I BlockstoreStorage: No metadata found. Skipping deletion. [CONTEXT service_id=258 ]
11-11 15:37:42.638  3866  3973 I Finsky  : [202] fws.a(5): AIM: AppInfoManager-Perf > OnDeviceAppInfo > cacheHitCount=0, cacheMissCount=1. Missed  in cache (limit 10) : [com.example.benchmark.ui]
11-11 15:37:42.657  2632  5836 W ChimeraUtils: Module com.google.android.gms.nearby_en has empty metadata display_name_string_id
11-11 15:37:42.662  3866 11086 I Finsky  : [504] ezx.run(5): Wrote row to frosting DB: 6439
11-11 15:37:42.663  2860 11317 I A       : Writing data of size=345 bytes with N=1 keys to Geller corpus DEVICE_INSTALLED_APPS at ts=1636673862662000
11-11 15:37:42.664  3866  3866 I Finsky  : [2] VerifyInstallTask.mx(6): Verification complete: id=20, package_name=com.example.benchmark.ui
11-11 15:37:42.672  2860  3069 I DeviceAppInfoWork: refreshDeviceAppInfoForAccount done.
11-11 15:37:42.674  1720  1734 I zygote  : Background concurrent copying GC freed 97164(5MB) AllocSpace objects, 36(1488KB) LOS objects, 42% free, 16MB/29MB, paused 283us total 295.474ms
11-11 15:37:42.683  3072  3072 D BoundBrokerSvc: onUnbind: Intent { act=com.google.android.gms.common.BIND_SHARED_PREFS pkg=com.google.android.gms }
11-11 15:37:42.697  2860  3114 W DeviceAppInfoWork: missing version info.
11-11 15:37:42.705  2632  5836 W ChimeraUtils: Module com.google.android.gms.nearby_en has empty metadata display_name_string_id
11-11 15:37:42.708  2632  5836 W ChimeraUtils: Module com.google.android.gms.nearby_en has empty metadata display_name_string_id
11-11 15:37:42.722  3866  3969 I Finsky  : [198] fwi.a(11): AIM: AppInfoManager-Perf > ItemModel > CacheSize=36, cacheHitCount=0, cacheMissCount=0, total appsWithNoServerDataCount=1. Missed  in cache (limit 10) : []
11-11 15:37:42.724  3866  3969 I Finsky  : [198] fln.accept(24): AIM: AppInfoManager-Perf > getApps > data collection finished
11-11 15:37:42.740  3866  3969 I Finsky  : [198] vjm.accept(41): SCH: Scheduling phonesky job Id: 12-1, CT: 1636673862644, Constraints: [{ L: 15000, D: 86400000, C: 1, I: 1, N: 1 }]
11-11 15:37:42.755  3072  3708 I Icing   : IndexChimeraService.getServiceInterface callingPackage=com.google.android.gms componentName=AppsCorpus serviceId=36
11-11 15:37:42.758  3866  3969 I Finsky  : [198] fwi.a(11): AIM: AppInfoManager-Perf > ItemModel > CacheSize=36, cacheHitCount=0, cacheMissCount=0, total appsWithNoServerDataCount=1. Missed  in cache (limit 10) : []
11-11 15:37:42.775  3072 11501 I GmsCoreXrpcWrapper: Returning a channel provider with trafficStatsTag=12803 trafficStatsUid=-1
11-11 15:37:42.779  3866  3972 I Finsky  : [201] vta.apply(8): SCH: Scheduling 1 system job(s)
11-11 15:37:42.779  3866  3972 I Finsky  : [201] vta.apply(12): SCH: Scheduling system job Id: 9996, L: 14865, D: 50369623, C: false, I: false, N: 1
11-11 15:37:42.795  3072  3072 D BoundBrokerSvc: onBind: Intent { act=com.google.android.gms.feedback.internal.IFeedbackService cmp=com.google.android.gms/.chimera.GmsBoundBrokerService }
11-11 15:37:42.795  3072  3072 D BoundBrokerSvc: Loading bound service for intent: Intent { act=com.google.android.gms.feedback.internal.IFeedbackService cmp=com.google.android.gms/.chimera.GmsBoundBrokerService }
11-11 15:37:42.804  3072 11501 I Icing   : Usage reports ok 0, Failed Usage reports 0, indexed 0, rejected 0
11-11 15:37:42.812  3072  3725 I Icing   : IndexChimeraService.getServiceInterface callingPackage=com.google.android.gms componentName=null serviceId=30
11-11 15:37:42.824  3072 11501 I GmsCoreXrpcWrapper: Returning a channel provider with trafficStatsTag=12803 trafficStatsUid=-1
11-11 15:37:42.826  3866  3973 I Finsky  : [202] gto.b(32): [ContentSync] finished, scheduled=true
11-11 15:37:42.838  3072 11501 I Icing   : Usage reports ok 0, Failed Usage reports 0, indexed 0, rejected 0
11-11 15:37:42.839  3072 11501 I Icing   : Indexing com.google.android.gms-apps from com.google.android.gms
11-11 15:37:42.853  3072 11501 I Icing   : Indexing done com.google.android.gms-apps
11-11 15:37:43.343 11506 11506 D AndroidRuntime: >>>>>> START com.android.internal.os.RuntimeInit uid 2000 <<<<<<
11-11 15:37:43.355 11506 11506 W app_process: Could not reserve sentinel fault page
11-11 15:37:43.520 11506 11506 I app_process: The ClassLoaderContext is a special shared library.
11-11 15:37:43.584 11506 11506 D AndroidRuntime: Calling main entry com.android.commands.pm.Pm
11-11 15:37:43.594 11515 11515 E asset   : setgid: Operation not permitted
11-11 15:37:43.852  3866  3866 I Finsky  : [2] adzl.c(7): Install-time verification requested for package com.example.benchmark.ui.test, id = 21
11-11 15:37:43.861  3866  3866 E Finsky  : [2] VerifyPerSourceInstallationConsentInstallTask.d(2): Package name null is not an installed package
11-11 15:37:43.866  3866 11068 I Finsky  : [500] aear.a(7): Single user settings service is not running, bind it now
11-11 15:37:43.874  3866  3866 I Finsky  : [2] aeaq.onServiceConnected(1): Single user settings service is connected
11-11 15:37:43.881  3866 11068 W Settings: Setting install_non_market_apps has moved from android.provider.Settings.Global to android.provider.Settings.Secure, returning read-only value.
11-11 15:37:43.890  3866 11068 W PackageParser: Unknown element under <manifest>: queries at /data/app/vmdl1370195805.tmp/base.apk Binary XML file line #16
11-11 15:37:44.065  3866 11068 I Finsky  : [500] lll.b(3): Task 7 requested foreground
11-11 15:37:44.067  3866 11068 I Finsky  : [500] lll.b(8): Not entering foreground
11-11 15:37:44.181  3866 11115 I Finsky  : [514] aeeo.c(3): Verify: Verification package=com.example.benchmark.ui.test, id=21 response=0
11-11 15:37:44.222  3866 11068 I Finsky  : [500] VerifyPerSourceInstallationConsentInstallTask.my(2): PSIC verification started with installer uid: 2000 package name: null, originating uid: -1
11-11 15:37:44.225  3866  3866 I Finsky  : [2] VerifyInstallTask.j(1): Returning package verification result id=21, result=1
11-11 15:37:44.194  3866 11068 W PackageParser: Unknown element under <manifest>: queries at /data/app/vmdl1370195805.tmp/base.apk Binary XML file line #16
11-11 15:37:44.237  1720  1818 W PackageParser: Unknown element under <manifest>: queries at /data/app/vmdl1370195805.tmp/base.apk Binary XML file line #16
11-11 15:37:44.537  1720  1818 I PackageManager.DexOptimizer: Running dexopt (dexoptNeeded=1) on: /data/app/com.example.benchmark.ui.test-vULYGX6vkobky8fNPRWQ_w==/base.apk pkg=com.example.benchmark.ui.test isa=arm dexoptFlags=boot_complete,public target-filter=quicken oatDir=/data/app/com.example.benchmark.ui.test-vULYGX6vkobky8fNPRWQ_w==/oat sharedLibraries=PCL[/system/framework/android.test.mock.jar:/system/framework/android.test.runner.jar]
11-11 15:37:44.597 11518 11518 I dex2oat : /system/bin/dex2oat --input-vdex-fd=-1 --output-vdex-fd=11 --compiler-filter=quicken --classpath-dir=/data/app/com.example.benchmark.ui.test-vULYGX6vkobky8fNPRWQ_w== --class-loader-context=PCL[/system/framework/android.test.mock.jar:/system/framework/android.test.runner.jar]
11-11 15:37:44.603 11518 11518 W dex2oat : Could not reserve sentinel fault page
11-11 15:37:45.421 11518 11518 I dex2oat : dex2oat took 825.896ms (2.978s cpu) (threads: 8) arena alloc=17KB (18416B) java alloc=1060KB (1086288B) native alloc=2MB (2496504B) free=1658KB (1697800B)
11-11 15:37:45.432  1720  1818 V BackupManagerService: restoreAtInstall pkg=com.example.benchmark.ui.test token=16 restoreSet=0
11-11 15:37:45.432  1720  1818 V BackupManagerService: Finishing install immediately
11-11 15:37:45.437  1025  1892 E         : Couldn't opendir /data/app/vmdl1370195805.tmp: No such file or directory
11-11 15:37:45.437  1025  1892 E installd: Failed to delete /data/app/vmdl1370195805.tmp: No such file or directory
11-11 15:37:45.441 11506 11506 I Pm      : Package com.example.benchmark.ui.test installed in 1853 ms
11-11 15:37:45.443  1720  7710 D PackageInstaller: Ignoring abandon after commit relinquished control
11-11 15:37:45.445 11506 11506 I app_process: System.exit called, status: 0
11-11 15:37:45.445 11506 11506 I AndroidRuntime: VM exiting with result code 0.
11-11 15:37:45.456  2393  2393 D ImsResolver: maybeAddedImsService, packageName: com.example.benchmark.ui.test
11-11 15:37:45.457  2652  2652 I GsaVoiceInteractionSrv: O received Intent { act=android.intent.action.PACKAGE_ADDED dat=package:com.example.benchmark.ui.test flg=0x4000010 (has extras) }
11-11 15:37:45.460  2384  2384 D MayaFrameworkProxyService: receive intent :Intent { act=android.intent.action.PACKAGE_ADDED dat=package:com.example.benchmark.ui.test flg=0x4000010 (has extras) }
11-11 15:37:45.462  3866  3866 I Finsky  : [2] srb.i(0): PackageMonitorReceiverImpl - Received: android.intent.action.PACKAGE_ADDED, [W9DLLGjsI04vVDFUL0wxF9vnskpOVN-UuuS4kexohBk]
11-11 15:37:45.462  3866  3866 I Finsky  : [2] srz.n(8): Invalidating cached PackageState for com.example.benchmark.ui.test
11-11 15:37:45.469  1720  7710 W BroadcastQueue: Background execution not allowed: receiving Intent { act=android.intent.action.PACKAGE_ADDED dat=package:com.example.benchmark.ui.test flg=0x4000010 (has extras) } to com.android.vending/com.google.android.finsky.packagemanager.impl.PackageMonitorReceiverImpl$RegisteredReceiver
11-11 15:37:45.472  1720  1720 W ResourceType: For resource 0x7f150f3d, entry index(3901) is beyond type entryCount(1963)
11-11 15:37:45.472  1720  1720 W ResourceType: For resource 0x7f08099a, entry index(2458) is beyond type entryCount(1645)
11-11 15:37:45.474  1720  1720 W ResourceType: For resource 0x7f15081d, entry index(2077) is beyond type entryCount(1963)
11-11 15:37:45.474  1720  1720 W ResourceType: For resource 0x7f08099a, entry index(2458) is beyond type entryCount(1645)
11-11 15:37:45.477  1720  1720 W ResourceType: For resource 0x7f150a78, entry index(2680) is beyond type entryCount(1963)
11-11 15:37:45.477  1720  1720 W ResourceType: For resource 0x7f08099a, entry index(2458) is beyond type entryCount(1645)
11-11 15:37:45.479  1720  2002 I InputReader: Reconfiguring input devices.  changes=0x00000010
11-11 15:37:45.481  1720  1803 W BroadcastQueue: Background execution not allowed: receiving Intent { act=android.intent.action.PACKAGE_ADDED dat=package:com.example.benchmark.ui.test flg=0x4000010 (has extras) } to com.google.android.gms/.games.chimera.GamesSystemBroadcastReceiverProxy
11-11 15:37:45.481  1720  1803 W BroadcastQueue: Background execution not allowed: receiving Intent { act=android.intent.action.PACKAGE_ADDED dat=package:com.example.benchmark.ui.test flg=0x4000010 (has extras) } to com.google.android.gms/.gass.chimera.PackageChangeBroadcastReceiver
11-11 15:37:45.482  1720  1803 W BroadcastQueue: Background execution not allowed: receiving Intent { act=android.intent.action.PACKAGE_ADDED dat=package:com.example.benchmark.ui.test flg=0x4000010 (has extras) } to com.google.android.gms/.chimera.GmsIntentOperationService$PersistentTrustedReceiver
11-11 15:37:45.490  1720  1803 W BroadcastQueue: Background execution not allowed: receiving Intent { act=android.intent.action.PACKAGE_ADDED dat=package:com.example.benchmark.ui.test flg=0x4000010 (has extras) } to com.google.android.googlequicksearchbox/com.google.android.apps.gsa.googlequicksearchbox.GelStubAppWatcher
11-11 15:37:45.495  1720  1803 W BroadcastQueue: Background execution not allowed: receiving Intent { act=android.intent.action.PACKAGE_ADDED dat=package:com.example.benchmark.ui.test flg=0x4000010 (has extras) } to com.google.android.ims/.receivers.RcsAutoStartReceiver
11-11 15:37:45.500  1720  1720 W ResourceType: For resource 0x7f15135b, entry index(4955) is beyond type entryCount(1963)
11-11 15:37:45.500  3866 11086 I Finsky  : [504] ezx.run(5): Wrote row to frosting DB: 6440
11-11 15:37:45.514  1720  1720 W ResourceType: For resource 0x7f15135c, entry index(4956) is beyond type entryCount(1963)
11-11 15:37:45.520  3866  3866 I Finsky  : [2] xin.a(8): Clearing split related stale data.
11-11 15:37:45.524  3866 11092 I Finsky  : [509] gky.accept(26): Asset module storage cleared for package com.example.benchmark.ui.test.
11-11 15:37:45.530  3866  3972 I Finsky  : [201] fws.a(5): AIM: AppInfoManager-Perf > OnDeviceAppInfo > cacheHitCount=0, cacheMissCount=1. Missed  in cache (limit 10) : [com.example.benchmark.ui.test]
11-11 15:37:45.532  3866  3866 I Finsky  : [2] afbn.c(3): Do not start WearSupportService due to Wear service optimization
11-11 15:37:45.533  1720  1720 I TelecomService: DefaultDialerCache: Refreshing default dialer for user 0: now com.android.dialer: DDC.oR@AQs
11-11 15:37:45.537  3866 11093 I Finsky  : [510] gto.b(32): [ContentSync] finished, scheduled=false
11-11 15:37:45.538  3866  3972 I Finsky  : [201] fws.a(5): AIM: AppInfoManager-Perf > OnDeviceAppInfo > cacheHitCount=0, cacheMissCount=1. Missed  in cache (limit 10) : [com.example.benchmark.ui.test]
11-11 15:37:45.574  3072 11499 I Auth    : [SupervisedAccountIntentOperation] onHandleIntent(): android.intent.action.PACKAGE_ADDED
11-11 15:37:45.577  2632 11495 W GCM     : Unexpected forwarded intent: Intent { act=android.intent.action.PACKAGE_ADDED dat=package:com.example.benchmark.ui.test flg=0x4000010 pkg=com.google.android.gms cmp=com.google.android.gms/.chimera.PersistentIntentOperationService (has extras) }
11-11 15:37:45.579  2632 11486 I FontLog : Package com.example.benchmark.ui.test has no metadata [CONTEXT service_id=132 ]
11-11 15:37:45.580  2632 11495 W GCM     : Unexpected forwarded intent: Intent { act=android.intent.action.PACKAGE_ADDED dat=package:com.example.benchmark.ui.test flg=0x4000010 pkg=com.google.android.gms cmp=com.google.android.gms/.chimera.PersistentIntentOperationService (has extras) }
11-11 15:37:45.580  3072 11493 I BlockstoreStorage: Clearing Blockstore Data for package com.example.benchmark.ui.test [CONTEXT service_id=258 ]
11-11 15:37:45.581  3072 11493 I BlockstoreStorage: No metadata found. Skipping deletion. [CONTEXT service_id=258 ]
11-11 15:37:45.586  3072  3072 D BoundBrokerSvc: onBind: Intent { act=com.google.android.gms.common.BIND_SHARED_PREFS pkg=com.google.android.gms }
11-11 15:37:45.586  3072  3072 D BoundBrokerSvc: Loading bound service for intent: Intent { act=com.google.android.gms.common.BIND_SHARED_PREFS pkg=com.google.android.gms }
11-11 15:37:45.587  3866  3866 I Finsky  : [2] VerifyInstallTask.mx(6): Verification complete: id=21, package_name=com.example.benchmark.ui.test
11-11 15:37:45.594  3866 11086 I Finsky  : [504] ezx.run(5): Wrote row to frosting DB: 6441
11-11 15:37:45.596  3072  3072 D BoundBrokerSvc: onUnbind: Intent { act=com.google.android.gms.common.BIND_SHARED_PREFS pkg=com.google.android.gms }
11-11 15:37:45.596  2393  2393 D CarrierSvcBindHelper: No carrier app for: 0
11-11 15:37:45.597  2393  2393 D CarrierSvcBindHelper: No carrier app for: 1
11-11 15:37:45.614  2393  2393 E VvmPkgInstalledRcvr: cannot create TelephonyManager from ComponentInfo{com.android.phone/com.android.services.telephony.TelephonyConnectionService}, [****], UserHandle{0}
11-11 15:37:45.615  2393  2393 D CarrierConfigLoader: mHandler: 9 phoneId: 0
11-11 15:37:45.615  2632  5836 W ChimeraUtils: Module com.google.android.gms.nearby_en has empty metadata display_name_string_id
11-11 15:37:45.625  3866  3961 I Finsky  : [193] fwi.a(11): AIM: AppInfoManager-Perf > ItemModel > CacheSize=36, cacheHitCount=0, cacheMissCount=0, total appsWithNoServerDataCount=1. Missed  in cache (limit 10) : []
11-11 15:37:45.627  3866  3961 I Finsky  : [193] fln.accept(24): AIM: AppInfoManager-Perf > getApps > data collection finished
11-11 15:37:45.645  3866  3973 I Finsky  : [202] fwi.a(11): AIM: AppInfoManager-Perf > ItemModel > CacheSize=36, cacheHitCount=0, cacheMissCount=0, total appsWithNoServerDataCount=1. Missed  in cache (limit 10) : []
11-11 15:37:45.646  3072 10626 I Icing   : Indexing com.google.android.gms-apps from com.google.android.gms
11-11 15:37:45.647  3072 10626 I Icing   : Indexing done com.google.android.gms-apps
11-11 15:37:45.659  2632  5836 W ChimeraUtils: Module com.google.android.gms.nearby_en has empty metadata display_name_string_id
11-11 15:37:45.662  2632  5836 W ChimeraUtils: Module com.google.android.gms.nearby_en has empty metadata display_name_string_id
11-11 15:37:45.666  1720  1734 I zygote  : Background concurrent copying GC freed 80564(3MB) AllocSpace objects, 25(1140KB) LOS objects, 42% free, 16MB/29MB, paused 259us total 228.988ms
11-11 15:37:45.734  2860  3048 I DeviceAppInfoWork: refreshDeviceAppInfoForAccount done.
11-11 15:37:45.745  2860  3062 W DeviceAppInfoWork: missing version info.
11-11 15:37:46.239 11536 11536 D AndroidRuntime: >>>>>> START com.android.internal.os.RuntimeInit uid 2000 <<<<<<
11-11 15:37:46.251 11536 11536 W app_process: Could not reserve sentinel fault page
11-11 15:37:46.416 11536 11536 I app_process: The ClassLoaderContext is a special shared library.
11-11 15:37:46.481 11536 11536 D AndroidRuntime: Calling main entry com.android.commands.content.Content
11-11 15:37:46.506 11536 11536 D AndroidRuntime: Shutting down VM
11-11 15:37:47.570 11555 11555 D AndroidRuntime: >>>>>> START com.android.internal.os.RuntimeInit uid 2000 <<<<<<
11-11 15:37:47.582 11555 11555 W app_process: Could not reserve sentinel fault page
11-11 15:37:47.696  3072 11501 I ContentMaintenance: Internal cache bytes used: 0; limit: 100000000; download size: 0
11-11 15:37:47.711  3072 11501 I RealtimeCacheCleanup: Beginning Realtime garbage collection.
11-11 15:37:47.712  3072 11501 I RealtimeCacheCleanup: Finished Realtime garbage collection.
11-11 15:37:47.747 11555 11555 I app_process: The ClassLoaderContext is a special shared library.
11-11 15:37:47.811 11555 11555 D AndroidRuntime: Calling main entry com.android.commands.am.Am
11-11 15:37:47.820  1720 11010 I ActivityManager: Force stopping com.example.benchmark.ui appid=10648 user=0: start instr
11-11 15:37:47.840  1720 11010 I ActivityManager: Start proc 11565:com.example.benchmark.ui/u0a648 for added application com.example.benchmark.ui
11-11 15:37:47.900 11565 11565 I zygote  : The ClassLoaderContext is a special shared library.
11-11 15:37:47.909 11565 11565 I zygote  : The ClassLoaderContext is a special shared library.
11-11 15:37:47.913 11565 11565 W zygote  : ClassLoaderContext classpath element mismatch for position 0. expected=/system/framework/android.test.mock.jar, found=/system/framework/android.test.runner.jar (PCL[/system/framework/android.test.mock.jar*1065265343:/system/framework/android.test.runner.jar*1742119008] | PCL[/system/framework/android.test.runner.jar*1742119008:/system/framework/android.test.mock.jar*1065265343])
11-11 15:37:47.915 11565 11565 W zygote  : Found duplicate classes, falling back to extracting from APK : /data/app/com.example.benchmark.ui.test-vULYGX6vkobky8fNPRWQ_w==/base.apk
11-11 15:37:47.915 11565 11565 W zygote  : NOTE: This wastes RAM and hurts startup performance.
11-11 15:37:47.915 11565 11565 W zygote  : Found duplicated class when checking oat files: 'Ljunit/runner/BaseTestRunner;' in /data/app/com.example.benchmark.ui.test-vULYGX6vkobky8fNPRWQ_w==/base.apk and /system/framework/android.test.runner.jar
11-11 15:37:47.915 11565 11565 W zygote  : 
11-11 15:37:48.093 11565 11565 W zygote  : ClassLoaderContext classpath size mismatch for position 0. expected=0, found=3 (PCL[] | PCL[/system/framework/android.test.runner.jar*1742119008:/system/framework/android.test.mock.jar*1065265343:/data/app/com.example.benchmark.ui.test-vULYGX6vkobky8fNPRWQ_w==/base.apk*1206272279])
11-11 15:37:48.107 11565 11565 W System  : ClassLoader referenced unknown path: 
11-11 15:37:48.141 11565 11565 I MonitoringInstr: Instrumentation started!
11-11 15:37:48.158 11565 11565 V TestEventClient: No service name argument was given (testDiscoveryService, testRunEventService or orchestratorService)
11-11 15:37:48.161 11565 11565 I MonitoringInstr: No JSBridge.
11-11 15:37:48.193 11565 11579 D InfraTrack: Tracking disabled due to lack of internet permissions
11-11 15:37:48.193 11565 11579 I UsageTrackerFacilitator: Usage tracking disabled
11-11 15:37:48.258 11565 11579 D TestExecutor: Adding listener androidx.test.internal.runner.listener.LogRunListener
11-11 15:37:48.259 11565 11579 D TestExecutor: Adding listener androidx.test.internal.runner.listener.InstrumentationResultPrinter
11-11 15:37:48.259 11565 11579 D TestExecutor: Adding listener androidx.test.internal.runner.listener.ActivityFinisherRunListener
11-11 15:37:48.263 11565 11579 I TestRunner: run started: 2 tests
11-11 15:37:48.324  2860  3032 I A       : NGA disabled due to not being eligible.
11-11 15:37:48.332 11565 11579 I TestRunner: started: buildParagraph(com.example.benchmark.RecyclerViewBenchmark)
11-11 15:37:48.342 11565 11579 I UiAutomationShellCmd: Requesting permission: pm grant com.example.benchmark.ui android.permission.READ_EXTERNAL_STORAGE
11-11 15:37:48.564  5949  5990 D Checkin : publish the event [tag = MOT_DEVICE_STATS_L1 event name = SettingLogs]
11-11 15:37:48.957 11582 11582 D AndroidRuntime: >>>>>> START com.android.internal.os.RuntimeInit uid 2000 <<<<<<
11-11 15:37:48.969 11582 11582 W app_process: Could not reserve sentinel fault page
11-11 15:37:49.134 11582 11582 I app_process: The ClassLoaderContext is a special shared library.
11-11 15:37:49.197 11582 11582 D AndroidRuntime: Calling main entry com.android.commands.pm.Pm
11-11 15:37:49.206 11582 11582 I app_process: System.exit called, status: 1
11-11 15:37:49.206 11582 11582 I AndroidRuntime: VM exiting with result code 1.
11-11 15:37:50.229 11565 11579 E GrantPermissionCallable: Permission: android.permission.READ_EXTERNAL_STORAGE cannot be granted!
11-11 15:37:50.231 11565 11579 E TestRunner: failed: buildParagraph(com.example.benchmark.RecyclerViewBenchmark)
11-11 15:37:50.231 11565 11579 E TestRunner: ----- begin exception -----
11-11 15:37:50.232 11565 11579 E TestRunner: junit.framework.AssertionFailedError: Failed to grant permissions, see logcat for details
11-11 15:37:50.232 11565 11579 E TestRunner: 	at junit.framework.Assert.fail(Assert.java:50)
11-11 15:37:50.232 11565 11579 E TestRunner: 	at androidx.test.runner.permission.PermissionRequester.requestPermissions(PermissionRequester.java:111)
11-11 15:37:50.232 11565 11579 E TestRunner: 	at androidx.test.rule.GrantPermissionRule$RequestPermissionStatement.evaluate(GrantPermissionRule.java:133)
11-11 15:37:50.232 11565 11579 E TestRunner: 	at org.junit.rules.RunRules.evaluate(RunRules.java:20)
11-11 15:37:50.232 11565 11579 E TestRunner: 	at org.junit.runners.ParentRunner.runLeaf(ParentRunner.java:325)
11-11 15:37:50.232 11565 11579 E TestRunner: 	at org.junit.runners.BlockJUnit4ClassRunner.runChild(BlockJUnit4ClassRunner.java:78)
11-11 15:37:50.232 11565 11579 E TestRunner: 	at org.junit.runners.BlockJUnit4ClassRunner.runChild(BlockJUnit4ClassRunner.java:57)
11-11 15:37:50.232 11565 11579 E TestRunner: 	at org.junit.runners.ParentRunner$3.run(ParentRunner.java:290)
11-11 15:37:50.232 11565 11579 E TestRunner: 	at org.junit.runners.ParentRunner$1.schedule(ParentRunner.java:71)
11-11 15:37:50.232 11565 11579 E TestRunner: 	at org.junit.runners.ParentRunner.runChildren(ParentRunner.java:288)
11-11 15:37:50.232 11565 11579 E TestRunner: 	at org.junit.runners.ParentRunner.access$000(ParentRunner.java:58)
11-11 15:37:50.232 11565 11579 E TestRunner: 	at org.junit.runners.ParentRunner$2.evaluate(ParentRunner.java:268)
11-11 15:37:50.232 11565 11579 E TestRunner: 	at org.junit.runners.ParentRunner.run(ParentRunner.java:363)
11-11 15:37:50.232 11565 11579 E TestRunner: 	at androidx.test.ext.junit.runners.AndroidJUnit4.run(AndroidJUnit4.java:162)
11-11 15:37:50.232 11565 11579 E TestRunner: 	at org.junit.runners.Suite.runChild(Suite.java:128)
11-11 15:37:50.232 11565 11579 E TestRunner: 	at org.junit.runners.Suite.runChild(Suite.java:27)
11-11 15:37:50.232 11565 11579 E TestRunner: 	at org.junit.runners.ParentRunner$3.run(ParentRunner.java:290)
11-11 15:37:50.232 11565 11579 E TestRunner: 	at org.junit.runners.ParentRunner$1.schedule(ParentRunner.java:71)
11-11 15:37:50.232 11565 11579 E TestRunner: 	at org.junit.runners.ParentRunner.runChildren(ParentRunner.java:288)
11-11 15:37:50.232 11565 11579 E TestRunner: 	at org.junit.runners.ParentRunner.access$000(ParentRunner.java:58)
11-11 15:37:50.232 11565 11579 E TestRunner: 	at org.junit.runners.ParentRunner$2.evaluate(ParentRunner.java:268)
11-11 15:37:50.232 11565 11579 E TestRunner: 	at org.junit.runners.ParentRunner.run(ParentRunner.java:363)
11-11 15:37:50.232 11565 11579 E TestRunner: 	at org.junit.runner.JUnitCore.run(JUnitCore.java:137)
11-11 15:37:50.232 11565 11579 E TestRunner: 	at org.junit.runner.JUnitCore.run(JUnitCore.java:115)
11-11 15:37:50.232 11565 11579 E TestRunner: 	at androidx.test.internal.runner.TestExecutor.execute(TestExecutor.java:56)
11-11 15:37:50.232 11565 11579 E TestRunner: 	at androidx.test.runner.AndroidJUnitRunner.onStart(AndroidJUnitRunner.java:444)
11-11 15:37:50.232 11565 11579 E TestRunner: 	at android.app.Instrumentation$InstrumentationThread.run(Instrumentation.java:2169)
11-11 15:37:50.232 11565 11579 E TestRunner: ----- end exception -----
11-11 15:37:50.243 11565 11579 I TestRunner: finished: buildParagraph(com.example.benchmark.RecyclerViewBenchmark)
11-11 15:37:50.256 11565 11579 I TestRunner: started: scroll(com.example.benchmark.RecyclerViewBenchmark)
11-11 15:37:50.261 11565 11579 I UiAutomationShellCmd: Requesting permission: pm grant com.example.benchmark.ui android.permission.READ_EXTERNAL_STORAGE
