11-11 15:21:50.877  2632 10532 I NetworkScheduler.Stats: Task com.google.android.gms/com.google.android.gms.tapandpay.gcmtask.TapAndPayGcmTaskService finished executing. cause:5 result: 3 elapsed_millis: 71 uptime_millis: 71 exec_start_elapsed_seconds: 2042 [CONTEXT service_id=218 ]
11-11 15:21:51.302  1720  1923 D BatteryService: uevent={POWER_SUPPLY_VOLTAGE_NOW=4400914, POWER_SUPPLY_CHARGE_RATE=Normal, POWER_SUPPLY_HEALTH=Good, POWER_SUPPLY_CURRENT_NOW=-3814, POWER_SUPPLY_PRESENT=1, SUBSYSTEM=power_supply, POWER_SUPPLY_TEMP=255, SEQNUM=4053, ACTION=change, POWER_SUPPLY_NAME=battery, POWER_SUPPLY_STATUS=Charging, POWER_SUPPLY_CHARGE_COUNTER=2772046, POWER_SUPPLY_CAPACITY=100, DEVPATH=/devices/soc/qpnp-smbcharger-17/power_supply/battery}
11-11 15:21:51.308  2393  2393 D QtiCarrierConfigHelper: WARNING, no carrier configs on phone Id: 0
11-11 15:21:51.796  1720  1923 D BatteryService: uevent={POWER_SUPPLY_VOLTAGE_NOW=4400914, POWER_SUPPLY_CHARGE_RATE=Normal, POWER_SUPPLY_HEALTH=Good, POWER_SUPPLY_CURRENT_NOW=-3814, POWER_SUPPLY_PRESENT=1, SUBSYSTEM=power_supply, POWER_SUPPLY_TEMP=255, SEQNUM=4054, ACTION=change, POWER_SUPPLY_NAME=battery, POWER_SUPPLY_STATUS=Charging, POWER_SUPPLY_CHARGE_COUNTER=2772046, POWER_SUPPLY_CAPACITY=100, DEVPATH=/devices/soc/qpnp-smbcharger-17/power_supply/battery}
11-11 15:21:53.284  1720  8278 D WificondControl: Scan result ready event
11-11 15:21:53.310  1720  8278 D WifiPermissionsUtil: Denied: no location permission
11-11 15:21:57.990  2393  2393 D QtiCarrierConfigHelper: WARNING, no carrier configs on phone Id: 0
11-11 15:22:01.329  1720  1923 D BatteryService: uevent={POWER_SUPPLY_VOLTAGE_NOW=4401829, POWER_SUPPLY_CHARGE_RATE=Normal, POWER_SUPPLY_HEALTH=Good, POWER_SUPPLY_CURRENT_NOW=-3814, POWER_SUPPLY_PRESENT=1, SUBSYSTEM=power_supply, POWER_SUPPLY_TEMP=250, SEQNUM=4055, ACTION=change, POWER_SUPPLY_NAME=battery, POWER_SUPPLY_STATUS=Charging, POWER_SUPPLY_CHARGE_COUNTER=2772057, POWER_SUPPLY_CAPACITY=100, DEVPATH=/devices/soc/qpnp-smbcharger-17/power_supply/battery}
11-11 15:22:11.356  1720  1923 D BatteryService: uevent={POWER_SUPPLY_VOLTAGE_NOW=4401524, POWER_SUPPLY_CHARGE_RATE=Normal, POWER_SUPPLY_HEALTH=Good, POWER_SUPPLY_CURRENT_NOW=-3814, POWER_SUPPLY_PRESENT=1, SUBSYSTEM=power_supply, POWER_SUPPLY_TEMP=250, SEQNUM=4056, ACTION=change, POWER_SUPPLY_NAME=battery, POWER_SUPPLY_STATUS=Full, POWER_SUPPLY_CHARGE_COUNTER=2772067, POWER_SUPPLY_CAPACITY=100, DEVPATH=/devices/soc/qpnp-smbcharger-17/power_supply/battery}
11-11 15:22:11.359  1720  1923 D BatteryService: uevent={POWER_SUPPLY_VOLTAGE_NOW=4401524, POWER_SUPPLY_CHARGE_RATE=Normal, POWER_SUPPLY_HEALTH=Good, POWER_SUPPLY_CURRENT_NOW=-3814, POWER_SUPPLY_PRESENT=1, SUBSYSTEM=power_supply, POWER_SUPPLY_TEMP=250, SEQNUM=4057, ACTION=change, POWER_SUPPLY_NAME=battery, POWER_SUPPLY_STATUS=Full, POWER_SUPPLY_CHARGE_COUNTER=2772067, POWER_SUPPLY_CAPACITY=100, DEVPATH=/devices/soc/qpnp-smbcharger-17/power_supply/battery}
11-11 15:22:11.366  1720  1923 D BatteryService: uevent={POWER_SUPPLY_VOLTAGE_NOW=4401524, POWER_SUPPLY_CHARGE_RATE=Normal, POWER_SUPPLY_HEALTH=Good, POWER_SUPPLY_CURRENT_NOW=-3814, POWER_SUPPLY_PRESENT=1, SUBSYSTEM=power_supply, POWER_SUPPLY_TEMP=250, SEQNUM=4058, ACTION=change, POWER_SUPPLY_NAME=battery, POWER_SUPPLY_STATUS=Full, POWER_SUPPLY_CHARGE_COUNTER=2772067, POWER_SUPPLY_CAPACITY=100, DEVPATH=/devices/soc/qpnp-smbcharger-17/power_supply/battery}
11-11 15:22:11.367  1720  1923 D BatteryService: uevent={POWER_SUPPLY_VOLTAGE_NOW=4401524, POWER_SUPPLY_CHARGE_RATE=Normal, POWER_SUPPLY_HEALTH=Good, POWER_SUPPLY_CURRENT_NOW=-3814, POWER_SUPPLY_PRESENT=1, SUBSYSTEM=power_supply, POWER_SUPPLY_TEMP=250, SEQNUM=4060, ACTION=change, POWER_SUPPLY_NAME=battery, POWER_SUPPLY_STATUS=Full, POWER_SUPPLY_CHARGE_COUNTER=2772067, POWER_SUPPLY_CAPACITY=100, DEVPATH=/devices/soc/qpnp-smbcharger-17/power_supply/battery}
11-11 15:22:33.418  1720  1923 D BatteryService: uevent={POWER_SUPPLY_VOLTAGE_NOW=4328893, POWER_SUPPLY_CHARGE_RATE=Normal, POWER_SUPPLY_HEALTH=Good, POWER_SUPPLY_CURRENT_NOW=152, POWER_SUPPLY_PRESENT=1, SUBSYSTEM=power_supply, POWER_SUPPLY_TEMP=255, SEQNUM=4061, ACTION=change, POWER_SUPPLY_NAME=battery, POWER_SUPPLY_STATUS=Full, POWER_SUPPLY_CHARGE_COUNTER=2772067, POWER_SUPPLY_CAPACITY=100, DEVPATH=/devices/soc/qpnp-smbcharger-17/power_supply/battery}
11-11 15:22:11.365  2393  2393 I chatty  : uid=1001(radio) com.android.phone identical 2 lines
11-11 15:22:33.425  2393  2393 D QtiCarrierConfigHelper: WARNING, no carrier configs on phone Id: 0
11-11 15:23:10.550  1720  2105 D WifiNative-wlan0: Scan issued for specific freq..
11-11 15:23:11.515  1720  1923 D BatteryService: uevent={POWER_SUPPLY_VOLTAGE_NOW=4328282, POWER_SUPPLY_CHARGE_RATE=Normal, POWER_SUPPLY_HEALTH=Good, POWER_SUPPLY_CURRENT_NOW=152, POWER_SUPPLY_PRESENT=1, SUBSYSTEM=power_supply, POWER_SUPPLY_TEMP=255, SEQNUM=4062, ACTION=change, POWER_SUPPLY_NAME=battery, POWER_SUPPLY_STATUS=Full, POWER_SUPPLY_CHARGE_COUNTER=2772067, POWER_SUPPLY_CAPACITY=100, DEVPATH=/devices/soc/qpnp-smbcharger-17/power_supply/battery}
11-11 15:23:13.459  1720  8278 D WificondControl: Scan result ready event
11-11 15:23:13.485  1720  8278 D WifiPermissionsUtil: Denied: no location permission
11-11 15:23:15.030  1720  1923 D BatteryService: uevent={POWER_SUPPLY_VOLTAGE_NOW=4328282, POWER_SUPPLY_CHARGE_RATE=Normal, POWER_SUPPLY_HEALTH=Good, POWER_SUPPLY_CURRENT_NOW=152, POWER_SUPPLY_PRESENT=1, SUBSYSTEM=power_supply, POWER_SUPPLY_TEMP=255, SEQNUM=4063, ACTION=change, POWER_SUPPLY_NAME=battery, POWER_SUPPLY_STATUS=Full, POWER_SUPPLY_CHARGE_COUNTER=2772067, POWER_SUPPLY_CAPACITY=100, DEVPATH=/devices/soc/qpnp-smbcharger-17/power_supply/battery}
11-11 15:23:38.041  3866  4418 I PlayCommon: [256] akqs.k(22): Preparing logs for uploading
11-11 15:23:38.044  3866  4418 W PlayCommon: [256] akqs.m(1): No account for auth token provided
11-11 15:23:38.045  3866  4418 I PlayCommon: [256] akqs.k(167): Connecting to server: https://play.googleapis.com/play/log?format=raw&proto_v2=true
11-11 15:23:38.269  3866  4418 I PlayCommon: [256] akqs.k(199): Successfully uploaded logs.
11-11 15:23:56.642  1720  1923 D BatteryService: uevent={POWER_SUPPLY_VOLTAGE_NOW=4328282, POWER_SUPPLY_CHARGE_RATE=Normal, POWER_SUPPLY_HEALTH=Good, POWER_SUPPLY_CURRENT_NOW=152, POWER_SUPPLY_PRESENT=1, SUBSYSTEM=power_supply, POWER_SUPPLY_TEMP=255, SEQNUM=4065, ACTION=change, POWER_SUPPLY_NAME=battery, POWER_SUPPLY_STATUS=Full, POWER_SUPPLY_CHARGE_COUNTER=2772067, POWER_SUPPLY_CAPACITY=100, DEVPATH=/devices/soc/qpnp-smbcharger-17/power_supply/battery}
11-11 15:24:11.676  1720  1923 D BatteryService: uevent={POWER_SUPPLY_VOLTAGE_NOW=4327977, POWER_SUPPLY_CHARGE_RATE=Normal, POWER_SUPPLY_HEALTH=Good, POWER_SUPPLY_CURRENT_NOW=152, POWER_SUPPLY_PRESENT=1, SUBSYSTEM=power_supply, POWER_SUPPLY_TEMP=255, SEQNUM=4066, ACTION=change, POWER_SUPPLY_NAME=battery, POWER_SUPPLY_STATUS=Full, POWER_SUPPLY_CHARGE_COUNTER=2772067, POWER_SUPPLY_CAPACITY=100, DEVPATH=/devices/soc/qpnp-smbcharger-17/power_supply/battery}
11-11 15:24:11.683  2393  2393 D QtiCarrierConfigHelper: WARNING, no carrier configs on phone Id: 0
11-11 15:24:30.552  1720  2105 D WifiNative-wlan0: Scan issued for specific freq..
11-11 15:24:33.497  1720  8278 D WificondControl: Scan result ready event
11-11 15:24:33.533  1720  8278 D WifiPermissionsUtil: Denied: no location permission
11-11 15:24:38.256  1720  1923 D BatteryService: uevent={POWER_SUPPLY_VOLTAGE_NOW=4327977, POWER_SUPPLY_CHARGE_RATE=Normal, POWER_SUPPLY_HEALTH=Good, POWER_SUPPLY_CURRENT_NOW=152, POWER_SUPPLY_PRESENT=1, SUBSYSTEM=power_supply, POWER_SUPPLY_TEMP=255, SEQNUM=4069, ACTION=change, POWER_SUPPLY_NAME=battery, POWER_SUPPLY_STATUS=Full, POWER_SUPPLY_CHARGE_COUNTER=2772067, POWER_SUPPLY_CAPACITY=100, DEVPATH=/devices/soc/qpnp-smbcharger-17/power_supply/battery}
11-11 15:25:00.004  1720  1720 I ActivityManager: Killing 9086:com.google.android.gm/u0a96 (adj 904): empty for 1819s
11-11 15:25:00.006  1720  1805 W zygote  : kill(-9086, 9) failed: No such process
11-11 15:25:00.064  1720  2244 D ConnectivityService: ConnectivityService NetworkRequestInfo binderDied(NetworkRequest [ LISTEN id=59, [ Capabilities: INTERNET&NOT_RESTRICTED&TRUSTED] ], android.os.BinderProxy@fb81638)
11-11 15:25:00.069  1720  1805 I chatty  : uid=1000(system) ActivityManager identical 4 lines
11-11 15:25:00.085  1720  1805 W zygote  : kill(-9086, 9) failed: No such process
11-11 15:25:00.086  1720  1805 I zygote  : Successfully killed process cgroup uid 10096 pid 9086 in 79ms
11-11 15:25:11.835  1720  1923 D BatteryService: uevent={POWER_SUPPLY_VOLTAGE_NOW=4327672, POWER_SUPPLY_CHARGE_RATE=Normal, POWER_SUPPLY_HEALTH=Good, POWER_SUPPLY_CURRENT_NOW=152, POWER_SUPPLY_PRESENT=1, SUBSYSTEM=power_supply, POWER_SUPPLY_TEMP=255, SEQNUM=4070, ACTION=change, POWER_SUPPLY_NAME=battery, POWER_SUPPLY_STATUS=Full, POWER_SUPPLY_CHARGE_COUNTER=2772067, POWER_SUPPLY_CAPACITY=100, DEVPATH=/devices/soc/qpnp-smbcharger-17/power_supply/battery}
11-11 15:25:19.869  1720  1923 D BatteryService: uevent={POWER_SUPPLY_VOLTAGE_NOW=4327672, POWER_SUPPLY_CHARGE_RATE=Normal, POWER_SUPPLY_HEALTH=Good, POWER_SUPPLY_CURRENT_NOW=152, POWER_SUPPLY_PRESENT=1, SUBSYSTEM=power_supply, POWER_SUPPLY_TEMP=255, SEQNUM=4072, ACTION=change, POWER_SUPPLY_NAME=battery, POWER_SUPPLY_STATUS=Full, POWER_SUPPLY_CHARGE_COUNTER=2772067, POWER_SUPPLY_CAPACITY=100, DEVPATH=/devices/soc/qpnp-smbcharger-17/power_supply/battery}
11-11 15:25:50.554  1720  2105 D WifiNative-wlan0: Scan issued for specific freq..
11-11 15:25:53.437  1720  2417 D WificondControl: Scan result ready event
11-11 15:25:53.460  1720  2417 D WifiPermissionsUtil: Denied: no location permission
11-11 15:26:01.484  1720  1923 D BatteryService: uevent={POWER_SUPPLY_VOLTAGE_NOW=4327672, POWER_SUPPLY_CHARGE_RATE=Normal, POWER_SUPPLY_HEALTH=Good, POWER_SUPPLY_CURRENT_NOW=152, POWER_SUPPLY_PRESENT=1, SUBSYSTEM=power_supply, POWER_SUPPLY_TEMP=255, SEQNUM=4073, ACTION=change, POWER_SUPPLY_NAME=battery, POWER_SUPPLY_STATUS=Full, POWER_SUPPLY_CHARGE_COUNTER=2772067, POWER_SUPPLY_CAPACITY=100, DEVPATH=/devices/soc/qpnp-smbcharger-17/power_supply/battery}
11-11 15:26:11.995  1720  1923 D BatteryService: uevent={POWER_SUPPLY_VOLTAGE_NOW=4327672, POWER_SUPPLY_CHARGE_RATE=Normal, POWER_SUPPLY_HEALTH=Good, POWER_SUPPLY_CURRENT_NOW=152, POWER_SUPPLY_PRESENT=1, SUBSYSTEM=power_supply, POWER_SUPPLY_TEMP=255, SEQNUM=4074, ACTION=change, POWER_SUPPLY_NAME=battery, POWER_SUPPLY_STATUS=Full, POWER_SUPPLY_CHARGE_COUNTER=2772067, POWER_SUPPLY_CAPACITY=100, DEVPATH=/devices/soc/qpnp-smbcharger-17/power_supply/battery}
11-11 15:26:43.094  1720  1923 D BatteryService: uevent={POWER_SUPPLY_VOLTAGE_NOW=4327672, POWER_SUPPLY_CHARGE_RATE=Normal, POWER_SUPPLY_HEALTH=Good, POWER_SUPPLY_CURRENT_NOW=152, POWER_SUPPLY_PRESENT=1, SUBSYSTEM=power_supply, POWER_SUPPLY_TEMP=255, SEQNUM=4075, ACTION=change, POWER_SUPPLY_NAME=battery, POWER_SUPPLY_STATUS=Full, POWER_SUPPLY_CHARGE_COUNTER=2772067, POWER_SUPPLY_CAPACITY=100, DEVPATH=/devices/soc/qpnp-smbcharger-17/power_supply/battery}
11-11 15:27:01.117  2860  2860 I Notifications: [ChimeBroadcastReceiver] Intent received for action [com.google.android.c2dm.intent.RECEIVE] package [com.google.android.googlequicksearchbox].
11-11 15:27:01.117  2860  2860 I Notifications: [ChimeBroadcastReceiver] Phenotype initialized.
11-11 15:27:01.118  2860  2860 I Notifications: [ChimeBroadcastReceiver] Validation OK for action [com.google.android.c2dm.intent.RECEIVE].
11-11 15:27:01.119  2860  2860 I Notifications: [ChimeExecutorApiImpl-Tiktok] Submitting Broadcast execution [34433172] to tiktok executor.
11-11 15:27:01.120  2860 11013 I Notifications: [ChimeBroadcastReceiver] Executing action in BroadcastReceiver [com.google.android.c2dm.intent.RECEIVE].
11-11 15:27:01.234  2632  9669 I NetworkScheduler.Stats: Task com.google.android.gms/com.google.android.gms.mdisync.service.MdiSyncBackgroundTaskService started execution. cause:3 exec_start_elapsed_seconds: 2353 [CONTEXT service_id=218 ]
11-11 15:27:01.242  3072 10626 I MdiSyncModule: Dispatching task '2_PERIODIC'...
11-11 15:27:01.243  3072 10626 I MdiSyncModule: Running singleton-scoped task '2 PERIODIC (2_PERIODIC)'...
11-11 15:27:01.286  2632 10532 I NetworkScheduler.Stats: Task com.google.android.gms/com.google.android.gms.mdisync.service.MdiSyncBackgroundTaskService started execution. cause:3 exec_start_elapsed_seconds: 2353 [CONTEXT service_id=218 ]
11-11 15:27:01.288  3072 10812 I MdiSyncModule: Dispatching task '3_PERIODIC'...
11-11 15:27:01.288  2860  3103 I A       : GMSCore Auth returned 1 accounts.
11-11 15:27:01.288  2860  3103 I A       : GoogleOwnersProvider returned 1 accounts.
11-11 15:27:01.291  3072 10812 I MdiSyncModule: Running account-scoped task '3 PERIODIC (3_PERIODIC)'...
11-11 15:27:01.297  3072 10626 I MdiSyncModule: Singleton-scoped task '2 PERIODIC (2_PERIODIC)' finished with result '0'!
11-11 15:27:01.299  3072 10626 I MdiSyncModule: Running account-scoped task '2 PERIODIC (2_PERIODIC)'...
11-11 15:27:01.329  2860 11015 I Notifications: [NotificationChannelHelperImpl] Setting channel Id: '21'
11-11 15:27:01.372  2860 11015 I Notifications: [NotificationChannelHelperImpl] Setting channel Id: '21'
11-11 15:27:01.373  3072 10626 I MdiSyncModule: Task '2 PERIODIC (2_PERIODIC)' finished with result '0'!
11-11 15:27:01.377  2632 10532 I NetworkScheduler.Stats: Task com.google.android.gms/com.google.android.gms.mdisync.service.MdiSyncBackgroundTaskService finished executing. cause:3 result: 1 elapsed_millis: 194 uptime_millis: 194 exec_start_elapsed_seconds: 2353 [CONTEXT service_id=218 ]
11-11 15:27:01.405  1720  1734 I zygote  : Background concurrent copying GC freed 213225(9MB) AllocSpace objects, 20(828KB) LOS objects, 42% free, 16MB/28MB, paused 486us total 254.904ms
11-11 15:27:01.482  2860  3117 I ChimeNotiEventHandler: Successfully recorded chime actions: DISPLAYED_NOTIFICATION
11-11 15:27:01.496  2860 11013 I Notifications: [ChimeExecutorApiImpl-Tiktok] Finished Broadcast execution [34433172].
11-11 15:27:01.498  2860  2860 I NotificationFullFlow: Step 1: GcmBroadcastReceiver:onReceive
11-11 15:27:01.501  2860  3121 I NotificationFullFlow: Step 2: GcsmState:handleClientEvent
11-11 15:27:01.506  2860  3121 E A       : Processing of GCM event failed.
11-11 15:27:01.506  2860  3121 E A       : java.lang.NullPointerException: No binary data in push message
11-11 15:27:01.506  2860  3121 E A       : 	at com.google.common.base.bd.a(PG:1)
11-11 15:27:01.506  2860  3121 E A       : 	at com.google.android.apps.gsa.staticplugins.bc.k.a(PG:6)
11-11 15:27:01.506  2860  3121 E A       : 	at dagger.b.a.h.apply(PG:2)
11-11 15:27:01.506  2860  3121 E A       : 	at com.google.common.w.a.f.d(PG:2)
11-11 15:27:01.506  2860  3121 E A       : 	at com.google.common.w.a.h.run(PG:9)
11-11 15:27:01.506  2860  3121 E A       : 	at com.google.cf.h.a.q.run(PG:3)
11-11 15:27:01.506  2860  3121 E A       : 	at com.google.android.libraries.i.ac.run(PG:1)
11-11 15:27:01.506  2860  3121 E A       : 	at java.util.concurrent.ThreadPoolExecutor.runWorker(ThreadPoolExecutor.java:1162)
11-11 15:27:01.506  2860  3121 E A       : 	at java.util.concurrent.ThreadPoolExecutor$Worker.run(ThreadPoolExecutor.java:636)
11-11 15:27:01.506  2860  3121 E A       : 	at com.google.android.libraries.i.d.run(PG:2)
11-11 15:27:01.506  2860  3121 E A       : 	at com.google.android.libraries.i.n.run(PG:4)
11-11 15:27:01.506  2860  3121 E A       : 	at java.lang.Thread.run(Thread.java:764)
11-11 15:27:01.510  2632  2632 W GCM     : broadcast intent callback: result=CANCELLED forIntent { act=com.google.android.c2dm.intent.RECEIVE pkg=com.google.android.googlequicksearchbox (has extras) }
11-11 15:27:01.536  3072  4507 I cr_CronetUrlRequestContext: destroyNativeStreamLocked org.chromium.net.impl.CronetBidirectionalStream@78732e7
11-11 15:27:01.580  3072 10812 I MdiSyncModule: Task '3 PERIODIC (3_PERIODIC)' finished with result '0'!
11-11 15:27:01.583  2632  9669 I NetworkScheduler.Stats: Task com.google.android.gms/com.google.android.gms.mdisync.service.MdiSyncBackgroundTaskService finished executing. cause:3 result: 1 elapsed_millis: 329 uptime_millis: 329 exec_start_elapsed_seconds: 2353 [CONTEXT service_id=218 ]
11-11 15:27:01.586  2860  2860 V ClearcutMetricXmitter: Transmission is done.
11-11 15:27:01.621  1720  1923 D BatteryService: uevent={POWER_SUPPLY_VOLTAGE_NOW=4327672, POWER_SUPPLY_CHARGE_RATE=Normal, POWER_SUPPLY_HEALTH=Good, POWER_SUPPLY_CURRENT_NOW=152, POWER_SUPPLY_PRESENT=1, SUBSYSTEM=power_supply, POWER_SUPPLY_TEMP=255, SEQNUM=4077, ACTION=change, POWER_SUPPLY_NAME=battery, POWER_SUPPLY_STATUS=Full, POWER_SUPPLY_CHARGE_COUNTER=2772067, POWER_SUPPLY_CAPACITY=100, DEVPATH=/devices/soc/qpnp-smbcharger-17/power_supply/battery}
11-11 15:27:01.588  2860  2860 V ClearcutMetricXmitter: Transmission is done.
11-11 15:27:06.486  2860  2860 I BgTaskExecutorImpl: Starting EXCLUSIVE background task CHIME_NOTIFICATION_ACTION_UPLOADER.
11-11 15:27:06.587  1720 11010 I WifiService: getWifiEnabledState uid=10072
11-11 15:27:06.629  1031  1276 D NetdFwmarkServer: Cmd 2: 100, 10072: UserP=3, fwmark=F0064
11-11 15:27:06.629  1031  1276 D NetdFwmarkServer: Cmd 1: 0, 10072: UserP=3, fwmark=F0064
11-11 15:27:06.629  1031  1276 D NetdFwmarkServer: Cmd 6: 0, 10072: UserP=3, fwmark=F0064
11-11 15:27:10.556  1720  2105 D WifiNative-wlan0: Scan issued for specific freq..
11-11 15:27:10.657  1720  6502 D WificondControl: Scan result ready event
11-11 15:27:12.155  1720  1923 D BatteryService: uevent={POWER_SUPPLY_VOLTAGE_NOW=4327672, POWER_SUPPLY_CHARGE_RATE=Normal, POWER_SUPPLY_HEALTH=Good, POWER_SUPPLY_CURRENT_NOW=152, POWER_SUPPLY_PRESENT=1, SUBSYSTEM=power_supply, POWER_SUPPLY_TEMP=255, SEQNUM=4078, ACTION=change, POWER_SUPPLY_NAME=battery, POWER_SUPPLY_STATUS=Full, POWER_SUPPLY_CHARGE_COUNTER=2772063, POWER_SUPPLY_CAPACITY=100, DEVPATH=/devices/soc/qpnp-smbcharger-17/power_supply/battery}
11-11 15:27:12.161  2393  2393 D QtiCarrierConfigHelper: WARNING, no carrier configs on phone Id: 0
11-11 15:27:41.445  1720  1923 D BatteryService: uevent={POWER_SUPPLY_VOLTAGE_NOW=4327367, POWER_SUPPLY_CHARGE_RATE=Normal, POWER_SUPPLY_HEALTH=Good, POWER_SUPPLY_CURRENT_NOW=152, POWER_SUPPLY_PRESENT=1, SUBSYSTEM=power_supply, POWER_SUPPLY_TEMP=255, SEQNUM=4081, ACTION=change, POWER_SUPPLY_NAME=battery, POWER_SUPPLY_STATUS=Full, POWER_SUPPLY_CHARGE_COUNTER=2772063, POWER_SUPPLY_CAPACITY=100, DEVPATH=/devices/soc/qpnp-smbcharger-17/power_supply/battery}
11-11 15:28:12.315  1720  1923 D BatteryService: uevent={POWER_SUPPLY_VOLTAGE_NOW=4327367, POWER_SUPPLY_CHARGE_RATE=Normal, POWER_SUPPLY_HEALTH=Good, POWER_SUPPLY_CURRENT_NOW=152, POWER_SUPPLY_PRESENT=1, SUBSYSTEM=power_supply, POWER_SUPPLY_TEMP=255, SEQNUM=4083, ACTION=change, POWER_SUPPLY_NAME=battery, POWER_SUPPLY_STATUS=Full, POWER_SUPPLY_CHARGE_COUNTER=2772063, POWER_SUPPLY_CAPACITY=100, DEVPATH=/devices/soc/qpnp-smbcharger-17/power_supply/battery}
11-11 15:28:21.912  1720  1923 D BatteryService: uevent={POWER_SUPPLY_VOLTAGE_NOW=4327367, POWER_SUPPLY_CHARGE_RATE=Normal, POWER_SUPPLY_HEALTH=Good, POWER_SUPPLY_CURRENT_NOW=152, POWER_SUPPLY_PRESENT=1, SUBSYSTEM=power_supply, POWER_SUPPLY_TEMP=255, SEQNUM=4084, ACTION=change, POWER_SUPPLY_NAME=battery, POWER_SUPPLY_STATUS=Full, POWER_SUPPLY_CHARGE_COUNTER=2772063, POWER_SUPPLY_CAPACITY=100, DEVPATH=/devices/soc/qpnp-smbcharger-17/power_supply/battery}
11-11 15:28:30.558  1720  2105 D WifiNative-wlan0: Scan issued for specific freq..
11-11 15:28:33.364  1720  5271 D WificondControl: Scan result ready event
11-11 15:28:33.390  1720  5271 D WifiPermissionsUtil: Denied: no location permission
11-11 15:28:57.989  1720  1806 I WifiService: requestActivityInfo uid=1000
11-11 15:28:57.989  1720  1806 I WifiService: reportActivityInfo uid=1000
11-11 15:28:57.989  1720  1806 I WifiService: getSupportedFeatures uid=1000
11-11 15:28:57.992  1720  5271 E LightsService: Light requested not available on this device. 3
11-11 15:28:57.992  2393  2393 D QtiCarrierConfigHelper: WARNING, no carrier configs on phone Id: 0
11-11 15:28:58.051  1720  1806 E BatteryExternalStatsWorker: no controller energy info supplied for bluetooth
11-11 15:28:58.083  1720  1806 E BatteryExternalStatsWorker: modem info is invalid: ModemActivityInfo{ mTimestamp=2469910 mSleepTimeMs=2415600 mIdleTimeMs=-1886743 mTxTimeMs[]=[0, 0, 0, 0, 0] mRxTimeMs=4271 mEnergyUsed=0}
11-11 15:29:03.523  1720  1923 D BatteryService: uevent={POWER_SUPPLY_VOLTAGE_NOW=4327367, POWER_SUPPLY_CHARGE_RATE=Normal, POWER_SUPPLY_HEALTH=Good, POWER_SUPPLY_CURRENT_NOW=152, POWER_SUPPLY_PRESENT=1, SUBSYSTEM=power_supply, POWER_SUPPLY_TEMP=255, SEQNUM=4087, ACTION=change, POWER_SUPPLY_NAME=battery, POWER_SUPPLY_STATUS=Discharging, POWER_SUPPLY_CHARGE_COUNTER=2772063, POWER_SUPPLY_CAPACITY=99, DEVPATH=/devices/soc/qpnp-smbcharger-17/power_supply/battery}
11-11 15:29:12.476  1720  1923 D BatteryService: uevent={POWER_SUPPLY_VOLTAGE_NOW=4327367, POWER_SUPPLY_CHARGE_RATE=Normal, POWER_SUPPLY_HEALTH=Good, POWER_SUPPLY_CURRENT_NOW=152, POWER_SUPPLY_PRESENT=1, SUBSYSTEM=power_supply, POWER_SUPPLY_TEMP=255, SEQNUM=4088, ACTION=change, POWER_SUPPLY_NAME=battery, POWER_SUPPLY_STATUS=Not charging, POWER_SUPPLY_CHARGE_COUNTER=2772063, POWER_SUPPLY_CAPACITY=99, DEVPATH=/devices/soc/qpnp-smbcharger-17/power_supply/battery}
11-11 15:29:12.483  2393  2393 D QtiCarrierConfigHelper: WARNING, no carrier configs on phone Id: 0
11-11 15:29:12.486  1720 11010 E LightsService: Light requested not available on this device. 3
11-11 15:29:12.572  1720  1923 D BatteryService: uevent={POWER_SUPPLY_VOLTAGE_NOW=4327367, POWER_SUPPLY_CHARGE_RATE=Normal, POWER_SUPPLY_HEALTH=Good, POWER_SUPPLY_CURRENT_NOW=152, POWER_SUPPLY_PRESENT=1, SUBSYSTEM=power_supply, POWER_SUPPLY_TEMP=255, SEQNUM=4089, ACTION=change, POWER_SUPPLY_NAME=battery, POWER_SUPPLY_STATUS=Charging, POWER_SUPPLY_CHARGE_COUNTER=2772063, POWER_SUPPLY_CAPACITY=99, DEVPATH=/devices/soc/qpnp-smbcharger-17/power_supply/battery}
11-11 15:29:12.790  1720  1923 D BatteryService: uevent={POWER_SUPPLY_VOLTAGE_NOW=4327367, POWER_SUPPLY_CHARGE_RATE=Normal, POWER_SUPPLY_HEALTH=Good, POWER_SUPPLY_CURRENT_NOW=152, POWER_SUPPLY_PRESENT=1, SUBSYSTEM=power_supply, POWER_SUPPLY_TEMP=255, SEQNUM=4090, ACTION=change, POWER_SUPPLY_NAME=battery, POWER_SUPPLY_STATUS=Charging, POWER_SUPPLY_CHARGE_COUNTER=2772063, POWER_SUPPLY_CAPACITY=99, DEVPATH=/devices/soc/qpnp-smbcharger-17/power_supply/battery}
11-11 15:29:23.303  1720  1802 I UsageStatsService: User[0] Flushing usage stats to disk
11-11 15:29:29.533  3866  3917 I Finsky  : [186] kup.run(3): Stats for Executor: BlockingExecutor kwb@f03155e[Running, pool size = 0, active threads = 0, queued tasks = 0, completed tasks = 561]
11-11 15:29:29.534  3866  3917 I Finsky  : [186] kup.run(3): Stats for Executor: LightweightExecutor kwb@986ed3f[Running, pool size = 4, active threads = 0, queued tasks = 0, completed tasks = 1193]
11-11 15:29:29.944  3866  3917 I Finsky  : [186] kup.run(3): Stats for Executor: bgExecutor kwb@876660c[Running, pool size = 4, active threads = 0, queued tasks = 0, completed tasks = 4479]
11-11 15:29:47.271  1720  1923 D BatteryService: uevent={POWER_SUPPLY_VOLTAGE_NOW=4393284, POWER_SUPPLY_CHARGE_RATE=Normal, POWER_SUPPLY_HEALTH=Good, POWER_SUPPLY_CURRENT_NOW=-133055, POWER_SUPPLY_PRESENT=1, SUBSYSTEM=power_supply, POWER_SUPPLY_TEMP=250, SEQNUM=4093, ACTION=change, POWER_SUPPLY_NAME=battery, POWER_SUPPLY_STATUS=Charging, POWER_SUPPLY_CHARGE_COUNTER=2775587, POWER_SUPPLY_CAPACITY=100, DEVPATH=/devices/soc/qpnp-smbcharger-17/power_supply/battery}
11-11 15:29:47.275  1720  1806 I WifiService: requestActivityInfo uid=1000
11-11 15:29:47.275  1720  1806 I WifiService: reportActivityInfo uid=1000
11-11 15:29:47.275  1720  1806 I WifiService: getSupportedFeatures uid=1000
11-11 15:29:47.278  2393  2393 D QtiCarrierConfigHelper: WARNING, no carrier configs on phone Id: 0
11-11 15:29:47.335  1720  1806 E BatteryExternalStatsWorker: no controller energy info supplied for bluetooth
11-11 15:29:47.365  1720  1806 E BatteryExternalStatsWorker: modem info is invalid: ModemActivityInfo{ mTimestamp=2519193 mSleepTimeMs=2464364 mIdleTimeMs=-2415458 mTxTimeMs[]=[0, 0, 0, 0, 0] mRxTimeMs=377 mEnergyUsed=0}
11-11 15:29:47.410   816   903 I SFPerfTracer:      triggers: (rate: 0:0) (0 sw vsyncs) (0 skipped) (0:1853 vsyncs) (2:2627)
11-11 15:29:47.486  1720  1923 D BatteryService: uevent={POWER_SUPPLY_VOLTAGE_NOW=4393284, POWER_SUPPLY_CHARGE_RATE=Normal, POWER_SUPPLY_HEALTH=Good, POWER_SUPPLY_CURRENT_NOW=-133055, POWER_SUPPLY_PRESENT=1, SUBSYSTEM=power_supply, POWER_SUPPLY_TEMP=250, SEQNUM=4095, ACTION=change, POWER_SUPPLY_NAME=battery, POWER_SUPPLY_STATUS=Charging, POWER_SUPPLY_CHARGE_COUNTER=2775587, POWER_SUPPLY_CAPACITY=100, DEVPATH=/devices/soc/qpnp-smbcharger-17/power_supply/battery}
11-11 15:29:48.952  1720  1923 D BatteryService: uevent={POWER_SUPPLY_VOLTAGE_NOW=4393284, POWER_SUPPLY_CHARGE_RATE=Normal, POWER_SUPPLY_HEALTH=Good, POWER_SUPPLY_CURRENT_NOW=-133055, POWER_SUPPLY_PRESENT=1, SUBSYSTEM=power_supply, POWER_SUPPLY_TEMP=252, SEQNUM=4097, ACTION=change, POWER_SUPPLY_NAME=battery, POWER_SUPPLY_STATUS=Charging, POWER_SUPPLY_CHARGE_COUNTER=2775587, POWER_SUPPLY_CAPACITY=100, DEVPATH=/devices/soc/qpnp-smbcharger-17/power_supply/battery}
11-11 15:29:49.103   816   816 I SFPerfTracer:      triggers: (rate: 3:308) (compose: 0:0) (post: 0:0) (render: 0:0) (1:1613 frames) (2:2211)
11-11 15:29:49.104   816   816 D SFPerfTracer:        layers: (4:5) (NavigationBar#0 (0xade5f000): 0:638) (StatusBar#0 (0xade63000): 2:729) (com.android.systemui.ImageWallpaper#0 (0xade7e000): 0:20) (com.android.launcher3/com.android.launcher3.CustomizationPanelLauncher#0 (0xade79000): 0:5)* (com.android.launcher3/com.android.launcher3.CustomizationPanelLauncher#1 (0xaddd1000): 0:146) 
11-11 15:29:48.960  2393  2393 D QtiCarrierConfigHelper: WARNING, no carrier configs on phone Id: 0
11-11 15:29:50.621  1720  2105 D WifiNative-wlan0: Scan issued for specific freq..
11-11 15:29:51.646  1720  1923 D BatteryService: uevent={POWER_SUPPLY_VOLTAGE_NOW=4393284, POWER_SUPPLY_CHARGE_RATE=Normal, POWER_SUPPLY_HEALTH=Good, POWER_SUPPLY_CURRENT_NOW=-133055, POWER_SUPPLY_PRESENT=1, SUBSYSTEM=power_supply, POWER_SUPPLY_TEMP=252, SEQNUM=4098, ACTION=change, POWER_SUPPLY_NAME=battery, POWER_SUPPLY_STATUS=Charging, POWER_SUPPLY_CHARGE_COUNTER=2775587, POWER_SUPPLY_CAPACITY=100, DEVPATH=/devices/soc/qpnp-smbcharger-17/power_supply/battery}
11-11 15:29:53.329  1720  6502 D WificondControl: Scan result ready event
11-11 15:29:53.355  1720  6502 D WifiPermissionsUtil: Denied: no location permission
11-11 15:29:57.990  2393  2393 D QtiCarrierConfigHelper: WARNING, no carrier configs on phone Id: 0
11-11 15:30:12.423  1720  1923 D BatteryService: uevent={POWER_SUPPLY_VOLTAGE_NOW=4401829, POWER_SUPPLY_CHARGE_RATE=Normal, POWER_SUPPLY_HEALTH=Good, POWER_SUPPLY_CURRENT_NOW=-3662, POWER_SUPPLY_PRESENT=1, SUBSYSTEM=power_supply, POWER_SUPPLY_TEMP=255, SEQNUM=4102, ACTION=change, POWER_SUPPLY_NAME=battery, POWER_SUPPLY_STATUS=Charging, POWER_SUPPLY_CHARGE_COUNTER=2775233, POWER_SUPPLY_CAPACITY=100, DEVPATH=/devices/soc/qpnp-smbcharger-17/power_supply/battery}
11-11 15:30:12.635  1720  1923 D BatteryService: uevent={POWER_SUPPLY_VOLTAGE_NOW=4401829, POWER_SUPPLY_CHARGE_RATE=Normal, POWER_SUPPLY_HEALTH=Good, POWER_SUPPLY_CURRENT_NOW=-3662, POWER_SUPPLY_PRESENT=1, SUBSYSTEM=power_supply, POWER_SUPPLY_TEMP=255, SEQNUM=4103, ACTION=change, POWER_SUPPLY_NAME=battery, POWER_SUPPLY_STATUS=Charging, POWER_SUPPLY_CHARGE_COUNTER=2775250, POWER_SUPPLY_CAPACITY=100, DEVPATH=/devices/soc/qpnp-smbcharger-17/power_supply/battery}
11-11 15:30:22.683  1720  1923 D BatteryService: uevent={POWER_SUPPLY_VOLTAGE_NOW=4401829, POWER_SUPPLY_CHARGE_RATE=Normal, POWER_SUPPLY_HEALTH=Good, POWER_SUPPLY_CURRENT_NOW=-3814, POWER_SUPPLY_PRESENT=1, SUBSYSTEM=power_supply, POWER_SUPPLY_TEMP=252, SEQNUM=4104, ACTION=change, POWER_SUPPLY_NAME=battery, POWER_SUPPLY_STATUS=Charging, POWER_SUPPLY_CHARGE_COUNTER=2775260, POWER_SUPPLY_CAPACITY=100, DEVPATH=/devices/soc/qpnp-smbcharger-17/power_supply/battery}
11-11 15:30:31.964  1720  1923 D BatteryService: uevent={POWER_SUPPLY_VOLTAGE_NOW=4401829, POWER_SUPPLY_CHARGE_RATE=Normal, POWER_SUPPLY_HEALTH=Good, POWER_SUPPLY_CURRENT_NOW=-3662, POWER_SUPPLY_PRESENT=1, SUBSYSTEM=power_supply, POWER_SUPPLY_TEMP=250, SEQNUM=4105, ACTION=change, POWER_SUPPLY_NAME=battery, POWER_SUPPLY_STATUS=Charging, POWER_SUPPLY_CHARGE_COUNTER=2775265, POWER_SUPPLY_CAPACITY=100, DEVPATH=/devices/soc/qpnp-smbcharger-17/power_supply/battery}
11-11 15:30:32.689  1720  1923 D BatteryService: uevent={POWER_SUPPLY_VOLTAGE_NOW=4402134, POWER_SUPPLY_CHARGE_RATE=Normal, POWER_SUPPLY_HEALTH=Good, POWER_SUPPLY_CURRENT_NOW=-3662, POWER_SUPPLY_PRESENT=1, SUBSYSTEM=power_supply, POWER_SUPPLY_TEMP=250, SEQNUM=4106, ACTION=change, POWER_SUPPLY_NAME=battery, POWER_SUPPLY_STATUS=Full, POWER_SUPPLY_CHARGE_COUNTER=2775269, POWER_SUPPLY_CAPACITY=100, DEVPATH=/devices/soc/qpnp-smbcharger-17/power_supply/battery}
11-11 15:30:32.694  1720  1923 D BatteryService: uevent={POWER_SUPPLY_VOLTAGE_NOW=4402134, POWER_SUPPLY_CHARGE_RATE=Normal, POWER_SUPPLY_HEALTH=Good, POWER_SUPPLY_CURRENT_NOW=-3662, POWER_SUPPLY_PRESENT=1, SUBSYSTEM=power_supply, POWER_SUPPLY_TEMP=250, SEQNUM=4107, ACTION=change, POWER_SUPPLY_NAME=battery, POWER_SUPPLY_STATUS=Full, POWER_SUPPLY_CHARGE_COUNTER=2775269, POWER_SUPPLY_CAPACITY=100, DEVPATH=/devices/soc/qpnp-smbcharger-17/power_supply/battery}
11-11 15:30:32.698  2393  2393 I chatty  : uid=1001(radio) com.android.phone identical 5 lines
11-11 15:30:57.989  2393  2393 D QtiCarrierConfigHelper: WARNING, no carrier configs on phone Id: 0
11-11 15:31:10.624  1720  2105 D WifiNative-wlan0: Scan issued for specific freq..
11-11 15:31:13.458  1720  6502 D WificondControl: Scan result ready event
11-11 15:31:13.488  1720  6502 D WifiPermissionsUtil: Denied: no location permission
11-11 15:31:13.581  1720  1923 D BatteryService: uevent={POWER_SUPPLY_VOLTAGE_NOW=4329503, POWER_SUPPLY_CHARGE_RATE=Normal, POWER_SUPPLY_HEALTH=Good, POWER_SUPPLY_CURRENT_NOW=152, POWER_SUPPLY_PRESENT=1, SUBSYSTEM=power_supply, POWER_SUPPLY_TEMP=255, SEQNUM=4109, ACTION=change, POWER_SUPPLY_NAME=battery, POWER_SUPPLY_STATUS=Full, POWER_SUPPLY_CHARGE_COUNTER=2775269, POWER_SUPPLY_CAPACITY=100, DEVPATH=/devices/soc/qpnp-smbcharger-17/power_supply/battery}
11-11 15:31:32.848  1720  1923 D BatteryService: uevent={POWER_SUPPLY_VOLTAGE_NOW=4329198, POWER_SUPPLY_CHARGE_RATE=Normal, POWER_SUPPLY_HEALTH=Good, POWER_SUPPLY_CURRENT_NOW=152, POWER_SUPPLY_PRESENT=1, SUBSYSTEM=power_supply, POWER_SUPPLY_TEMP=255, SEQNUM=4111, ACTION=change, POWER_SUPPLY_NAME=battery, POWER_SUPPLY_STATUS=Full, POWER_SUPPLY_CHARGE_COUNTER=2775269, POWER_SUPPLY_CAPACITY=100, DEVPATH=/devices/soc/qpnp-smbcharger-17/power_supply/battery}
11-11 15:31:55.197  1720  1923 D BatteryService: uevent={POWER_SUPPLY_VOLTAGE_NOW=4329198, POWER_SUPPLY_CHARGE_RATE=Normal, POWER_SUPPLY_HEALTH=Good, POWER_SUPPLY_CURRENT_NOW=152, POWER_SUPPLY_PRESENT=1, SUBSYSTEM=power_supply, POWER_SUPPLY_TEMP=255, SEQNUM=4112, ACTION=change, POWER_SUPPLY_NAME=battery, POWER_SUPPLY_STATUS=Full, POWER_SUPPLY_CHARGE_COUNTER=2775269, POWER_SUPPLY_CAPACITY=100, DEVPATH=/devices/soc/qpnp-smbcharger-17/power_supply/battery}
11-11 15:31:57.989  2393  2393 D QtiCarrierConfigHelper: WARNING, no carrier configs on phone Id: 0
11-11 15:32:00.130  2194  2217 I zygote  : Background concurrent copying GC freed 108143(4MB) AllocSpace objects, 0(0B) LOS objects, 49% free, 4MB/9MB, paused 205us total 107.961ms
11-11 15:32:30.629  1720  2105 D WifiNative-wlan0: Scan issued for specific freq..
11-11 15:32:33.009  1720  1923 D BatteryService: uevent={POWER_SUPPLY_VOLTAGE_NOW=4328588, POWER_SUPPLY_CHARGE_RATE=Normal, POWER_SUPPLY_HEALTH=Good, POWER_SUPPLY_CURRENT_NOW=152, POWER_SUPPLY_PRESENT=1, SUBSYSTEM=power_supply, POWER_SUPPLY_TEMP=255, SEQNUM=4115, ACTION=change, POWER_SUPPLY_NAME=battery, POWER_SUPPLY_STATUS=Full, POWER_SUPPLY_CHARGE_COUNTER=2775269, POWER_SUPPLY_CAPACITY=100, DEVPATH=/devices/soc/qpnp-smbcharger-17/power_supply/battery}
11-11 15:32:33.495  1720  2417 D WificondControl: Scan result ready event
11-11 15:32:33.529  1720  2417 D WifiPermissionsUtil: Denied: no location permission
11-11 15:32:36.809  1720  1923 D BatteryService: uevent={POWER_SUPPLY_VOLTAGE_NOW=4328588, POWER_SUPPLY_CHARGE_RATE=Normal, POWER_SUPPLY_HEALTH=Good, POWER_SUPPLY_CURRENT_NOW=152, POWER_SUPPLY_PRESENT=1, SUBSYSTEM=power_supply, POWER_SUPPLY_TEMP=255, SEQNUM=4116, ACTION=change, POWER_SUPPLY_NAME=battery, POWER_SUPPLY_STATUS=Full, POWER_SUPPLY_CHARGE_COUNTER=2775269, POWER_SUPPLY_CAPACITY=100, DEVPATH=/devices/soc/qpnp-smbcharger-17/power_supply/battery}
11-11 15:33:18.421  1720  1923 D BatteryService: uevent={POWER_SUPPLY_VOLTAGE_NOW=4328588, POWER_SUPPLY_CHARGE_RATE=Normal, POWER_SUPPLY_HEALTH=Good, POWER_SUPPLY_CURRENT_NOW=152, POWER_SUPPLY_PRESENT=1, SUBSYSTEM=power_supply, POWER_SUPPLY_TEMP=255, SEQNUM=4117, ACTION=change, POWER_SUPPLY_NAME=battery, POWER_SUPPLY_STATUS=Full, POWER_SUPPLY_CHARGE_COUNTER=2775269, POWER_SUPPLY_CAPACITY=100, DEVPATH=/devices/soc/qpnp-smbcharger-17/power_supply/battery}
11-11 15:33:33.169  1720  1923 D BatteryService: uevent={POWER_SUPPLY_VOLTAGE_NOW=4328435, POWER_SUPPLY_CHARGE_RATE=Normal, POWER_SUPPLY_HEALTH=Good, POWER_SUPPLY_CURRENT_NOW=152, POWER_SUPPLY_PRESENT=1, SUBSYSTEM=power_supply, POWER_SUPPLY_TEMP=255, SEQNUM=4118, ACTION=change, POWER_SUPPLY_NAME=battery, POWER_SUPPLY_STATUS=Full, POWER_SUPPLY_CHARGE_COUNTER=2775269, POWER_SUPPLY_CAPACITY=100, DEVPATH=/devices/soc/qpnp-smbcharger-17/power_supply/battery}
11-11 15:33:50.631  1720  2105 D WifiNative-wlan0: Scan issued for specific freq..
11-11 15:33:53.448  1720  6502 D WificondControl: Scan result ready event
11-11 15:33:53.478  1720  6502 D WifiPermissionsUtil: Denied: no location permission
11-11 15:34:00.029  1720  1923 D BatteryService: uevent={POWER_SUPPLY_VOLTAGE_NOW=4328282, POWER_SUPPLY_CHARGE_RATE=Normal, POWER_SUPPLY_HEALTH=Good, POWER_SUPPLY_CURRENT_NOW=152, POWER_SUPPLY_PRESENT=1, SUBSYSTEM=power_supply, POWER_SUPPLY_TEMP=255, SEQNUM=4119, ACTION=change, POWER_SUPPLY_NAME=battery, POWER_SUPPLY_STATUS=Full, POWER_SUPPLY_CHARGE_COUNTER=2775269, POWER_SUPPLY_CAPACITY=100, DEVPATH=/devices/soc/qpnp-smbcharger-17/power_supply/battery}
11-11 15:34:33.328  1720  1923 D BatteryService: uevent={POWER_SUPPLY_VOLTAGE_NOW=4328282, POWER_SUPPLY_CHARGE_RATE=Normal, POWER_SUPPLY_HEALTH=Good, POWER_SUPPLY_CURRENT_NOW=152, POWER_SUPPLY_PRESENT=1, SUBSYSTEM=power_supply, POWER_SUPPLY_TEMP=255, SEQNUM=4122, ACTION=change, POWER_SUPPLY_NAME=battery, POWER_SUPPLY_STATUS=Full, POWER_SUPPLY_CHARGE_COUNTER=2775269, POWER_SUPPLY_CAPACITY=100, DEVPATH=/devices/soc/qpnp-smbcharger-17/power_supply/battery}
11-11 15:34:41.642  1720  1923 D BatteryService: uevent={POWER_SUPPLY_VOLTAGE_NOW=4328282, POWER_SUPPLY_CHARGE_RATE=Normal, POWER_SUPPLY_HEALTH=Good, POWER_SUPPLY_CURRENT_NOW=152, POWER_SUPPLY_PRESENT=1, SUBSYSTEM=power_supply, POWER_SUPPLY_TEMP=255, SEQNUM=4123, ACTION=change, POWER_SUPPLY_NAME=battery, POWER_SUPPLY_STATUS=Full, POWER_SUPPLY_CHARGE_COUNTER=2775269, POWER_SUPPLY_CAPACITY=100, DEVPATH=/devices/soc/qpnp-smbcharger-17/power_supply/battery}
11-11 15:35:10.633  1720  2105 D WifiNative-wlan0: Scan issued for specific freq..
11-11 15:35:13.562  1720  5271 D WificondControl: Scan result ready event
11-11 15:35:13.587  1720  5271 D WifiPermissionsUtil: Denied: no location permission
11-11 15:35:13.600  1720  2091 E PasspointManager: passpoint is not enabled in this build, dont request ANQP elements
11-11 15:35:23.259  1720  1923 D BatteryService: uevent={POWER_SUPPLY_VOLTAGE_NOW=4328282, POWER_SUPPLY_CHARGE_RATE=Normal, POWER_SUPPLY_HEALTH=Good, POWER_SUPPLY_CURRENT_NOW=152, POWER_SUPPLY_PRESENT=1, SUBSYSTEM=power_supply, POWER_SUPPLY_TEMP=255, SEQNUM=4124, ACTION=change, POWER_SUPPLY_NAME=battery, POWER_SUPPLY_STATUS=Full, POWER_SUPPLY_CHARGE_COUNTER=2775269, POWER_SUPPLY_CAPACITY=100, DEVPATH=/devices/soc/qpnp-smbcharger-17/power_supply/battery}
11-11 15:35:33.489  1720  1923 D BatteryService: uevent={POWER_SUPPLY_VOLTAGE_NOW=4328282, POWER_SUPPLY_CHARGE_RATE=Normal, POWER_SUPPLY_HEALTH=Good, POWER_SUPPLY_CURRENT_NOW=152, POWER_SUPPLY_PRESENT=1, SUBSYSTEM=power_supply, POWER_SUPPLY_TEMP=255, SEQNUM=4125, ACTION=change, POWER_SUPPLY_NAME=battery, POWER_SUPPLY_STATUS=Full, POWER_SUPPLY_CHARGE_COUNTER=2775269, POWER_SUPPLY_CAPACITY=100, DEVPATH=/devices/soc/qpnp-smbcharger-17/power_supply/battery}
11-11 15:36:04.875  1720  1923 D BatteryService: uevent={POWER_SUPPLY_VOLTAGE_NOW=4327977, POWER_SUPPLY_CHARGE_RATE=Normal, POWER_SUPPLY_HEALTH=Good, POWER_SUPPLY_CURRENT_NOW=152, POWER_SUPPLY_PRESENT=1, SUBSYSTEM=power_supply, POWER_SUPPLY_TEMP=255, SEQNUM=4126, ACTION=change, POWER_SUPPLY_NAME=battery, POWER_SUPPLY_STATUS=Full, POWER_SUPPLY_CHARGE_COUNTER=2775269, POWER_SUPPLY_CAPACITY=100, DEVPATH=/devices/soc/qpnp-smbcharger-17/power_supply/battery}
11-11 15:36:04.881  2393  2393 D QtiCarrierConfigHelper: WARNING, no carrier configs on phone Id: 0
11-11 15:36:30.638  1720  2105 D WifiNative-wlan0: Scan issued for specific freq..
11-11 15:36:33.543  1720  2417 D WificondControl: Scan result ready event
11-11 15:36:33.565  1720  2417 D WifiPermissionsUtil: Denied: no location permission
11-11 15:36:33.648  1720  1923 D BatteryService: uevent={POWER_SUPPLY_VOLTAGE_NOW=4327977, POWER_SUPPLY_CHARGE_RATE=Normal, POWER_SUPPLY_HEALTH=Good, POWER_SUPPLY_CURRENT_NOW=152, POWER_SUPPLY_PRESENT=1, SUBSYSTEM=power_supply, POWER_SUPPLY_TEMP=255, SEQNUM=4129, ACTION=change, POWER_SUPPLY_NAME=battery, POWER_SUPPLY_STATUS=Full, POWER_SUPPLY_CHARGE_COUNTER=2775269, POWER_SUPPLY_CAPACITY=100, DEVPATH=/devices/soc/qpnp-smbcharger-17/power_supply/battery}
11-11 15:36:46.486  1720  1923 D BatteryService: uevent={POWER_SUPPLY_VOLTAGE_NOW=4327977, POWER_SUPPLY_CHARGE_RATE=Normal, POWER_SUPPLY_HEALTH=Good, POWER_SUPPLY_CURRENT_NOW=152, POWER_SUPPLY_PRESENT=1, SUBSYSTEM=power_supply, POWER_SUPPLY_TEMP=255, SEQNUM=4130, ACTION=change, POWER_SUPPLY_NAME=battery, POWER_SUPPLY_STATUS=Full, POWER_SUPPLY_CHARGE_COUNTER=2775269, POWER_SUPPLY_CAPACITY=100, DEVPATH=/devices/soc/qpnp-smbcharger-17/power_supply/battery}
11-11 15:36:58.620 11056 11056 D AndroidRuntime: >>>>>> START com.android.internal.os.RuntimeInit uid 2000 <<<<<<
11-11 15:36:58.640 11056 11056 W app_process: Could not reserve sentinel fault page
11-11 15:36:58.809 11056 11056 I app_process: The ClassLoaderContext is a special shared library.
11-11 15:36:58.879 11056 11056 D AndroidRuntime: Calling main entry com.android.commands.pm.Pm
11-11 15:36:58.892 11065 11065 E asset   : setgid: Operation not permitted
11-11 15:36:59.142  3866  3866 I Finsky  : [2] adzl.c(7): Install-time verification requested for package com.example.benchmark.ui, id = 16
11-11 15:36:59.150  3866  3866 E Finsky  : [2] VerifyPerSourceInstallationConsentInstallTask.d(2): Package name null is not an installed package
11-11 15:36:59.157  3866 11068 I Finsky  : [500] aear.a(7): Single user settings service is not running, bind it now
11-11 15:36:59.164  3866  3866 I Finsky  : [2] aeaq.onServiceConnected(1): Single user settings service is connected
11-11 15:36:59.172  3866 11068 W Settings: Setting install_non_market_apps has moved from android.provider.Settings.Global to android.provider.Settings.Secure, returning read-only value.
11-11 15:36:59.424  3866 11068 I Finsky  : [500] lll.b(3): Task 7 requested foreground
11-11 15:36:59.425  3866 11068 I Finsky  : [500] lll.b(8): Not entering foreground
11-11 15:37:02.017  3866 11073 I Finsky  : [503] aeeo.c(3): Verify: Verification package=com.example.benchmark.ui, id=16 response=0
11-11 15:37:02.047  3866 11068 I Finsky  : [500] VerifyPerSourceInstallationConsentInstallTask.my(2): PSIC verification started with installer uid: 2000 package name: null, originating uid: -1
11-11 15:37:02.052  3866  3866 I Finsky  : [2] VerifyInstallTask.j(1): Returning package verification result id=16, result=1
11-11 15:37:02.372  1720  1818 I PackageManager.DexOptimizer: Running dexopt (dexoptNeeded=1) on: /data/app/com.example.benchmark.ui-DRrRyynxP-6x5Higm0D18Q==/base.apk pkg=com.example.benchmark.ui isa=arm dexoptFlags=boot_complete,public target-filter=quicken oatDir=/data/app/com.example.benchmark.ui-DRrRyynxP-6x5Higm0D18Q==/oat sharedLibraries=PCL[]
11-11 15:37:02.423 11075 11075 I dex2oat : /system/bin/dex2oat --input-vdex-fd=-1 --output-vdex-fd=11 --compiler-filter=quicken --classpath-dir=/data/app/com.example.benchmark.ui-DRrRyynxP-6x5Higm0D18Q== --class-loader-context=PCL[]
11-11 15:37:02.430 11075 11075 W dex2oat : Could not reserve sentinel fault page
11-11 15:37:02.455  1720  1734 I zygote  : Background concurrent copying GC freed 275125(10MB) AllocSpace objects, 42(1828KB) LOS objects, 42% free, 17MB/29MB, paused 272us total 231.389ms
11-11 15:37:03.310  1720  1923 D BatteryService: uevent={POWER_SUPPLY_VOLTAGE_NOW=4327977, POWER_SUPPLY_CHARGE_RATE=Normal, POWER_SUPPLY_HEALTH=Good, POWER_SUPPLY_CURRENT_NOW=152, POWER_SUPPLY_PRESENT=1, SUBSYSTEM=power_supply, POWER_SUPPLY_TEMP=255, SEQNUM=4132, ACTION=change, POWER_SUPPLY_NAME=battery, POWER_SUPPLY_STATUS=Full, POWER_SUPPLY_CHARGE_COUNTER=2775269, POWER_SUPPLY_CAPACITY=100, DEVPATH=/devices/soc/qpnp-smbcharger-17/power_supply/battery}
11-11 15:37:04.413 11075 11075 I dex2oat : dex2oat took 1.992s (7.584s cpu) (threads: 8) arena alloc=9KB (9248B) java alloc=2MB (2635856B) native alloc=4MB (4959184B) free=1813KB (1856560B)
11-11 15:37:04.431  1720  1818 V BackupManagerService: restoreAtInstall pkg=com.example.benchmark.ui token=11 restoreSet=0
11-11 15:37:04.431  1720  1818 V BackupManagerService: Finishing install immediately
11-11 15:37:04.435  1025  1892 E         : Couldn't opendir /data/app/vmdl2017085737.tmp: No such file or directory
11-11 15:37:04.435  1025  1892 E installd: Failed to delete /data/app/vmdl2017085737.tmp: No such file or directory
11-11 15:37:04.439 11056 11056 I Pm      : Package com.example.benchmark.ui installed in 5554 ms
11-11 15:37:04.441  1720  5271 D PackageInstaller: Ignoring abandon after commit relinquished control
11-11 15:37:04.444 11056 11056 I app_process: System.exit called, status: 0
11-11 15:37:04.444 11056 11056 I AndroidRuntime: VM exiting with result code 0.
11-11 15:37:04.451  2393  2393 D ImsResolver: maybeAddedImsService, packageName: com.example.benchmark.ui
11-11 15:37:04.452  2384  2384 D MayaFrameworkProxyService: receive intent :Intent { act=android.intent.action.PACKAGE_ADDED dat=package:com.example.benchmark.ui flg=0x4000010 (has extras) }
11-11 15:37:04.453  2652  2652 I GsaVoiceInteractionSrv: O received Intent { act=android.intent.action.PACKAGE_ADDED dat=package:com.example.benchmark.ui flg=0x4000010 (has extras) }
11-11 15:37:04.458  3866  3866 I Finsky  : [2] srb.i(0): PackageMonitorReceiverImpl - Received: android.intent.action.PACKAGE_ADDED, [JF20n1J35jRbh7IQmwRe7qqQrIzrjGooDojaNyCHwQ8]
11-11 15:37:04.458  1720  5271 W BroadcastQueue: Background execution not allowed: receiving Intent { act=android.intent.action.PACKAGE_ADDED dat=package:com.example.benchmark.ui flg=0x4000010 (has extras) } to com.android.vending/com.google.android.finsky.packagemanager.impl.PackageMonitorReceiverImpl$RegisteredReceiver
11-11 15:37:04.459  3866  3866 I Finsky  : [2] srz.n(8): Invalidating cached PackageState for com.example.benchmark.ui
11-11 15:37:04.465  1720  1803 W BroadcastQueue: Background execution not allowed: receiving Intent { act=android.intent.action.PACKAGE_ADDED dat=package:com.example.benchmark.ui flg=0x4000010 (has extras) } to com.google.android.gms/.games.chimera.GamesSystemBroadcastReceiverProxy
11-11 15:37:04.475  1720  1803 W BroadcastQueue: Background execution not allowed: receiving Intent { act=android.intent.action.PACKAGE_ADDED dat=package:com.example.benchmark.ui flg=0x4000010 (has extras) } to com.google.android.gms/.gass.chimera.PackageChangeBroadcastReceiver
11-11 15:37:04.479  1720  1803 W BroadcastQueue: Background execution not allowed: receiving Intent { act=android.intent.action.PACKAGE_ADDED dat=package:com.example.benchmark.ui flg=0x4000010 (has extras) } to com.google.android.gms/.chimera.GmsIntentOperationService$PersistentTrustedReceiver
11-11 15:37:04.482  1720  1803 W BroadcastQueue: Background execution not allowed: receiving Intent { act=android.intent.action.PACKAGE_ADDED dat=package:com.example.benchmark.ui flg=0x4000010 (has extras) } to com.google.android.googlequicksearchbox/com.google.android.apps.gsa.googlequicksearchbox.GelStubAppWatcher
11-11 15:37:04.483  1720  2002 I InputReader: Reconfiguring input devices.  changes=0x00000010
11-11 15:37:04.484  1720  1720 W ResourceType: ResTable_typeSpec entry count inconsistent: given 67, previously 69
11-11 15:37:04.488  1720  1803 W BroadcastQueue: Background execution not allowed: receiving Intent { act=android.intent.action.PACKAGE_ADDED dat=package:com.example.benchmark.ui flg=0x4000010 (has extras) } to com.google.android.ims/.receivers.RcsAutoStartReceiver
11-11 15:37:04.493  1720  1720 W ResourceType: ResTable_typeSpec entry count inconsistent: given 12, previously 14
11-11 15:37:04.494  1720  1720 W ResourceType: ResTable_typeSpec entry count inconsistent: given 965, previously 973
11-11 15:37:04.494  1720  1720 W ResourceType: ResTable_typeSpec entry count inconsistent: given 499, previously 1726
11-11 15:37:04.494  1720  1720 W ResourceType: ResTable_typeSpec entry count inconsistent: given 314, previously 1985
11-11 15:37:04.502  3866 11086 I Finsky  : [504] ezx.run(5): Wrote row to frosting DB: 6438
11-11 15:37:04.502  3866  3866 I Finsky  : [2] xin.a(8): Clearing split related stale data.
11-11 15:37:04.504  1720  1720 W ResourceType: ResTable_typeSpec entry count inconsistent: given 85, previously 89
11-11 15:37:04.504  1720  1720 W ResourceType: ResTable_typeSpec entry count inconsistent: given 1645, previously 3015
11-11 15:37:04.506  1720  1720 W ResourceType: ResTable_typeSpec entry count inconsistent: given 3023, previously 3015
11-11 15:37:04.506  1720  1720 W ResourceType: ResTable_typeSpec entry count inconsistent: given 1963, previously 5553
11-11 15:37:04.506  1720  1720 W ResourceType: ResTable_typeSpec entry count inconsistent: given 465, previously 3050
11-11 15:37:04.509  1720  1720 W ResourceType: For resource 0x7f150f3d, entry index(3901) is beyond type entryCount(1963)
11-11 15:37:04.509  1720  1720 W ResourceType: For resource 0x7f08099a, entry index(2458) is beyond type entryCount(1645)
11-11 15:37:04.510  1720  1720 W ResourceType: For resource 0x7f15081d, entry index(2077) is beyond type entryCount(1963)
11-11 15:37:04.510  1720  1720 W ResourceType: For resource 0x7f08099a, entry index(2458) is beyond type entryCount(1645)
11-11 15:37:04.511  1720  1720 W ResourceType: For resource 0x7f150a78, entry index(2680) is beyond type entryCount(1963)
11-11 15:37:04.511  1720  1720 W ResourceType: For resource 0x7f08099a, entry index(2458) is beyond type entryCount(1645)
11-11 15:37:04.518  3866 11092 I Finsky  : [509] gky.accept(26): Asset module storage cleared for package com.example.benchmark.ui.
11-11 15:37:04.519  3866  3866 I Finsky  : [2] afbn.c(3): Do not start WearSupportService due to Wear service optimization
11-11 15:37:04.524  3866  3972 I Finsky  : [201] fws.a(5): AIM: AppInfoManager-Perf > OnDeviceAppInfo > cacheHitCount=0, cacheMissCount=1. Missed  in cache (limit 10) : [com.example.benchmark.ui]
11-11 15:37:04.534  3866  3973 I Finsky  : [202] fws.a(5): AIM: AppInfoManager-Perf > OnDeviceAppInfo > cacheHitCount=0, cacheMissCount=1. Missed  in cache (limit 10) : [com.example.benchmark.ui]
11-11 15:37:04.536  1720  1720 W ResourceType: ResTable_typeSpec entry count inconsistent: given 15, previously 26
11-11 15:37:04.537  1720  1720 W ResourceType: ResTable_typeSpec entry count inconsistent: given 763, previously 1740
11-11 15:37:04.537  1720  1720 W ResourceType: ResTable_typeSpec entry count inconsistent: given 1307, previously 1306
11-11 15:37:04.537  1720  1720 W ResourceType: ResTable_typeSpec entry count inconsistent: given 348, previously 2447
11-11 15:37:04.549  3866 11086 I Finsky  : [504] ezx.run(5): Wrote row to frosting DB: 6439
11-11 15:37:04.556  2393  2393 D CarrierSvcBindHelper: No carrier app for: 0
11-11 15:37:04.557  2393  2393 D CarrierSvcBindHelper: No carrier app for: 1
11-11 15:37:04.560  1720  1802 W ResourceType: ResTable_typeSpec entry count inconsistent: given 67, previously 69
11-11 15:37:04.561  1720  1720 W ResourceType: For resource 0x7f15135b, entry index(4955) is beyond type entryCount(1963)
11-11 15:37:04.561  2632 11103 W GCM     : Unexpected forwarded intent: Intent { act=android.intent.action.PACKAGE_ADDED dat=package:com.example.benchmark.ui flg=0x4000010 pkg=com.google.android.gms cmp=com.google.android.gms/.chimera.PersistentIntentOperationService (has extras) }
11-11 15:37:04.562  2632 11098 I FontLog : Package com.example.benchmark.ui has no metadata [CONTEXT service_id=132 ]
11-11 15:37:04.563  1720  1720 W ResourceType: For resource 0x7f15135c, entry index(4956) is beyond type entryCount(1963)
11-11 15:37:04.565  2632 11094 W GCM     : Unexpected forwarded intent: Intent { act=android.intent.action.PACKAGE_ADDED dat=package:com.example.benchmark.ui flg=0x4000010 pkg=com.google.android.gms cmp=com.google.android.gms/.chimera.PersistentIntentOperationService (has extras) }
11-11 15:37:04.566  2393  2393 E VvmPkgInstalledRcvr: cannot create TelephonyManager from ComponentInfo{com.android.phone/com.android.services.telephony.TelephonyConnectionService}, [****], UserHandle{0}
11-11 15:37:04.566  2393  2393 D CarrierConfigLoader: mHandler: 9 phoneId: 0
11-11 15:37:04.568  1720  1802 W ResourceType: ResTable_typeSpec entry count inconsistent: given 2848, previously 2851
